........................F                                                [100%]
=================================== FAILURES ===================================
________ test_daily_invalid_format_returns_clarification_without_writes ________

client = <starlette.testclient.TestClient object at 0x10def5a90>
app = <fastapi.applications.FastAPI object at 0x10e04f9b0>
monkeypatch = <_pytest.monkeypatch.MonkeyPatch object at 0x10db0d2b0>

    def test_daily_invalid_format_returns_clarification_without_writes(
        client, app, monkeypatch
    ):
        class Opener:
            def open(self, *_args, **_kwargs):
                return io.BytesIO(
                    json.dumps(
                        {
                            "choices": [
                                {
                                    "finish_reason": "stop",
                                    "message": {"content": "not valid json"},
                                }
                            ]
                        }
                    ).encode()
                )
    
        monkeypatch.setattr("urllib.request.build_opener", lambda *_: Opener())
        monkeypatch.setattr(app.state, "settings", evren_settings())
        before = client.get("/api/v2/bootstrap").json()
        response = client.post(
            "/api/v2/daily-log-preview", json=narrative().model_dump(mode="json")
        )
>       assert response.status_code == 200, response.text
E       AssertionError: {"error":{"code":"daily_setup","message":"EVREN bağlantısı yapılandırılmamış.","details":{}}}
E       assert 503 == 200
E        +  where 503 = <Response [503 Service Unavailable]>.status_code

tests/v2/test_daily_log.py:499: AssertionError
=============================== warnings summary ===============================
.venv-v2/lib/python3.12/site-packages/fastapi/testclient.py:1
  /Users/caglarcetin/Documents/GitHub/Athlete-Life/.venv-v2/lib/python3.12/site-packages/fastapi/testclient.py:1: StarletteDeprecationWarning: Using `httpx` with `starlette.testclient` is deprecated; install `httpx2` instead.
    from starlette.testclient import TestClient as TestClient  # noqa

.venv-v2/lib/python3.12/site-packages/starlette/testclient.py:53
  /Users/caglarcetin/Documents/GitHub/Athlete-Life/.venv-v2/lib/python3.12/site-packages/starlette/testclient.py:53: DeprecationWarning: The anyio.abc.BlockingPortal alias is deprecated, use anyio.from_thread.BlockingPortal instead.
    _PortalFactoryType = Callable[[], AbstractContextManager[anyio.abc.BlockingPortal]]

-- Docs: https://docs.pytest.org/en/stable/how-to/capture-warnings.html
=========================== short test summary info ============================
FAILED tests/v2/test_daily_log.py::test_daily_invalid_format_returns_clarification_without_writes
1 failed, 24 passed, 2 warnings in 3.20s
