........................................................................ [ 73%]
............F.............                                               [100%]
=================================== FAILURES ===================================
_______ test_revision_additive_fields_read_old_documents_without_rewrite _______

client = <starlette.testclient.TestClient object at 0x110816f00>
app = <fastapi.applications.FastAPI object at 0x110dce360>

    def test_revision_additive_fields_read_old_documents_without_rewrite(client, app):
        from conftest import cmd
        from test_core import write
    
        profile = write(client, cmd("profile.save", experience="regular"))["entity"]
        session = write(client, cmd("session.open", local_date="2026-09-15", title="Synthetic"))["entity"]
>       set_ = write(client, cmd("set.save", session_id=session["id"], movement_id="barbell-squat", name="Squat", reps=10))["entity"]
               ^^^^^^^^^^^^^^^^^^^^^^^^^^^^^^^^^^^^^^^^^^^^^^^^^^^^^^^^^^^^^^^^^^^^^^^^^^^^^^^^^^^^^^^^^^^^^^^^^^^^^^^^^^^^

tests/mongodb/test_domain_parity.py:19: 
_ _ _ _ _ _ _ _ _ _ _ _ _ _ _ _ _ _ _ _ _ _ _ _ _ _ _ _ _ _ _ _ _ _ _ _ _ _ _ _ 

c = <starlette.testclient.TestClient object at 0x110816f00>
command = {'operation_id': '77180de3-64f4-4557-8c5b-1a289b99cb4d', 'entity_id': 'e47ea397-f64a-4699-bc5b-9bf9c184c134', 'expected_version': 0, 'schema_version': 1, ...}

    def write(c, command):
        r = c.post("/api/v2/commands", json=command)
>       assert r.status_code == 200, r.text
E       AssertionError: {"error":{"code":"actual_time","message":"Gerçek saat veya yalnız tarih seçeneği gerekli.","details":{}}}
E       assert 422 == 200
E        +  where 422 = <Response [422 Unprocessable Entity]>.status_code

tests/v2/test_core.py:20: AssertionError
=============================== warnings summary ===============================
.venv-v2/lib/python3.12/site-packages/fastapi/testclient.py:1
  /Users/caglarcetin/Documents/GitHub/Athlete-Life/.venv-v2/lib/python3.12/site-packages/fastapi/testclient.py:1: StarletteDeprecationWarning: Using `httpx` with `starlette.testclient` is deprecated; install `httpx2` instead.
    from starlette.testclient import TestClient as TestClient  # noqa

.venv-v2/lib/python3.12/site-packages/starlette/testclient.py:53
  /Users/caglarcetin/Documents/GitHub/Athlete-Life/.venv-v2/lib/python3.12/site-packages/starlette/testclient.py:53: DeprecationWarning: The anyio.abc.BlockingPortal alias is deprecated, use anyio.from_thread.BlockingPortal instead.
    _PortalFactoryType = Callable[[], AbstractContextManager[anyio.abc.BlockingPortal]]

-- Docs: https://docs.pytest.org/en/stable/how-to/capture-warnings.html
=========================== short test summary info ============================
FAILED tests/mongodb/test_domain_parity.py::test_revision_additive_fields_read_old_documents_without_rewrite
1 failed, 97 passed, 2 warnings in 300.99s (0:05:00)
