/Users/caglarcetin/Documents/GitHub/Athlete-Life/.venv-v2/lib/python3.12/site-packages/fastapi/testclient.py:1: StarletteDeprecationWarning: Using `httpx` with `starlette.testclient` is deprecated; install `httpx2` instead.
  from starlette.testclient import TestClient as TestClient  # noqa
Traceback (most recent call last):
  File "/Users/caglarcetin/Documents/GitHub/Athlete-Life/tools/v2/synthetic_model_setup.py", line 21, in <module>
    owner = database["athletes"].find_one({"user_id": user["id"]})["id"]
                                                      ~~~~^^^^^^
TypeError: 'NoneType' object is not subscriptable
node:internal/errors:985
  const err = new Error(message);
              ^

Error: Command failed: /Users/caglarcetin/Documents/GitHub/Athlete-Life/.venv-v2/bin/python tools/v2/synthetic_model_setup.py alos_test_model_1790245284063
/Users/caglarcetin/Documents/GitHub/Athlete-Life/.venv-v2/lib/python3.12/site-packages/fastapi/testclient.py:1: StarletteDeprecationWarning: Using `httpx` with `starlette.testclient` is deprecated; install `httpx2` instead.
  from starlette.testclient import TestClient as TestClient  # noqa
Traceback (most recent call last):
  File "/Users/caglarcetin/Documents/GitHub/Athlete-Life/tools/v2/synthetic_model_setup.py", line 21, in <module>
    owner = database["athletes"].find_one({"user_id": user["id"]})["id"]
                                                      ~~~~^^^^^^
TypeError: 'NoneType' object is not subscriptable

    at genericNodeError (node:internal/errors:985:15)
    at wrappedFn (node:internal/errors:539:14)
    at checkExecSyncError (node:child_process:942:11)
    at execFileSync (node:child_process:978:15)
    at file:///Users/caglarcetin/Documents/GitHub/Athlete-Life/tools/v2/model_browser.mjs:6:95
    at ModuleJob.run (node:internal/modules/esm/module_job:439:25)
    at async node:internal/modules/esm/loader:643:26
    at async asyncRunEntryPointWithESMLoader (node:internal/modules/run_main:101:5) {
  status: 1,
  signal: null,
  output: [
    null,
    '',
    '/Users/caglarcetin/Documents/GitHub/Athlete-Life/.venv-v2/lib/python3.12/site-packages/fastapi/testclient.py:1: StarletteDeprecationWarning: Using `httpx` with `starlette.testclient` is deprecated; install `httpx2` instead.\n' +
      '  from starlette.testclient import TestClient as TestClient  # noqa\n' +
      'Traceback (most recent call last):\n' +
      '  File "/Users/caglarcetin/Documents/GitHub/Athlete-Life/tools/v2/synthetic_model_setup.py", line 21, in <module>\n' +
      '    owner = database["athletes"].find_one({"user_id": user["id"]})["id"]\n' +
      '                                                      ~~~~^^^^^^\n' +
      "TypeError: 'NoneType' object is not subscriptable\n"
  ],
  pid: 6346,
  stdout: '',
  stderr: '/Users/caglarcetin/Documents/GitHub/Athlete-Life/.venv-v2/lib/python3.12/site-packages/fastapi/testclient.py:1: StarletteDeprecationWarning: Using `httpx` with `starlette.testclient` is deprecated; install `httpx2` instead.\n' +
    '  from starlette.testclient import TestClient as TestClient  # noqa\n' +
    'Traceback (most recent call last):\n' +
    '  File "/Users/caglarcetin/Documents/GitHub/Athlete-Life/tools/v2/synthetic_model_setup.py", line 21, in <module>\n' +
    '    owner = database["athletes"].find_one({"user_id": user["id"]})["id"]\n' +
    '                                                      ~~~~^^^^^^\n' +
    "TypeError: 'NoneType' object is not subscriptable\n"
}

Node.js v24.19.0
