Independent DB restore, UI histories + shift + media: PASS; measured 5344 ms
Traceback (most recent call last):
  File "/Users/caglarcetin/Documents/GitHub/Athlete-Life/.venv-v2/lib/python3.12/site-packages/pymongo/synchronous/pool.py", line 446, in receive_message
    return receive_message(self, request_id, self.max_message_size)
           ^^^^^^^^^^^^^^^^^^^^^^^^^^^^^^^^^^^^^^^^^^^^^^^^^^^^^^^^
  File "/Users/caglarcetin/Documents/GitHub/Athlete-Life/.venv-v2/lib/python3.12/site-packages/pymongo/network_layer.py", line 777, in receive_message
    length, _, response_to, op_code = _UNPACK_HEADER(receive_data(conn, 16, deadline))
                                                     ^^^^^^^^^^^^^^^^^^^^^^^^^^^^^^^^
  File "/Users/caglarcetin/Documents/GitHub/Athlete-Life/.venv-v2/lib/python3.12/site-packages/pymongo/network_layer.py", line 382, in receive_data
    raise OSError("connection closed")
OSError: connection closed

The above exception was the direct cause of the following exception:

Traceback (most recent call last):
  File "/Users/caglarcetin/Documents/GitHub/Athlete-Life/tools/v2/test_database.py", line 25, in <module>
    client.drop_database(name)
  File "/Users/caglarcetin/Documents/GitHub/Athlete-Life/.venv-v2/lib/python3.12/site-packages/pymongo/_csot.py", line 126, in csot_wrapper
    return func(self, *args, **kwargs)
           ^^^^^^^^^^^^^^^^^^^^^^^^^^^
  File "/Users/caglarcetin/Documents/GitHub/Athlete-Life/.venv-v2/lib/python3.12/site-packages/pymongo/synchronous/mongo_client.py", line 2462, in drop_database
    self[name].command(
  File "/Users/caglarcetin/Documents/GitHub/Athlete-Life/.venv-v2/lib/python3.12/site-packages/pymongo/_csot.py", line 126, in csot_wrapper
    return func(self, *args, **kwargs)
           ^^^^^^^^^^^^^^^^^^^^^^^^^^^
  File "/Users/caglarcetin/Documents/GitHub/Athlete-Life/.venv-v2/lib/python3.12/site-packages/pymongo/synchronous/database.py", line 946, in command
    return self._client._retryable_read(
           ^^^^^^^^^^^^^^^^^^^^^^^^^^^^^
  File "/Users/caglarcetin/Documents/GitHub/Athlete-Life/.venv-v2/lib/python3.12/site-packages/pymongo/synchronous/mongo_client.py", line 2061, in _retryable_read
    return self._retry_internal(
           ^^^^^^^^^^^^^^^^^^^^^
  File "/Users/caglarcetin/Documents/GitHub/Athlete-Life/.venv-v2/lib/python3.12/site-packages/pymongo/_csot.py", line 126, in csot_wrapper
    return func(self, *args, **kwargs)
           ^^^^^^^^^^^^^^^^^^^^^^^^^^^
  File "/Users/caglarcetin/Documents/GitHub/Athlete-Life/.venv-v2/lib/python3.12/site-packages/pymongo/synchronous/mongo_client.py", line 2022, in _retry_internal
    ).run()
      ^^^^^
  File "/Users/caglarcetin/Documents/GitHub/Athlete-Life/.venv-v2/lib/python3.12/site-packages/pymongo/synchronous/mongo_client.py", line 2890, in run
    res = self._read() if self._is_read else self._write()
          ^^^^^^^^^^^^
  File "/Users/caglarcetin/Documents/GitHub/Athlete-Life/.venv-v2/lib/python3.12/site-packages/pymongo/synchronous/mongo_client.py", line 3130, in _read
    return self._func(self._session, self._server, conn, read_pref)  # type: ignore
           ^^^^^^^^^^^^^^^^^^^^^^^^^^^^^^^^^^^^^^^^^^^^^^^^^^^^^^^^
  File "/Users/caglarcetin/Documents/GitHub/Athlete-Life/.venv-v2/lib/python3.12/site-packages/pymongo/synchronous/database.py", line 934, in inner
    return self._command(
           ^^^^^^^^^^^^^^
  File "/Users/caglarcetin/Documents/GitHub/Athlete-Life/.venv-v2/lib/python3.12/site-packages/pymongo/synchronous/database.py", line 773, in _command
    return conn.command(
           ^^^^^^^^^^^^^
  File "/Users/caglarcetin/Documents/GitHub/Athlete-Life/.venv-v2/lib/python3.12/site-packages/pymongo/synchronous/helpers.py", line 51, in inner
    return func(*args, **kwargs)
           ^^^^^^^^^^^^^^^^^^^^^
  File "/Users/caglarcetin/Documents/GitHub/Athlete-Life/.venv-v2/lib/python3.12/site-packages/pymongo/synchronous/pool.py", line 421, in command
    self._raise_connection_failure(error)
  File "/Users/caglarcetin/Documents/GitHub/Athlete-Life/.venv-v2/lib/python3.12/site-packages/pymongo/synchronous/pool.py", line 567, in _raise_connection_failure
    raise error
  File "/Users/caglarcetin/Documents/GitHub/Athlete-Life/.venv-v2/lib/python3.12/site-packages/pymongo/synchronous/pool.py", line 396, in command
    return run_command(
           ^^^^^^^^^^^^
  File "/Users/caglarcetin/Documents/GitHub/Athlete-Life/.venv-v2/lib/python3.12/site-packages/pymongo/synchronous/command_runner.py", line 440, in run_command
    docs, _, _ = _run_command(
                 ^^^^^^^^^^^^^
  File "/Users/caglarcetin/Documents/GitHub/Athlete-Life/.venv-v2/lib/python3.12/site-packages/pymongo/synchronous/command_runner.py", line 192, in _run_command
    reply = conn.receive_message(request_id)
            ^^^^^^^^^^^^^^^^^^^^^^^^^^^^^^^^
  File "/Users/caglarcetin/Documents/GitHub/Athlete-Life/.venv-v2/lib/python3.12/site-packages/pymongo/synchronous/pool.py", line 449, in receive_message
    self._raise_connection_failure(error)
  File "/Users/caglarcetin/Documents/GitHub/Athlete-Life/.venv-v2/lib/python3.12/site-packages/pymongo/synchronous/pool.py", line 565, in _raise_connection_failure
    _raise_connection_failure(self.address, error, timeout_details=details)
  File "/Users/caglarcetin/Documents/GitHub/Athlete-Life/.venv-v2/lib/python3.12/site-packages/pymongo/pool_shared.py", line 168, in _raise_connection_failure
    raise AutoReconnect(msg) from error
pymongo.errors.AutoReconnect: 127.0.0.1:27028: connection closed (configured timeouts: connectTimeoutMS: 20000.0ms)
node:internal/errors:985
  const err = new Error(message);
              ^

Error: Command failed: /Users/caglarcetin/Documents/GitHub/Athlete-Life/.venv-v2/bin/python tools/v2/test_database.py drop alos_test_restore_b_1790131646917
Traceback (most recent call last):
  File "/Users/caglarcetin/Documents/GitHub/Athlete-Life/.venv-v2/lib/python3.12/site-packages/pymongo/synchronous/pool.py", line 446, in receive_message
    return receive_message(self, request_id, self.max_message_size)
           ^^^^^^^^^^^^^^^^^^^^^^^^^^^^^^^^^^^^^^^^^^^^^^^^^^^^^^^^
  File "/Users/caglarcetin/Documents/GitHub/Athlete-Life/.venv-v2/lib/python3.12/site-packages/pymongo/network_layer.py", line 777, in receive_message
    length, _, response_to, op_code = _UNPACK_HEADER(receive_data(conn, 16, deadline))
                                                     ^^^^^^^^^^^^^^^^^^^^^^^^^^^^^^^^
  File "/Users/caglarcetin/Documents/GitHub/Athlete-Life/.venv-v2/lib/python3.12/site-packages/pymongo/network_layer.py", line 382, in receive_data
    raise OSError("connection closed")
OSError: connection closed

The above exception was the direct cause of the following exception:

Traceback (most recent call last):
  File "/Users/caglarcetin/Documents/GitHub/Athlete-Life/tools/v2/test_database.py", line 25, in <module>
    client.drop_database(name)
  File "/Users/caglarcetin/Documents/GitHub/Athlete-Life/.venv-v2/lib/python3.12/site-packages/pymongo/_csot.py", line 126, in csot_wrapper
    return func(self, *args, **kwargs)
           ^^^^^^^^^^^^^^^^^^^^^^^^^^^
  File "/Users/caglarcetin/Documents/GitHub/Athlete-Life/.venv-v2/lib/python3.12/site-packages/pymongo/synchronous/mongo_client.py", line 2462, in drop_database
    self[name].command(
  File "/Users/caglarcetin/Documents/GitHub/Athlete-Life/.venv-v2/lib/python3.12/site-packages/pymongo/_csot.py", line 126, in csot_wrapper
    return func(self, *args, **kwargs)
           ^^^^^^^^^^^^^^^^^^^^^^^^^^^
  File "/Users/caglarcetin/Documents/GitHub/Athlete-Life/.venv-v2/lib/python3.12/site-packages/pymongo/synchronous/database.py", line 946, in command
    return self._client._retryable_read(
           ^^^^^^^^^^^^^^^^^^^^^^^^^^^^^
  File "/Users/caglarcetin/Documents/GitHub/Athlete-Life/.venv-v2/lib/python3.12/site-packages/pymongo/synchronous/mongo_client.py", line 2061, in _retryable_read
    return self._retry_internal(
           ^^^^^^^^^^^^^^^^^^^^^
  File "/Users/caglarcetin/Documents/GitHub/Athlete-Life/.venv-v2/lib/python3.12/site-packages/pymongo/_csot.py", line 126, in csot_wrapper
    return func(self, *args, **kwargs)
           ^^^^^^^^^^^^^^^^^^^^^^^^^^^
  File "/Users/caglarcetin/Documents/GitHub/Athlete-Life/.venv-v2/lib/python3.12/site-packages/pymongo/synchronous/mongo_client.py", line 2022, in _retry_internal
    ).run()
      ^^^^^
  File "/Users/caglarcetin/Documents/GitHub/Athlete-Life/.venv-v2/lib/python3.12/site-packages/pymongo/synchronous/mongo_client.py", line 2890, in run
    res = self._read() if self._is_read else self._write()
          ^^^^^^^^^^^^
  File "/Users/caglarcetin/Documents/GitHub/Athlete-Life/.venv-v2/lib/python3.12/site-packages/pymongo/synchronous/mongo_client.py", line 3130, in _read
    return self._func(self._session, self._server, conn, read_pref)  # type: ignore
           ^^^^^^^^^^^^^^^^^^^^^^^^^^^^^^^^^^^^^^^^^^^^^^^^^^^^^^^^
  File "/Users/caglarcetin/Documents/GitHub/Athlete-Life/.venv-v2/lib/python3.12/site-packages/pymongo/synchronous/database.py", line 934, in inner
    return self._command(
           ^^^^^^^^^^^^^^
  File "/Users/caglarcetin/Documents/GitHub/Athlete-Life/.venv-v2/lib/python3.12/site-packages/pymongo/synchronous/database.py", line 773, in _command
    return conn.command(
           ^^^^^^^^^^^^^
  File "/Users/caglarcetin/Documents/GitHub/Athlete-Life/.venv-v2/lib/python3.12/site-packages/pymongo/synchronous/helpers.py", line 51, in inner
    return func(*args, **kwargs)
           ^^^^^^^^^^^^^^^^^^^^^
  File "/Users/caglarcetin/Documents/GitHub/Athlete-Life/.venv-v2/lib/python3.12/site-packages/pymongo/synchronous/pool.py", line 421, in command
    self._raise_connection_failure(error)
  File "/Users/caglarcetin/Documents/GitHub/Athlete-Life/.venv-v2/lib/python3.12/site-packages/pymongo/synchronous/pool.py", line 567, in _raise_connection_failure
    raise error
  File "/Users/caglarcetin/Documents/GitHub/Athlete-Life/.venv-v2/lib/python3.12/site-packages/pymongo/synchronous/pool.py", line 396, in command
    return run_command(
           ^^^^^^^^^^^^
  File "/Users/caglarcetin/Documents/GitHub/Athlete-Life/.venv-v2/lib/python3.12/site-packages/pymongo/synchronous/command_runner.py", line 440, in run_command
    docs, _, _ = _run_command(
                 ^^^^^^^^^^^^^
  File "/Users/caglarcetin/Documents/GitHub/Athlete-Life/.venv-v2/lib/python3.12/site-packages/pymongo/synchronous/command_runner.py", line 192, in _run_command
    reply = conn.receive_message(request_id)
            ^^^^^^^^^^^^^^^^^^^^^^^^^^^^^^^^
  File "/Users/caglarcetin/Documents/GitHub/Athlete-Life/.venv-v2/lib/python3.12/site-packages/pymongo/synchronous/pool.py", line 449, in receive_message
    self._raise_connection_failure(error)
  File "/Users/caglarcetin/Documents/GitHub/Athlete-Life/.venv-v2/lib/python3.12/site-packages/pymongo/synchronous/pool.py", line 565, in _raise_connection_failure
    _raise_connection_failure(self.address, error, timeout_details=details)
  File "/Users/caglarcetin/Documents/GitHub/Athlete-Life/.venv-v2/lib/python3.12/site-packages/pymongo/pool_shared.py", line 168, in _raise_connection_failure
    raise AutoReconnect(msg) from error
pymongo.errors.AutoReconnect: 127.0.0.1:27028: connection closed (configured timeouts: connectTimeoutMS: 20000.0ms)

    at genericNodeError (node:internal/errors:985:15)
    at wrappedFn (node:internal/errors:539:14)
    at checkExecSyncError (node:child_process:942:11)
    at execFileSync (node:child_process:978:15)
    at file:///Users/caglarcetin/Documents/GitHub/Athlete-Life/tools/v2/restore_browser.mjs:19:271
    at process.processTicksAndRejections (node:internal/process/task_queues:104:5) {
  status: 1,
  signal: null,
  output: [
    null,
    Buffer(0) [Uint8Array] [],
    Buffer(5530) [Uint8Array] [
       84, 114,  97,  99, 101,  98,  97,  99, 107,  32,  40, 109,
      111, 115, 116,  32, 114, 101,  99, 101, 110, 116,  32,  99,
       97, 108, 108,  32, 108,  97, 115, 116,  41,  58,  10,  32,
       32,  70, 105, 108, 101,  32,  34,  47,  85, 115, 101, 114,
      115,  47,  99,  97, 103, 108,  97, 114,  99, 101, 116, 105,
      110,  47,  68, 111,  99, 117, 109, 101, 110, 116, 115,  47,
       71, 105, 116,  72, 117,  98,  47,  65, 116, 104, 108, 101,
      116, 101,  45,  76, 105, 102, 101,  47,  46, 118, 101, 110,
      118,  45, 118,  50,
      ... 5430 more items
    ]
  ],
  pid: 93132,
  stdout: Buffer(0) [Uint8Array] [],
  stderr: Buffer(5530) [Uint8Array] [
     84, 114,  97,  99, 101,  98,  97,  99, 107,  32,  40, 109,
    111, 115, 116,  32, 114, 101,  99, 101, 110, 116,  32,  99,
     97, 108, 108,  32, 108,  97, 115, 116,  41,  58,  10,  32,
     32,  70, 105, 108, 101,  32,  34,  47,  85, 115, 101, 114,
    115,  47,  99,  97, 103, 108,  97, 114,  99, 101, 116, 105,
    110,  47,  68, 111,  99, 117, 109, 101, 110, 116, 115,  47,
     71, 105, 116,  72, 117,  98,  47,  65, 116, 104, 108, 101,
    116, 101,  45,  76, 105, 102, 101,  47,  46, 118, 101, 110,
    118,  45, 118,  50,
    ... 5430 more items
  ]
}

Node.js v24.19.0
