upload {'peak_mib': 302.875}
download {'peak_mib': 302.875}
export {'peak_mib': 546.0625}
stage {'peak_mib': 546.0625}
restore {'peak_mib': 546.0625}
{"result": "PASS", "model_bytes": 83886176, "hash_matches": true, "bootstrap_bytes": 1070, "backup_bytes": 111852362, "elapsed_seconds": 7.39}
{"phase": "flush", "peak_mib": 162.71875}
{"phase": "flush", "peak_mib": 162.71875}
{"phase": "flush", "peak_mib": 162.71875}
{"phase": "flush", "peak_mib": 162.71875}
{"phase": "flush", "peak_mib": 162.71875}
{"phase": "flush", "peak_mib": 162.71875}
{"phase": "flush", "peak_mib": 162.71875}
{"phase": "flush", "peak_mib": 162.71875}
{"phase": "flush", "peak_mib": 162.71875}
{"phase": "flush", "peak_mib": 162.71875}
{"phase": "flush", "peak_mib": 162.71875}
{"phase": "flush", "peak_mib": 162.71875}
{"phase": "flush", "peak_mib": 162.71875}
{"phase": "flush", "peak_mib": 162.71875}
{"phase": "flush", "peak_mib": 222.015625}
{"phase": "flush", "peak_mib": 302.875}
{"phase": "flush", "peak_mib": 302.875}
{"phase": "flush", "peak_mib": 302.875}
{"phase": "flush", "peak_mib": 302.875}
{"phase": "flush", "peak_mib": 302.875}
{"phase": "flush", "peak_mib": 302.875}
{"phase": "flush", "peak_mib": 302.875}
{"phase": "flush", "peak_mib": 302.875}
{"phase": "flush", "peak_mib": 302.875}
{"phase": "flush", "peak_mib": 302.875}
{"phase": "flush", "peak_mib": 302.875}
{"phase": "flush", "peak_mib": 302.875}
{"phase": "flush", "peak_mib": 302.875}
{"phase": "flush", "peak_mib": 302.875}
{"phase": "flush", "peak_mib": 302.875}
{"phase": "flush", "peak_mib": 302.875}
{"phase": "flush", "peak_mib": 302.875}
{"phase": "flush", "peak_mib": 302.875}
{"phase": "flush", "peak_mib": 302.875}
{"phase": "flush", "peak_mib": 302.875}
{"phase": "flush", "peak_mib": 302.875}
{"phase": "flush", "peak_mib": 302.875}
{"phase": "flush", "peak_mib": 302.875}
{"phase": "flush", "peak_mib": 302.875}
{"phase": "flush", "peak_mib": 302.875}
{"phase": "flush", "peak_mib": 302.875}
{"phase": "flush", "peak_mib": 302.875}
{"phase": "flush", "peak_mib": 302.875}
{"phase": "flush", "peak_mib": 302.875}
{"phase": "flush", "peak_mib": 302.875}
{"phase": "flush", "peak_mib": 302.875}
{"phase": "flush", "peak_mib": 302.875}
{"phase": "flush", "peak_mib": 302.875}
{"phase": "flush", "peak_mib": 302.875}
{"phase": "flush", "peak_mib": 302.875}
{"phase": "flush", "peak_mib": 302.875}
{"phase": "flush", "peak_mib": 302.875}
{"phase": "flush", "peak_mib": 302.875}
{"phase": "flush", "peak_mib": 302.875}
{"phase": "flush", "peak_mib": 302.875}
{"phase": "flush", "peak_mib": 302.875}
{"phase": "flush", "peak_mib": 302.875}
{"phase": "flush", "peak_mib": 546.0625}
{"phase": "flush", "peak_mib": 546.0625}
{"phase": "flush", "peak_mib": 546.0625}
{"phase": "flush", "peak_mib": 546.0625}
{"phase": "flush", "peak_mib": 546.0625}
{"phase": "flush", "peak_mib": 546.0625}
{"phase": "flush", "peak_mib": 546.0625}
{"phase": "flush", "peak_mib": 546.0625}
{"phase": "flush", "peak_mib": 546.0625}
{"phase": "flush", "peak_mib": 546.0625}
{"phase": "flush", "peak_mib": 546.0625}
{"phase": "flush", "peak_mib": 546.0625}
{"phase": "flush", "peak_mib": 546.0625}
{"phase": "flush", "peak_mib": 546.0625}
{"phase": "flush", "peak_mib": 546.0625}
{"phase": "flush", "peak_mib": 546.0625}
{"phase": "flush", "peak_mib": 546.0625}
{"phase": "flush", "peak_mib": 546.0625}
{"phase": "flush", "peak_mib": 546.0625}
{"phase": "flush", "peak_mib": 546.0625}
{"phase": "flush", "peak_mib": 546.0625}
{"phase": "flush", "peak_mib": 546.0625}
{"phase": "flush", "peak_mib": 546.0625}
{"phase": "flush", "peak_mib": 546.0625}
{"phase": "flush", "peak_mib": 546.0625}
{"phase": "flush", "peak_mib": 546.0625}
{"phase": "flush", "peak_mib": 546.0625}
{"phase": "flush", "peak_mib": 546.0625}
{"phase": "flush", "peak_mib": 546.0625}
{"phase": "flush", "peak_mib": 546.0625}
{"phase": "rfc_checksum", "peak_mib": 546.0625}
{"phase": "flush", "peak_mib": 546.0625}
{"phase": "flush", "peak_mib": 546.0625}
{"phase": "flush", "peak_mib": 546.0625}
{"phase": "flush", "peak_mib": 546.0625}
{"phase": "flush", "peak_mib": 546.0625}
{"phase": "flush", "peak_mib": 546.0625}
{"phase": "flush", "peak_mib": 546.0625}
{"phase": "flush", "peak_mib": 546.0625}
{"phase": "flush", "peak_mib": 546.0625}
{"phase": "flush", "peak_mib": 546.0625}
{"phase": "flush", "peak_mib": 546.0625}
{"phase": "flush", "peak_mib": 546.0625}
{"phase": "rfc_checksum", "peak_mib": 546.0625}
{"phase": "preview", "peak_mib": 546.0625}
{"phase": "digest_of", "peak_mib": 546.0625}
{"phase": "flush", "peak_mib": 546.0625}
{"phase": "flush", "peak_mib": 546.0625}
{"phase": "flush", "peak_mib": 546.0625}
{"phase": "flush", "peak_mib": 546.0625}
{"phase": "flush", "peak_mib": 546.0625}
{"phase": "rfc_checksum", "peak_mib": 546.0625}
{"phase": "rfc_checksum", "peak_mib": 546.0625}
{"phase": "flush", "peak_mib": 546.0625}
{"phase": "flush", "peak_mib": 546.0625}
{"phase": "flush", "peak_mib": 546.0625}
{"phase": "flush", "peak_mib": 546.0625}
{"phase": "flush", "peak_mib": 546.0625}
{"phase": "flush", "peak_mib": 546.0625}
{"phase": "flush", "peak_mib": 546.0625}
{"phase": "flush", "peak_mib": 546.0625}
{"phase": "flush", "peak_mib": 546.0625}
{"phase": "flush", "peak_mib": 546.0625}
{"phase": "flush", "peak_mib": 546.0625}
{"phase": "flush", "peak_mib": 546.0625}
{"phase": "flush", "peak_mib": 546.0625}
{"phase": "flush", "peak_mib": 546.0625}
{"phase": "flush", "peak_mib": 546.0625}
{"phase": "flush", "peak_mib": 546.0625}
{"phase": "flush", "peak_mib": 546.0625}
{"phase": "flush", "peak_mib": 546.0625}
{"phase": "flush", "peak_mib": 546.0625}
{"phase": "flush", "peak_mib": 546.0625}
{"phase": "flush", "peak_mib": 546.0625}
{"phase": "flush", "peak_mib": 546.0625}
{"phase": "flush", "peak_mib": 546.0625}
{"phase": "flush", "peak_mib": 546.0625}
{"phase": "flush", "peak_mib": 546.0625}
{"phase": "flush", "peak_mib": 546.0625}
{"phase": "flush", "peak_mib": 546.0625}
{"phase": "flush", "peak_mib": 546.0625}
{"phase": "flush", "peak_mib": 546.0625}
{"phase": "flush", "peak_mib": 546.0625}
{"phase": "flush", "peak_mib": 546.0625}
{"phase": "flush", "peak_mib": 546.0625}
{"phase": "flush", "peak_mib": 546.0625}
{"phase": "flush", "peak_mib": 546.0625}
{"phase": "flush", "peak_mib": 546.0625}
{"phase": "flush", "peak_mib": 546.0625}
{"server_peak_mib": 546.0625}

