ik / taktik analiz
Para binicilik · Uyarlanmış adeta-tırıs geçişi
Para binicilik · Uyarlanmış dairede ritim
Para binicilik · Uyarlanmış duruş ve yeniden yürüyüş
Para binicilik · Branşa özgü uygulama bloğu
Para binicilik · Teknik / taktik analiz
Görme engelli futbolu · Sesli top takibi
Görme engelli futbolu · Top kontrolü
Görme engelli futbolu · Sözlü saha iletişimi
Görme engelli futbolu · Branşa özgü uygulama bloğu
Görme engelli futbolu · Teknik / taktik analiz
Oturarak voleybol · Uyarlanmış manşet pas
Oturarak voleybol · Uyarlanmış parmak pas
Oturarak voleybol · Uyarlanmış servis atışı
Oturarak voleybol · Branşa özgü uygulama bloğu
Oturarak voleybol · Teknik / taktik analiz
Goalball · Sesli top yönü
Goalball · Savunma yerleşimi
Goalball · Atış çizgisi
Goalball · Branşa özgü uygulama bloğu
Goalball · Teknik / taktik analiz
Boccia · Hedef top stratejisi
Boccia · Yuvarlama çizgisi
Boccia · Mesafe kontrolü
Boccia · Branşa özgü uygulama bloğu
Boccia · Teknik / taktik analiz
Para alp disiplini · Uyarlanmış denge duruşu
Para alp disiplini · Uyarlanmış kenar kontrolü
Para alp disiplini · Uyarlanmış dönüş bağlantısı
Para alp disiplini · Branşa özgü uygulama bloğu
Para alp disiplini · Teknik / taktik analiz
Para biatlon · Uyarlanmış kayak-atış geçişi
Para biatlon · Uyarlanmış atış pozisyonu analizi
Para biatlon · Uyarlanmış parkur tempo analizi
Para biatlon · Branşa özgü uygulama bloğu
Para biatlon · Teknik / taktik analiz
Para kayaklı koşu · Uyarlanmış diagonal stride
Para kayaklı koşu · Uyarlanmış double poling
Para kayaklı koşu · Uyarlanmış kayış ritmi
Para kayaklı koşu · Branşa özgü uygulama bloğu
Para kayaklı koşu · Teknik / taktik analiz
Para buz hokeyi · Uyarlanmış paten duruşu
Para buz hokeyi · Uyarlanmış puck taşıma
Para buz hokeyi · Uyarlanmış pas alma-verme
Para buz hokeyi · Branşa özgü uygulama bloğu
Para buz hokeyi · Teknik / taktik analiz
Para snowboard · Uyarlanmış denge duruşu
Para snowboard · Uyarlanmış topuk-burun kenar geçişi
Para snowboard · Uyarlanmış dönüş bağlantısı
Para snowboard · Branşa özgü uygulama bloğu
Para snowboard · Teknik / taktik analiz
Tekerlekli sandalye curling · Uyarlanmış delivery yerleşimi
Tekerlekli sandalye curling · Uyarlanmış bırakış çizgisi
Tekerlekli sandalye curling · Uyarlanmış süpürme ritmi
Tekerlekli sandalye curling · Branşa özgü uygulama bloğu
Tekerlekli sandalye curling · Teknik / taktik analiz
Satranç · Taktik pozisyon çözümü
Satranç · Oyun sonu çalışması
Satranç · Kendi oyununu inceleme
Satranç · Zamanlı problem / oyun uygulaması
Satranç · Teknik / taktik analiz
Go · Yaşam-ölüm problemleri
Go · Joseki incelemesi
Go · Kendi oyununu inceleme
Go · Zamanlı problem / oyun uygulaması
Go · Teknik / taktik analiz
Briç · Deklarasyon problemi
Briç · Yer oyunu problemi
Briç · Defans analizi
Briç · Zamanlı problem / oyun uygulaması
Briç · Teknik / taktik analiz
Elektronik sporlar · Seçili oyun mekaniği
Elektronik sporlar · Karar senaryosu
Elektronik sporlar · Maç tekrarı analizi
Elektronik sporlar · Zamanlı problem / oyun uygulaması
Elektronik sporlar · Teknik / taktik analiz
Yağlı güreş · Duruş ve ayak çalışması
Yağlı güreş · Kispet tutuş analizi
Yağlı güreş · Pozisyon geçişi analizi
Yağlı güreş · Branşa özgü uygulama bloğu
Yağlı güreş · Teknik / taktik analiz
Mas güreşi · Başlangıç tutuşu
Mas güreşi · Ayak yerleşimi
Mas güreşi · Çekiş açısı analizi
Mas güreşi · Branşa özgü uygulama bloğu
Mas güreşi · Teknik / taktik analiz
Sepak takraw · Ayak içi kontrol
Sepak takraw · Dizle kontrol
Sepak takraw · Servis yerleşimi
Sepak takraw · Branşa özgü uygulama bloğu
Sepak takraw · Teknik / taktik analiz
Halat çekme · Tutuş yerleşimi
Halat çekme · Ekip ritmi
Halat çekme · Ayak yerleşimi
Halat çekme · Branşa özgü uygulama bloğu
Halat çekme · Teknik / taktik analiz
Boules sporları · Hedefe atış
Boules sporları · Mesafe kontrolü
Boules sporları · Atış çizgisi
Boules sporları · Branşa özgü uygulama bloğu
Boules sporları · Teknik / taktik analiz
Sualtı hokeyi · Puck sürme
Sualtı hokeyi · Pas açısı
Sualtı hokeyi · Takım dizilişi analizi
Sualtı hokeyi · Branşa özgü uygulama bloğu
Sualtı hokeyi · Teknik / taktik analiz
Sualtı ragbisi · Top kontrolü
Sualtı ragbisi · Pas yönü
Sualtı ragbisi · Takım dizilişi analizi
Sualtı ragbisi · Branşa özgü uygulama bloğu
Sualtı ragbisi · Teknik / taktik analiz
Kontrollü dikey sıçrama
Sağlık topuyla göğüs atışı
Sağlık topuyla rotasyon atışı
Koşu ve yürüyüş dönüşümlü
Hafif toparlanma koşusu
Sabit ritimli koşu
Fartlek: değişken ritimli koşu
Kontrollü kısa hızlanmalar
Yokuş tekrarları
Rahat patika koşusu
Halkada L tutuş

Sabit tutuş · Süre kaydı · Rings

HAREKET ÖRÜNTÜSÜ · SADELEŞTİRİLMİŞ ÇİZİM

1
Pozisyonu kur
2
Hizayı koruyarak tut
HAREKETİ TANI
Tam planche tutuş

Düz kollu destekte ayaklar yerden kesilir; bu ileri düzey beceri basit şınav değildir.

Ekipman: Parallettes · Floor. Şematik pozlar kişisel form değerlendirmesi değildir.

Uygulama kaynağını aç 

Şematik anlatım · Renkler hedef kas bölgelerini gösterir; ölçülmüş kas aktivasyonu veya kişisel teknik değerlendirmesi değildir.

HAREKET ÖRÜNTÜSÜ · SADELEŞTİRİLMİŞ ÇİZİM

1
Destek al
2
Bacakları öne uzatarak tut
HAREKETİ TANI
Halkada L tutuş

Gövde dik, bacaklar öne uzanır. Ellerle desteği koru; tutuşu kontrollü bitir.

Ekipman: Rings. Şematik pozlar kişisel form değerlendirmesi değildir.

Uygulama kaynağını aç 

Şematik anlatım · Renkler hedef kas bölgelerini gösterir; ölçülmüş kas aktivasyonu veya kişisel teknik değerlendirmesi değildir.

Katalogdaki kas bölgeleri
Ön
Arka
Karın · Katalogda yüksek katkı. Bu eşleme aktivasyon veya gelişim yüzdesi değildir.
Karın
Kalça fleksörleri
Triseps
Kürek kemiği çevresi
Önkol
Karın
1
Kalça fleksörleri
0,9
Kürek kemiği çevresi
0,5
Triseps
0,42
Önkol
0,28

Katsayılar göreli model ağırlıklarıdır; kişisel kas aktivasyonu, hasarı veya gelişim yüzdesi değildir. Plan ve kayıtlar aynı hareket kimliğini kullanır.

Kimlik: ring-l-sit · movement-catalog-2
Seans geçmişim

Henüz gerçek seans kaydı yok.

Geri
Bugün
İleri
Bugün
Antrenman
Sağlık
Gelişim
Araçlar
node:internal/modules/run_main:107
    triggerUncaughtException(
    ^

ExpectError: expect(locator).toHaveCount(expected) failed

Locator:  locator('.movement-library').locator('.movement-poses svg')
Expected: 2
Received: 4
Timeout:  5000ms

Call log:
  - Expect "toHaveCount" locator('.movement-library').locator('.movement-poses svg') with timeout 5000ms
  - waiting for locator('.movement-library').locator('.movement-poses svg')
    14 × locator resolved to 4 elements
       - unexpected value "4"

    at captureRawStack (/Users/caglarcetin/Documents/GitHub/Athlete-Life/apps/web/node_modules/playwright-core/lib/coreBundle.js:8588:17)
    at callMatcherAsStep (/Users/caglarcetin/Documents/GitHub/Athlete-Life/apps/web/node_modules/playwright/lib/matchers/expect.js:13310:57)
    at Object.toHaveCount (/Users/caglarcetin/Documents/GitHub/Athlete-Life/apps/web/node_modules/playwright/lib/matchers/expect.js:13302:23)
    at /Users/caglarcetin/Documents/GitHub/Athlete-Life/tools/v2/library_regions_browser.mjs:37:57 {
  matcherResult: {
    actual: 4,
    expected: 2,
    message: 'expect(locator).toHaveCount(expected) failed\n' +
      '\n' +
      "Locator:  locator('.movement-library').locator('.movement-poses svg')\n" +
      'Expected: 2\n' +
      'Received: 4\n' +
      'Timeout:  5000ms\n' +
      '\n' +
      'Call log:\n' +
      `  - Expect "toHaveCount" locator('.movement-library').locator('.movement-poses svg') with timeout 5000ms\n` +
      "  - waiting for locator('.movement-library').locator('.movement-poses svg')\n" +
      '    14 × locator resolved to 4 elements\n' +
      '       - unexpected value "4"\n',
    name: 'toHaveCount',
    pass: false,
    log: [
      `  - Expect "toHaveCount" locator('.movement-library').locator('.movement-poses svg') with timeout 5000ms`,
      "  - waiting for locator('.movement-library').locator('.movement-poses svg')",
      '    14 × locator resolved to 4 elements',
      '       - unexpected value "4"'
    ],
    timeout: 5000,
    ariaSnapshot: undefined
  }
}

Node.js v24.19.0
