upload {'peak_mib': 320.40625}
download {'peak_mib': 320.40625}
export {'peak_mib': 557.28125}
stage {'peak_mib': 690.4375}
restore {'peak_mib': 690.4375}
{"result": "PASS", "model_bytes": 83886176, "hash_matches": true, "bootstrap_bytes": 1070, "backup_bytes": 111852362, "elapsed_seconds": 5.71}
{"phase": "flush", "peak_mib": 160.09375}
{"phase": "flush", "peak_mib": 160.09375}
{"phase": "flush", "peak_mib": 160.09375}
{"phase": "flush", "peak_mib": 160.09375}
{"phase": "flush", "peak_mib": 160.09375}
{"phase": "flush", "peak_mib": 160.09375}
{"phase": "flush", "peak_mib": 160.09375}
{"phase": "flush", "peak_mib": 160.09375}
{"phase": "flush", "peak_mib": 160.09375}
{"phase": "flush", "peak_mib": 160.09375}
{"phase": "flush", "peak_mib": 160.09375}
{"phase": "flush", "peak_mib": 160.09375}
{"phase": "flush", "peak_mib": 160.09375}
{"phase": "flush", "peak_mib": 160.09375}
{"phase": "flush", "peak_mib": 244.546875}
{"phase": "flush", "peak_mib": 320.40625}
{"phase": "flush", "peak_mib": 320.40625}
{"phase": "flush", "peak_mib": 320.40625}
{"phase": "flush", "peak_mib": 320.40625}
{"phase": "flush", "peak_mib": 320.40625}
{"phase": "flush", "peak_mib": 320.40625}
{"phase": "flush", "peak_mib": 320.40625}
{"phase": "flush", "peak_mib": 320.40625}
{"phase": "flush", "peak_mib": 320.40625}
{"phase": "flush", "peak_mib": 320.40625}
{"phase": "flush", "peak_mib": 320.40625}
{"phase": "flush", "peak_mib": 320.40625}
{"phase": "flush", "peak_mib": 320.40625}
{"phase": "flush", "peak_mib": 320.40625}
{"phase": "flush", "peak_mib": 320.40625}
{"phase": "flush", "peak_mib": 320.40625}
{"phase": "flush", "peak_mib": 320.40625}
{"phase": "flush", "peak_mib": 320.40625}
{"phase": "flush", "peak_mib": 320.40625}
{"phase": "flush", "peak_mib": 320.40625}
{"phase": "flush", "peak_mib": 320.40625}
{"phase": "flush", "peak_mib": 320.40625}
{"phase": "flush", "peak_mib": 320.40625}
{"phase": "flush", "peak_mib": 320.40625}
{"phase": "flush", "peak_mib": 320.40625}
{"phase": "flush", "peak_mib": 320.40625}
{"phase": "flush", "peak_mib": 320.40625}
{"phase": "flush", "peak_mib": 320.40625}
{"phase": "flush", "peak_mib": 320.40625}
{"phase": "flush", "peak_mib": 320.40625}
{"phase": "flush", "peak_mib": 320.40625}
{"phase": "flush", "peak_mib": 320.40625}
{"phase": "flush", "peak_mib": 320.40625}
{"phase": "flush", "peak_mib": 320.40625}
{"phase": "flush", "peak_mib": 320.40625}
{"phase": "flush", "peak_mib": 320.40625}
{"phase": "flush", "peak_mib": 320.40625}
{"phase": "flush", "peak_mib": 320.40625}
{"phase": "flush", "peak_mib": 320.40625}
{"phase": "flush", "peak_mib": 320.40625}
{"phase": "flush", "peak_mib": 320.40625}
{"phase": "flush", "peak_mib": 320.40625}
{"phase": "flush", "peak_mib": 557.0625}
{"phase": "flush", "peak_mib": 557.21875}
{"phase": "flush", "peak_mib": 557.21875}
{"phase": "flush", "peak_mib": 557.28125}
{"phase": "flush", "peak_mib": 557.28125}
{"phase": "flush", "peak_mib": 557.28125}
{"phase": "flush", "peak_mib": 557.28125}
{"phase": "flush", "peak_mib": 557.28125}
{"phase": "flush", "peak_mib": 557.28125}
{"phase": "flush", "peak_mib": 557.28125}
{"phase": "flush", "peak_mib": 557.28125}
{"phase": "flush", "peak_mib": 557.28125}
{"phase": "flush", "peak_mib": 557.28125}
{"phase": "flush", "peak_mib": 557.28125}
{"phase": "flush", "peak_mib": 557.28125}
{"phase": "flush", "peak_mib": 557.28125}
{"phase": "flush", "peak_mib": 557.28125}
{"phase": "flush", "peak_mib": 557.28125}
{"phase": "flush", "peak_mib": 557.28125}
{"phase": "flush", "peak_mib": 557.28125}
{"phase": "flush", "peak_mib": 557.28125}
{"phase": "flush", "peak_mib": 557.28125}
{"phase": "flush", "peak_mib": 557.28125}
{"phase": "flush", "peak_mib": 557.28125}
{"phase": "flush", "peak_mib": 557.28125}
{"phase": "flush", "peak_mib": 557.28125}
{"phase": "flush", "peak_mib": 557.28125}
{"phase": "flush", "peak_mib": 557.28125}
{"phase": "flush", "peak_mib": 557.28125}
{"phase": "flush", "peak_mib": 557.28125}
{"phase": "rfc_checksum", "peak_mib": 557.28125}
{"phase": "flush", "peak_mib": 557.28125}
{"phase": "flush", "peak_mib": 557.28125}
{"phase": "flush", "peak_mib": 557.28125}
{"phase": "flush", "peak_mib": 557.28125}
{"phase": "flush", "peak_mib": 557.28125}
{"phase": "flush", "peak_mib": 557.28125}
{"phase": "flush", "peak_mib": 557.28125}
{"phase": "flush", "peak_mib": 557.28125}
{"phase": "flush", "peak_mib": 557.28125}
{"phase": "flush", "peak_mib": 557.28125}
{"phase": "flush", "peak_mib": 557.28125}
{"phase": "flush", "peak_mib": 557.28125}
{"phase": "parse_bytes", "peak_mib": 684.0625}
{"phase": "rfc_checksum", "peak_mib": 690.4375}
{"phase": "preview", "peak_mib": 690.4375}
{"phase": "digest_of", "peak_mib": 690.4375}
{"phase": "flush", "peak_mib": 690.4375}
{"phase": "flush", "peak_mib": 690.4375}
{"phase": "flush", "peak_mib": 690.4375}
{"phase": "flush", "peak_mib": 690.4375}
{"phase": "flush", "peak_mib": 690.4375}
{"phase": "rfc_checksum", "peak_mib": 690.4375}
{"phase": "rfc_checksum", "peak_mib": 690.4375}
{"phase": "flush", "peak_mib": 690.4375}
{"phase": "flush", "peak_mib": 690.4375}
{"phase": "flush", "peak_mib": 690.4375}
{"phase": "flush", "peak_mib": 690.4375}
{"phase": "flush", "peak_mib": 690.4375}
{"phase": "flush", "peak_mib": 690.4375}
{"phase": "flush", "peak_mib": 690.4375}
{"phase": "flush", "peak_mib": 690.4375}
{"phase": "flush", "peak_mib": 690.4375}
{"phase": "flush", "peak_mib": 690.4375}
{"phase": "flush", "peak_mib": 690.4375}
{"phase": "flush", "peak_mib": 690.4375}
{"phase": "flush", "peak_mib": 690.4375}
{"phase": "flush", "peak_mib": 690.4375}
{"phase": "flush", "peak_mib": 690.4375}
{"phase": "flush", "peak_mib": 690.4375}
{"phase": "flush", "peak_mib": 690.4375}
{"phase": "flush", "peak_mib": 690.4375}
{"phase": "flush", "peak_mib": 690.4375}
{"phase": "flush", "peak_mib": 690.4375}
{"phase": "flush", "peak_mib": 690.4375}
{"phase": "flush", "peak_mib": 690.4375}
{"phase": "flush", "peak_mib": 690.4375}
{"phase": "flush", "peak_mib": 690.4375}
{"phase": "flush", "peak_mib": 690.4375}
{"phase": "flush", "peak_mib": 690.4375}
{"phase": "flush", "peak_mib": 690.4375}
{"phase": "flush", "peak_mib": 690.4375}
{"phase": "flush", "peak_mib": 690.4375}
{"phase": "flush", "peak_mib": 690.4375}
{"phase": "flush", "peak_mib": 690.4375}
{"phase": "flush", "peak_mib": 690.4375}
{"phase": "flush", "peak_mib": 690.4375}
{"phase": "flush", "peak_mib": 690.4375}
{"phase": "flush", "peak_mib": 690.4375}
{"phase": "flush", "peak_mib": 690.4375}
{"server_peak_mib": 690.4375}

