........F...                                                             [100%]
=================================== FAILURES ===================================
__________ test_goal_and_time_are_used_and_missing_focus_is_explicit ___________

    def test_goal_and_time_are_used_and_missing_focus_is_explicit():
        strength = generate(replace(objective='strength'), snap(), AT)
        hypertrophy = generate(replace(objective='hypertrophy'), snap(), AT)
        assert strength['program']['days'][0]['exercises'][0]['reps'] != hypertrophy['program']['days'][0]['exercises'][0]['reps']
        short = generate(replace(minutes=15, focus={'calves':5}), snap(), AT)
        assert all(d['estimated_minutes'] <=15 for d in short['review']['days'])
>       assert short['review']['missing_focus'] == ['calves']
E       AssertionError: assert [] == ['calves']
E         
E         Right contains one more item: 'calves'
E         Use -v to get more diff

tests/v2/test_guided_planning.py:56: AssertionError
=============================== warnings summary ===============================
.venv-v2/lib/python3.12/site-packages/fastapi/testclient.py:1
  /Users/caglarcetin/Documents/GitHub/Athlete-Life/.venv-v2/lib/python3.12/site-packages/fastapi/testclient.py:1: StarletteDeprecationWarning: Using `httpx` with `starlette.testclient` is deprecated; install `httpx2` instead.
    from starlette.testclient import TestClient as TestClient  # noqa

.venv-v2/lib/python3.12/site-packages/starlette/testclient.py:53
  /Users/caglarcetin/Documents/GitHub/Athlete-Life/.venv-v2/lib/python3.12/site-packages/starlette/testclient.py:53: DeprecationWarning: The anyio.abc.BlockingPortal alias is deprecated, use anyio.from_thread.BlockingPortal instead.
    _PortalFactoryType = Callable[[], AbstractContextManager[anyio.abc.BlockingPortal]]

-- Docs: https://docs.pytest.org/en/stable/how-to/capture-warnings.html
=========================== short test summary info ============================
FAILED tests/v2/test_guided_planning.py::test_goal_and_time_are_used_and_missing_focus_is_explicit
1 failed, 11 passed, 2 warnings in 0.17s
