ra tekvando · Teknik / taktik analiz
Para okçuluk · Uyarlanmış duruş
Para okçuluk · Uyarlanmış yay çekiş yerleşimi
Para okçuluk · Uyarlanmış bırakış ve takip
Para okçuluk · Branşa özgü uygulama bloğu
Para okçuluk · Teknik / taktik analiz
Para atıcılık · Uyarlanmış duruş yerleşimi
Para atıcılık · Uyarlanmış nişan hattı analizi
Para atıcılık · Uyarlanmış tetik kontrolü teorisi
Para atıcılık · Branşa özgü uygulama bloğu
Para atıcılık · Teknik / taktik analiz
Para binicilik · Uyarlanmış adeta-tırıs geçişi
Para binicilik · Uyarlanmış dairede ritim
Para binicilik · Uyarlanmış duruş ve yeniden yürüyüş
Para binicilik · Branşa özgü uygulama bloğu
Para binicilik · Teknik / taktik analiz
Görme engelli futbolu · Sesli top takibi
Görme engelli futbolu · Top kontrolü
Görme engelli futbolu · Sözlü saha iletişimi
Görme engelli futbolu · Branşa özgü uygulama bloğu
Görme engelli futbolu · Teknik / taktik analiz
Oturarak voleybol · Uyarlanmış manşet pas
Oturarak voleybol · Uyarlanmış parmak pas
Oturarak voleybol · Uyarlanmış servis atışı
Oturarak voleybol · Branşa özgü uygulama bloğu
Oturarak voleybol · Teknik / taktik analiz
Goalball · Sesli top yönü
Goalball · Savunma yerleşimi
Goalball · Atış çizgisi
Goalball · Branşa özgü uygulama bloğu
Goalball · Teknik / taktik analiz
Boccia · Hedef top stratejisi
Boccia · Yuvarlama çizgisi
Boccia · Mesafe kontrolü
Boccia · Branşa özgü uygulama bloğu
Boccia · Teknik / taktik analiz
Para alp disiplini · Uyarlanmış denge duruşu
Para alp disiplini · Uyarlanmış kenar kontrolü
Para alp disiplini · Uyarlanmış dönüş bağlantısı
Para alp disiplini · Branşa özgü uygulama bloğu
Para alp disiplini · Teknik / taktik analiz
Para biatlon · Uyarlanmış kayak-atış geçişi
Para biatlon · Uyarlanmış atış pozisyonu analizi
Para biatlon · Uyarlanmış parkur tempo analizi
Para biatlon · Branşa özgü uygulama bloğu
Para biatlon · Teknik / taktik analiz
Para kayaklı koşu · Uyarlanmış diagonal stride
Para kayaklı koşu · Uyarlanmış double poling
Para kayaklı koşu · Uyarlanmış kayış ritmi
Para kayaklı koşu · Branşa özgü uygulama bloğu
Para kayaklı koşu · Teknik / taktik analiz
Para buz hokeyi · Uyarlanmış paten duruşu
Para buz hokeyi · Uyarlanmış puck taşıma
Para buz hokeyi · Uyarlanmış pas alma-verme
Para buz hokeyi · Branşa özgü uygulama bloğu
Para buz hokeyi · Teknik / taktik analiz
Para snowboard · Uyarlanmış denge duruşu
Para snowboard · Uyarlanmış topuk-burun kenar geçişi
Para snowboard · Uyarlanmış dönüş bağlantısı
Para snowboard · Branşa özgü uygulama bloğu
Para snowboard · Teknik / taktik analiz
Tekerlekli sandalye curling · Uyarlanmış delivery yerleşimi
Tekerlekli sandalye curling · Uyarlanmış bırakış çizgisi
Tekerlekli sandalye curling · Uyarlanmış süpürme ritmi
Tekerlekli sandalye curling · Branşa özgü uygulama bloğu
Tekerlekli sandalye curling · Teknik / taktik analiz
Satranç · Taktik pozisyon çözümü
Satranç · Oyun sonu çalışması
Satranç · Kendi oyununu inceleme
Satranç · Zamanlı problem / oyun uygulaması
Satranç · Teknik / taktik analiz
Go · Yaşam-ölüm problemleri
Go · Joseki incelemesi
Go · Kendi oyununu inceleme
Go · Zamanlı problem / oyun uygulaması
Go · Teknik / taktik analiz
Briç · Deklarasyon problemi
Briç · Yer oyunu problemi
Briç · Defans analizi
Briç · Zamanlı problem / oyun uygulaması
Briç · Teknik / taktik analiz
Elektronik sporlar · Seçili oyun mekaniği
Elektronik sporlar · Karar senaryosu
Elektronik sporlar · Maç tekrarı analizi
Elektronik sporlar · Zamanlı problem / oyun uygulaması
Elektronik sporlar · Teknik / taktik analiz
Yağlı güreş · Duruş ve ayak çalışması
Yağlı güreş · Kispet tutuş analizi
Yağlı güreş · Pozisyon geçişi analizi
Yağlı güreş · Branşa özgü uygulama bloğu
Yağlı güreş · Teknik / taktik analiz
Mas güreşi · Başlangıç tutuşu
Mas güreşi · Ayak yerleşimi
Mas güreşi · Çekiş açısı analizi
Mas güreşi · Branşa özgü uygulama bloğu
Mas güreşi · Teknik / taktik analiz
Sepak takraw · Ayak içi kontrol
Sepak takraw · Dizle kontrol
Sepak takraw · Servis yerleşimi
Sepak takraw · Branşa özgü uygulama bloğu
Sepak takraw · Teknik / taktik analiz
Halat çekme · Tutuş yerleşimi
Halat çekme · Ekip ritmi
Halat çekme · Ayak yerleşimi
Halat çekme · Branşa özgü uygulama bloğu
Halat çekme · Teknik / taktik analiz
Boules sporları · Hedefe atış
Boules sporları · Mesafe kontrolü
Boules sporları · Atış çizgisi
Boules sporları · Branşa özgü uygulama bloğu
Boules sporları · Teknik / taktik analiz
Sualtı hokeyi · Puck sürme
Sualtı hokeyi · Pas açısı
Sualtı hokeyi · Takım dizilişi analizi
Sualtı hokeyi · Branşa özgü uygulama bloğu
Sualtı hokeyi · Teknik / taktik analiz
Sualtı ragbisi · Top kontrolü
Sualtı ragbisi · Pas yönü
Sualtı ragbisi · Takım dizilişi analizi
Sualtı ragbisi · Branşa özgü uygulama bloğu
Sualtı ragbisi · Teknik / taktik analiz
Kontrollü dikey sıçrama
Sağlık topuyla göğüs atışı
Sağlık topuyla rotasyon atışı
Koşu ve yürüyüş dönüşümlü
Hafif toparlanma koşusu
Sabit ritimli koşu
Fartlek: değişken ritimli koşu
Kontrollü kısa hızlanmalar
Yokuş tekrarları
Rahat patika koşusu
Halkada L tutuş

Sabit tutuş · Süre kaydı · Rings

HAREKET ÖRÜNTÜSÜ · SADELEŞTİRİLMİŞ ÇİZİM

1
Destek al
2
Bacakları öne uzatarak tut
HAREKETİ TANI
Halkada L tutuş

Gövde dik, bacaklar öne uzanır. Ellerle desteği koru; tutuşu kontrollü bitir.

Ekipman: Rings. Şematik pozlar kişisel form değerlendirmesi değildir.

Uygulama kaynağını aç 

Şematik anlatım · Renkler hedef kas bölgelerini gösterir; ölçülmüş kas aktivasyonu veya kişisel teknik değerlendirmesi değildir.

Katalogdaki kas bölgeleri
Ön
Arka
Karın · Katalogda yüksek katkı. Bu eşleme aktivasyon veya gelişim yüzdesi değildir.
Karın
Kalça fleksörleri
Triseps
Kürek kemiği çevresi
Önkol
Karın
1
Kalça fleksörleri
0,9
Kürek kemiği çevresi
0,5
Triseps
0,42
Önkol
0,28

Katsayılar göreli model ağırlıklarıdır; kişisel kas aktivasyonu, hasarı veya gelişim yüzdesi değildir. Plan ve kayıtlar aynı hareket kimliğini kullanır.

Kimlik: ring-l-sit · movement-catalog-2
Seans geçmişim

Henüz gerçek seans kaydı yok.

Geri
Bugün
İleri
Bugün
Antrenman
Sağlık
Gelişim
Araçlar
node:internal/modules/run_main:107
    triggerUncaughtException(
    ^

locator.click: Timeout 15000ms exceeded.
Call log:
[2m  - waiting for locator('.movement-library').locator('.interactive-muscles').getByRole('group').getByRole('button').nth(1)[22m
[2m    - locator resolved to <path tabindex="0" role="button" aria-label="Önkol" aria-pressed="false" class="muscle-region" d="M19 69L26 72L21 92L14 88Z M74 72L81 69L86 88L79 92Z">…</path>[22m
[2m  - attempting click action[22m
[2m    - waiting for element to be visible, enabled and stable[22m
[2m    - element is visible, enabled and stable[22m
[2m    - scrolling into view if needed[22m
[2m    - done scrolling[22m
[2m    - <path tabindex="0" role="button" aria-label="Karın" aria-pressed="true" d="M43 55H57L56 84H44Z" class="muscle-region selected">…</path> intercepts pointer events[22m
[2m  - retrying click action[22m
[2m    - waiting for element to be visible, enabled and stable[22m
[2m    - element is visible, enabled and stable[22m
[2m    - scrolling into view if needed[22m
[2m    - done scrolling[22m
[2m    - <span>Antrenman</span> from <nav class="mobile-primary" aria-label="Mobil ana gezinme">…</nav> subtree intercepts pointer events[22m
[2m  - retrying click action[22m
[2m    - waiting 20ms[22m
[2m    - waiting for element to be visible, enabled and stable[22m
[2m    - element is visible, enabled and stable[22m
[2m    - scrolling into view if needed[22m
[2m    - done scrolling[22m
[2m    - <path tabindex="0" role="button" aria-label="Karın" aria-pressed="true" d="M43 55H57L56 84H44Z" class="muscle-region selected">…</path> intercepts pointer events[22m
[2m  2 × retrying click action[22m
[2m      - waiting 100ms[22m
[2m      - waiting for element to be visible, enabled and stable[22m
[2m      - element is visible, enabled and stable[22m
[2m      - scrolling into view if needed[22m
[2m      - done scrolling[22m
[2m      - <button class="sync-pill">…</button> from <header>…</header> subtree intercepts pointer events[22m
[2m  6 × retrying click action[22m
[2m      - waiting 500ms[22m
[2m      - waiting for element to be visible, enabled and stable[22m
[2m      - element is visible, enabled and stable[22m
[2m      - scrolling into view if needed[22m
[2m      - done scrolling[22m
[2m      - <span>Antrenman</span> from <nav class="mobile-primary" aria-label="Mobil ana gezinme">…</nav> subtree intercepts pointer events[22m
[2m    - retrying click action[22m
[2m      - waiting 500ms[22m
[2m      - waiting for element to be visible, enabled and stable[22m
[2m      - element is visible, enabled and stable[22m
[2m      - scrolling into view if needed[22m
[2m      - done scrolling[22m
[2m      - <path tabindex="0" role="button" aria-label="Karın" aria-pressed="true" d="M43 55H57L56 84H44Z" class="muscle-region selected">…</path> intercepts pointer events[22m
[2m    - retrying click action[22m
[2m      - waiting 500ms[22m
[2m      - waiting for element to be visible, enabled and stable[22m
[2m      - element is visible, enabled and stable[22m
[2m      - scrolling into view if needed[22m
[2m      - done scrolling[22m
[2m      - <button class="sync-pill">…</button> from <header>…</header> subtree intercepts pointer events[22m
[2m    - retrying click action[22m
[2m      - waiting 500ms[22m
[2m      - waiting for element to be visible, enabled and stable[22m
[2m      - element is visible, enabled and stable[22m
[2m      - scrolling into view if needed[22m
[2m      - done scrolling[22m
[2m      - <button class="sync-pill">…</button> from <header>…</header> subtree intercepts pointer events[22m
[2m  - retrying click action[22m
[2m    - waiting 500ms[22m
[2m    - waiting for element to be visible, enabled and stable[22m
[2m    - element is visible, enabled and stable[22m
[2m    - scrolling into view if needed[22m
[2m    - done scrolling[22m
[2m    - <span>Antrenman</span> from <nav class="mobile-primary" aria-label="Mobil ana gezinme">…</nav> subtree intercepts pointer events[22m
[2m  - retrying click action[22m
[2m    - waiting 500ms[22m
[2m    - waiting for element to be visible, enabled and stable[22m
[2m    - element is visible, enabled and stable[22m
[2m    - scrolling into view if needed[22m
[2m    - done scrolling[22m
[2m    - <path tabindex="0" role="button" aria-label="Karın" aria-pressed="true" d="M43 55H57L56 84H44Z" class="muscle-region selected">…</path> intercepts pointer events[22m
[2m  - retrying click action[22m
[2m    - waiting 500ms[22m
[2m    - waiting for element to be visible, enabled and stable[22m
[2m    - element is visible, enabled and stable[22m
[2m    - scrolling into view if needed[22m
[2m    - done scrolling[22m
[2m    - <button class="sync-pill">…</button> from <header>…</header> subtree intercepts pointer events[22m
[2m  - retrying click action[22m
[2m    - waiting 500ms[22m

    at /Users/caglarcetin/Documents/GitHub/Athlete-Life/tools/v2/library_regions_browser.mjs:40:55 {
  log: [
    "  - waiting for locator('.movement-library').locator('.interactive-muscles').getByRole('group').getByRole('button').nth(1)",
    '    - locator resolved to <path tabindex="0" role="button" aria-label="Önkol" aria-pressed="false" class="muscle-region" d="M19 69L26 72L21 92L14 88Z M74 72L81 69L86 88L79 92Z">…</path>',
    '  - attempting click action',
    '    - waiting for element to be visible, enabled and stable',
    '    - element is visible, enabled and stable',
    '    - scrolling into view if needed',
    '    - done scrolling',
    '    - <path tabindex="0" role="button" aria-label="Karın" aria-pressed="true" d="M43 55H57L56 84H44Z" class="muscle-region selected">…</path> intercepts pointer events',
    '  - retrying click action',
    '    - waiting for element to be visible, enabled and stable',
    '    - element is visible, enabled and stable',
    '    - scrolling into view if needed',
    '    - done scrolling',
    '    - <span>Antrenman</span> from <nav class="mobile-primary" aria-label="Mobil ana gezinme">…</nav> subtree intercepts pointer events',
    '  - retrying click action',
    '    - waiting 20ms',
    '    - waiting for element to be visible, enabled and stable',
    '    - element is visible, enabled and stable',
    '    - scrolling into view if needed',
    '    - done scrolling',
    '    - <path tabindex="0" role="button" aria-label="Karın" aria-pressed="true" d="M43 55H57L56 84H44Z" class="muscle-region selected">…</path> intercepts pointer events',
    '  2 × retrying click action',
    '      - waiting 100ms',
    '      - waiting for element to be visible, enabled and stable',
    '      - element is visible, enabled and stable',
    '      - scrolling into view if needed',
    '      - done scrolling',
    '      - <button class="sync-pill">…</button> from <header>…</header> subtree intercepts pointer events',
    '  6 × retrying click action',
    '      - waiting 500ms',
    '      - waiting for element to be visible, enabled and stable',
    '      - element is visible, enabled and stable',
    '      - scrolling into view if needed',
    '      - done scrolling',
    '      - <span>Antrenman</span> from <nav class="mobile-primary" aria-label="Mobil ana gezinme">…</nav> subtree intercepts pointer events',
    '    - retrying click action',
    '      - waiting 500ms',
    '      - waiting for element to be visible, enabled and stable',
    '      - element is visible, enabled and stable',
    '      - scrolling into view if needed',
    '      - done scrolling',
    '      - <path tabindex="0" role="button" aria-label="Karın" aria-pressed="true" d="M43 55H57L56 84H44Z" class="muscle-region selected">…</path> intercepts pointer events',
    '    - retrying click action',
    '      - waiting 500ms',
    '      - waiting for element to be visible, enabled and stable',
    '      - element is visible, enabled and stable',
    '      - scrolling into view if needed',
    '      - done scrolling',
    '      - <button class="sync-pill">…</button> from <header>…</header> subtree intercepts pointer events',
    '    - retrying click action',
    '      - waiting 500ms',
    '      - waiting for element to be visible, enabled and stable',
    '      - element is visible, enabled and stable',
    '      - scrolling into view if needed',
    '      - done scrolling',
    '      - <button class="sync-pill">…</button> from <header>…</header> subtree intercepts pointer events',
    '  - retrying click action',
    '    - waiting 500ms',
    '    - waiting for element to be visible, enabled and stable',
    '    - element is visible, enabled and stable',
    '    - scrolling into view if needed',
    '    - done scrolling',
    '    - <span>Antrenman</span> from <nav class="mobile-primary" aria-label="Mobil ana gezinme">…</nav> subtree intercepts pointer events',
    '  - retrying click action',
    '    - waiting 500ms',
    '    - waiting for element to be visible, enabled and stable',
    '    - element is visible, enabled and stable',
    '    - scrolling into view if needed',
    '    - done scrolling',
    '    - <path tabindex="0" role="button" aria-label="Karın" aria-pressed="true" d="M43 55H57L56 84H44Z" class="muscle-region selected">…</path> intercepts pointer events',
    '  - retrying click action',
    '    - waiting 500ms',
    '    - waiting for element to be visible, enabled and stable',
    '    - element is visible, enabled and stable',
    '    - scrolling into view if needed',
    '    - done scrolling',
    '    - <button class="sync-pill">…</button> from <header>…</header> subtree intercepts pointer events',
    '  - retrying click action',
    '    - waiting 500ms'
  ],
  name: 'TimeoutError'
}

Node.js v24.19.0
