...F.......................................................              [100%]
=================================== FAILURES ===================================
_______________ test_restore_is_atomic_when_later_record_invalid _______________

app = <fastapi.applications.FastAPI object at 0x10f5ec5c0>
client = <starlette.testclient.TestClient object at 0x10f438230>

    def test_restore_is_atomic_when_later_record_invalid(app, client):
        write(client, cmd(local_date="2026-09-15"))
        package = client.get("/api/v2/backups/export").json()
        bad = dict(package["records"]["shift"][0])
        bad["id"] = "7f462c1f-d142-4c85-a22e-ed1c602c2b75"
        bad["local_date"] = "2026-09-16"
        bad["commute_min"] = -1
        package["records"]["shift"].append(bad)
        package["counts"]["shift"] = 2
        package["checksum"] = export_checksum(
            {k: v for k, v in package.items() if k != "checksum"}
        )
        other = login(app, "arda", "test-password-456")
        prepared = other.post("/api/v2/imports/stage", content=json.dumps(package)).json()
>       assert (
            other.post(
                "/api/v2/commands", json=cmd("import.apply", prepared["id"], 1)
            ).status_code
            == 409
        )
E       AssertionError: assert 422 == 409
E        +  where 422 = <Response [422 Unprocessable Entity]>.status_code
E        +    where <Response [422 Unprocessable Entity]> = post('/api/v2/commands', json={'operation_id': '06397bec-df2a-4449-96eb-ea459310e694', 'entity_id': 'a16de297-3d51-468d-a292-4334fab57ba5', 'expected_version': 1, 'schema_version': 1, ...})
E        +      where post = <starlette.testclient.TestClient object at 0x10f60ea20>.post
E        +      and   {'operation_id': '06397bec-df2a-4449-96eb-ea459310e694', 'entity_id': 'a16de297-3d51-468d-a292-4334fab57ba5', 'expected_version': 1, 'schema_version': 1, ...} = cmd('import.apply', 'a16de297-3d51-468d-a292-4334fab57ba5', 1)

tests/v2/test_backups.py:197: AssertionError
=============================== warnings summary ===============================
.venv-v2/lib/python3.12/site-packages/fastapi/testclient.py:1
  /Users/caglarcetin/Documents/GitHub/Athlete-Life/.venv-v2/lib/python3.12/site-packages/fastapi/testclient.py:1: StarletteDeprecationWarning: Using `httpx` with `starlette.testclient` is deprecated; install `httpx2` instead.
    from starlette.testclient import TestClient as TestClient  # noqa

.venv-v2/lib/python3.12/site-packages/starlette/testclient.py:53
  /Users/caglarcetin/Documents/GitHub/Athlete-Life/.venv-v2/lib/python3.12/site-packages/starlette/testclient.py:53: DeprecationWarning: The anyio.abc.BlockingPortal alias is deprecated, use anyio.from_thread.BlockingPortal instead.
    _PortalFactoryType = Callable[[], AbstractContextManager[anyio.abc.BlockingPortal]]

-- Docs: https://docs.pytest.org/en/stable/how-to/capture-warnings.html
=========================== short test summary info ============================
FAILED tests/v2/test_backups.py::test_restore_is_atomic_when_later_record_invalid
1 failed, 58 passed, 2 warnings in 26.74s
