F......                                                                  [100%]
=================================== FAILURES ===================================
______________ test_nutrition_unknown_partial_complete_and_dedup _______________

client = <starlette.testclient.TestClient object at 0x10ce07a10>

    def test_nutrition_unknown_partial_complete_and_dedup(client):
>       assert client.get("/api/v2/nutrition-summary?on=2026-09-15").json() == {
            "status": "not_logged",
            "entries": 0,
            "totals": {
                k: None for k in ["kcal", "protein_g", "carbs_g", "fat_g", "fiber_g"]
            },
            "water_ml": None,
            "source_ids": [],
            "known_counts": {
                k: 0 for k in ["kcal", "protein_g", "carbs_g", "fat_g", "fiber_g"]
            },
            "missing_counts": {
                k: 0 for k in ["kcal", "protein_g", "carbs_g", "fat_g", "fiber_g"]
            },
            "meaning": "Kaydedilen bilinen toplam; tam günlük alım veya beslenme yeterliliği değildir.",
        }
E       AssertionError: assert {'status': 'n...ne, ...}, ...} == {'status': 'n...l': None, ...}
E         
E         Omitting 7 identical items, use -vv to show
E         Differing items:
E         {'meaning': 'Kaydedilen toplam; tahmini porsiyon değerlerini içerebilir. Tam günlük alım veya beslenme yeterliliği değildir.'} != {'meaning': 'Kaydedilen bilinen toplam; tam günlük alım veya beslenme yeterliliği değildir.'}
E         Left contains 1 more item:
E         {'estimated_entries': 0}
E         Use -v to get more diff

tests/v2/test_lifestyle.py:9: AssertionError
=============================== warnings summary ===============================
.venv-v2/lib/python3.12/site-packages/fastapi/testclient.py:1
  /Users/caglarcetin/Documents/GitHub/Athlete-Life/.venv-v2/lib/python3.12/site-packages/fastapi/testclient.py:1: StarletteDeprecationWarning: Using `httpx` with `starlette.testclient` is deprecated; install `httpx2` instead.
    from starlette.testclient import TestClient as TestClient  # noqa

.venv-v2/lib/python3.12/site-packages/starlette/testclient.py:53
  /Users/caglarcetin/Documents/GitHub/Athlete-Life/.venv-v2/lib/python3.12/site-packages/starlette/testclient.py:53: DeprecationWarning: The anyio.abc.BlockingPortal alias is deprecated, use anyio.from_thread.BlockingPortal instead.
    _PortalFactoryType = Callable[[], AbstractContextManager[anyio.abc.BlockingPortal]]

-- Docs: https://docs.pytest.org/en/stable/how-to/capture-warnings.html
=========================== short test summary info ============================
FAILED tests/v2/test_lifestyle.py::test_nutrition_unknown_partial_complete_and_dedup
1 failed, 6 passed, 2 warnings in 4.77s
