Athlete Life
Sentetik Sporcu
Çıkış yap

İLK KURULUM · 1 / 2 · SENİ TANIYALIM

Analizini tamamlayıp programını ana plana aldığında bütün bölümler açılacak. Sonraki girişlerinde bu adımları tekrarlaman gerekmeyecek.

Başlangıç analizin

Önce seni tanıyalım. Sonra branşlarını, hedefini, ekipmanlarını ve haftalık düzenini seçip programını birlikte hazırlayacağız.

Bedenin ve spor geçmişin

Ölçülerini kendin bildirirsin. Bu bilgiler beden yapısı, kas oranı veya sağlık tanısı olarak yorumlanmaz.

Yaşın
Boyun (cm)
Kilon (kg)
Toplam spor geçmişin (ay)
Cinsiyet
Belirtmek istemiyorum
Kadın
Erkek
İnterseks

Hiç spor yapmadıysan geçmişine 0 yaz. Program temel hareketleri öğrenme ve düzen oluşturma ile başlar. Her branştaki deneyimini sonraki adımlarda ayrıca belirtebilirsin.

Adet döngüsü ve çalışma tercihin · isteğe bağlı
Döngü bilgisi eklemek ister misin?
Paylaşmak istemiyorum
Evet, planımda kullan
Benim için geçerli değil
Son adet başlangıcı
Adet süresi (gün)
Genellikle iki başlangıç arası (gün)
Adet günlerinde nasıl çalışmak istersin?
Gün gün kendim karar vereceğim
Aynı programla devam etmek istiyorum
Bu günlerde ara vermek istiyorum
Döngü uzunluğuma göre tahmin edilen gelecek adet günlerini de bu planda dinlenme olarak kullan.

Gelecek tarihler tahmindir; hormon veya performans ölçümü değildir. Ara vermeyi seçersen ilgili günler dinlenme olur, yük başka güne yığılmaz. Tarihin değişirse taslağını yeniden hazırla. Gün gün karar verme ve devam etme seçenekleri planın takvimini değiştirmez.

Analizi kaydet ve planına geç
file:///Users/caglarcetin/Documents/GitHub/Athlete-Life/apps/web/node_modules/@axe-core/playwright/dist/index.mjs:218
      throw new Error(
            ^

Error: Please use browser.newContext()
 Please check out https://github.com/dequelabs/axe-core-npm/blob/develop/packages/playwright/error-handling.md
    at AxeBuilder.analyze (file:///Users/caglarcetin/Documents/GitHub/Athlete-Life/apps/web/node_modules/@axe-core/playwright/dist/index.mjs:218:13)
    at async file:///Users/caglarcetin/Documents/GitHub/Athlete-Life/tools/v2/intake_browser.mjs:23:160

Node.js v24.19.0
