İçeriğe geç
Sunucuya kaydedildi
Açık
D
Deniz Test
Seanslarım
Planım
Haftam
SENİN HEDEFİN, SENİN PLANIN
Antrenman planım

Hedefini anlat, taslağı düzenle ve hazır olduğunda ana planına al.

SANA GÖRE BİR BAŞLANGIÇ · 9/10
Daha sonra
Son bir kontrol
Program adı
Başlangıç tarihi
18 yaş veya üzerindeyim.
Şu anda hastalık, yaralanma veya değerlendirilmesi gereken belirti var.

Yetişkin onayı yoksa veya belirtiler varsa AI çağrısı yapılmaz. Standart taslakta otomatik hareket dozu yerine düzenleyebileceğin gün planı hazırlanır. Kayıtlı sağlık uyarıları da dikkate alınır.

Planı nasıl hazırlayalım?
Hazırlama yöntemi
AI ile hazırla
Standart taslak

EVREN bağlantı ayarları tanımlı; erişim ilk istekte doğrulanır.

Bağlantıyı yeniden kontrol et

AI; hedefini, ekipmanını, yöntemlerini, deneyimini, bildirdiğin hareket kapasitesini, gün/süre ve performans önceliklerini EVREN üzerinden değerlendirir. Sağlayıcının kota ve ücretlendirme koşulları geçerlidir.

Hesap kimliğin, şifren ve kayıtlı sağlık geçmişin gönderilmez. Serbest hedef alanına yazdıkların gönderilir; buraya kimlik veya özel sağlık bilgisi yazma.

Bu formdaki planlama bilgilerimin AI taslağı için EVREN’e gönderilmesini kabul ediyorum.

AI taslağı ekipman, süre ve kayıt kurallarından geçer. Son düzenlemeyi ve ana plana alma kararını sen verirsin.

Geri
AI ile programımı hazırla
Geri
Bugün
İleri
Bugün
Antrenman
Sağlık
Gelişim
Araçlar
node:internal/modules/run_main:107
    triggerUncaughtException(
    ^

ExpectError: expect(received).toEqual(expected) // deep equality

- Expected  -  1
+ Received  + 58

- Array []
+ Array [
+   Object {
+     "description": "Ensure the contrast between foreground and background colors meets WCAG 2 AA minimum contrast ratio thresholds",
+     "help": "Elements must meet minimum color contrast ratio thresholds",
+     "helpUrl": "https://dequeuniversity.com/rules/axe/4.13/color-contrast?application=playwright",
+     "id": "color-contrast",
+     "impact": "serious",
+     "nodes": Array [
+       Object {
+         "all": Array [],
+         "any": Array [
+           Object {
+             "data": Object {
+               "bgColor": "#e9eee6",
+               "contrastRatio": 4.33,
+               "expectedContrastRatio": "4.5:1",
+               "fgColor": "#64716b",
+               "fontSize": "9.8pt (13px)",
+               "fontWeight": "normal",
+               "messageKey": null,
+             },
+             "id": "color-contrast",
+             "impact": "serious",
+             "message": "Element has insufficient color contrast of 4.33 (foreground color: #64716b, background color: #e9eee6, font size: 9.8pt (13px), font weight: normal). Expected contrast ratio of 4.5:1",
+             "relatedNodes": Array [
+               Object {
+                 "html": "<label class=\"check\"><input type=\"radio\" value=\"ai\" checked=\"\" name=\"planner-engine\">AI ile hazırla</label>",
+                 "target": Array [
+                   ".check:nth-child(2)",
+                 ],
+               },
+             ],
+           },
+         ],
+         "failureSummary": "Fix any of the following:
+   Element has insufficient color contrast of 4.33 (foreground color: #64716b, background color: #e9eee6, font size: 9.8pt (13px), font weight: normal). Expected contrast ratio of 4.5:1",
+         "html": "<label class=\"check\"><input type=\"radio\" value=\"ai\" checked=\"\" name=\"planner-engine\">AI ile hazırla</label>",
+         "impact": "serious",
+         "none": Array [],
+         "target": Array [
+           ".check:nth-child(2)",
+         ],
+       },
+     ],
+     "tags": Array [
+       "cat.color",
+       "wcag2aa",
+       "wcag143",
+       "TTv5",
+       "TT13.c",
+       "EN-301-549",
+       "EN-9.1.4.3",
+       "ACT",
+       "RGAAv4",
+       "RGAA-3.2.1",
+     ],
+   },
+ ]
    at captureRawStack (/Users/caglarcetin/Documents/GitHub/Athlete-Life/apps/web/node_modules/playwright-core/lib/coreBundle.js:8588:17)
    at callMatcherAsStep (/Users/caglarcetin/Documents/GitHub/Athlete-Life/apps/web/node_modules/playwright/lib/matchers/expect.js:13310:57)
    at Object.toEqual (/Users/caglarcetin/Documents/GitHub/Athlete-Life/apps/web/node_modules/playwright/lib/matchers/expect.js:13302:23)
    at /Users/caglarcetin/Documents/GitHub/Athlete-Life/tools/v2/ai_repair_browser.mjs:36:152 {
  matcherResult: {
    actual: [
      {
        id: 'color-contrast',
        impact: 'serious',
        tags: [
          'cat.color',  'wcag2aa',
          'wcag143',    'TTv5',
          'TT13.c',     'EN-301-549',
          'EN-9.1.4.3', 'ACT',
          'RGAAv4',     'RGAA-3.2.1'
        ],
        description: 'Ensure the contrast between foreground and background colors meets WCAG 2 AA minimum contrast ratio thresholds',
        help: 'Elements must meet minimum color contrast ratio thresholds',
        helpUrl: 'https://dequeuniversity.com/rules/axe/4.13/color-contrast?application=playwright',
        nodes: [
          {
            any: [Array],
            all: [],
            none: [],
            impact: 'serious',
            html: '<label class="check"><input type="radio" value="ai" checked="" name="planner-engine">AI ile hazırla</label>',
            target: [Array],
            failureSummary: 'Fix any of the following:\n' +
              '  Element has insufficient color contrast of 4.33 (foreground color: #64716b, background color: #e9eee6, font size: 9.8pt (13px), font weight: normal). Expected contrast ratio of 4.5:1'
          }
        ]
      }
    ],
    expected: [],
    message: 'expect(received).toEqual(expected) // deep equality\n' +
      '\n' +
      '- Expected  -  1\n' +
      '+ Received  + 58\n' +
      '\n' +
      '- Array []\n' +
      '+ Array [\n' +
      '+   Object {\n' +
      '+     "description": "Ensure the contrast between foreground and background colors meets WCAG 2 AA minimum contrast ratio thresholds",\n' +
      '+     "help": "Elements must meet minimum color contrast ratio thresholds",\n' +
      '+     "helpUrl": "https://dequeuniversity.com/rules/axe/4.13/color-contrast?application=playwright",\n' +
      '+     "id": "color-contrast",\n' +
      '+     "impact": "serious",\n' +
      '+     "nodes": Array [\n' +
      '+       Object {\n' +
      '+         "all": Array [],\n' +
      '+         "any": Array [\n' +
      '+           Object {\n' +
      '+             "data": Object {\n' +
      '+               "bgColor": "#e9eee6",\n' +
      '+               "contrastRatio": 4.33,\n' +
      '+               "expectedContrastRatio": "4.5:1",\n' +
      '+               "fgColor": "#64716b",\n' +
      '+               "fontSize": "9.8pt (13px)",\n' +
      '+               "fontWeight": "normal",\n' +
      '+               "messageKey": null,\n' +
      '+             },\n' +
      '+             "id": "color-contrast",\n' +
      '+             "impact": "serious",\n' +
      '+             "message": "Element has insufficient color contrast of 4.33 (foreground color: #64716b, background color: #e9eee6, font size: 9.8pt (13px), font weight: normal). Expected contrast ratio of 4.5:1",\n' +
      '+             "relatedNodes": Array [\n' +
      '+               Object {\n' +
      '+                 "html": "<label class=\\"check\\"><input type=\\"radio\\" value=\\"ai\\" checked=\\"\\" name=\\"planner-engine\\">AI ile hazırla</label>",\n' +
      '+                 "target": Array [\n' +
      '+                   ".check:nth-child(2)",\n' +
      '+                 ],\n' +
      '+               },\n' +
      '+             ],\n' +
      '+           },\n' +
      '+         ],\n' +
      '+         "failureSummary": "Fix any of the following:\n' +
      '+   Element has insufficient color contrast of 4.33 (foreground color: #64716b, background color: #e9eee6, font size: 9.8pt (13px), font weight: normal). Expected contrast ratio of 4.5:1",\n' +
      '+         "html": "<label class=\\"check\\"><input type=\\"radio\\" value=\\"ai\\" checked=\\"\\" name=\\"planner-engine\\">AI ile hazırla</label>",\n' +
      '+         "impact": "serious",\n' +
      '+         "none": Array [],\n' +
      '+         "target": Array [\n' +
      '+           ".check:nth-child(2)",\n' +
      '+         ],\n' +
      '+       },\n' +
      '+     ],\n' +
      '+     "tags": Array [\n' +
      '+       "cat.color",\n' +
      '+       "wcag2aa",\n' +
      '+       "wcag143",\n' +
      '+       "TTv5",\n' +
      '+       "TT13.c",\n' +
      '+       "EN-301-549",\n' +
      '+       "EN-9.1.4.3",\n' +
      '+       "ACT",\n' +
      '+       "RGAAv4",\n' +
      '+       "RGAA-3.2.1",\n' +
      '+     ],\n' +
      '+   },\n' +
      '+ ]',
    name: 'toEqual',
    pass: false
  }
}

Node.js v24.19.0
