....F                                                                    [100%]
=================================== FAILURES ===================================
________________ test_generated_phases_persist_and_materialize _________________

client = <starlette.testclient.TestClient object at 0x10e0ef290>

    def test_generated_phases_persist_and_materialize(client):
        from datetime import timedelta
        from conftest import cmd
        from test_core import write
        from test_workouts import prescription
    
        request = data(weeks=4, progression_mode="phased", target_rir=2)
        baseline, context = ai.prepare(request, snap(), AT)
        result = ai.validate_plan(
            reply(request), request, baseline, context, AT, "synthetic", "EVREN"
        )
        created = write(client, cmd("program.create", **result["program"]))
        program = write(client, cmd("program.activate", created["entity"]["id"], 1))[
            "entity"
        ]
>       assert program["analysis"]["guided_choices"]["target_rir"] == 2
               ^^^^^^^^^^^^^^^^^^^
E       KeyError: 'analysis'

tests/v2/test_periodization.py:90: KeyError
=============================== warnings summary ===============================
.venv-v2/lib/python3.12/site-packages/fastapi/testclient.py:1
  /Users/caglarcetin/Documents/GitHub/Athlete-Life/.venv-v2/lib/python3.12/site-packages/fastapi/testclient.py:1: StarletteDeprecationWarning: Using `httpx` with `starlette.testclient` is deprecated; install `httpx2` instead.
    from starlette.testclient import TestClient as TestClient  # noqa

.venv-v2/lib/python3.12/site-packages/starlette/testclient.py:53
  /Users/caglarcetin/Documents/GitHub/Athlete-Life/.venv-v2/lib/python3.12/site-packages/starlette/testclient.py:53: DeprecationWarning: The anyio.abc.BlockingPortal alias is deprecated, use anyio.from_thread.BlockingPortal instead.
    _PortalFactoryType = Callable[[], AbstractContextManager[anyio.abc.BlockingPortal]]

-- Docs: https://docs.pytest.org/en/stable/how-to/capture-warnings.html
=========================== short test summary info ============================
FAILED tests/v2/test_periodization.py::test_generated_phases_persist_and_materialize
1 failed, 4 passed, 2 warnings in 0.96s
