tetik branş planı; gerçek sağlayıcı çağrısı yapılmadı.

Model: synthetic-model · Düzenleyip onayladıktan sonra planına alınır.

8 hafta · haftada 3 gün · Sekiz haftada barfikste kontrollü tekrarlarımı geliştirmek

Dönem yapısı ve ilerleme koşulları

Dönem şablonu uygulandı: her dört haftada uyum, iki gelişim haftası ve hafif hafta. Bu kullanıcı onayına sunulan planlama varsayımıdır.

Kuvvet çalışma setlerinde gelişim haftası RIR 2; uyum/hafif hafta RIR 3. Hafif haftada setler yaklaşık %30 azaltılır (aşağı yuvarlanır, en az bir set).

İlerleme koşulu: aynı hareket/yükte iki tamamlanmış seansta hedef tekrarlar ve RIR korunursa tekrar veya ağırlık artışını incele. Program ağırlığı kendiliğinden artırmaz; yeni plan sürümünü onaylarsın.

Teknik, tutuş ve dayanıklılık dozları aynen korunur. Sonraki dört haftada daha yüksek kg varsayılmaz; gerçek kayıtlarına göre planı yeniden değerlendir.

1–1. hafta · Pazartesi · Uyum · Tüm vücut · 5 hareket · 43.4 dk
ANA ÇALIŞMA

Bodyweight Squat

3 set × 8 tekrar · 2,5 dk dinlenme · 3 tekrar yedek

Neden bu hareket?
ANA ÇALIŞMA

Glute Bridge

3 set × 8 tekrar · 2,5 dk dinlenme · 3 tekrar yedek

Neden bu hareket?
ANA ÇALIŞMA

Push-Up

3 set × 8 tekrar · 2,5 dk dinlenme · 3 tekrar yedek

Neden bu hareket?
ANA ÇALIŞMA

Ring Row

3 set × 8 tekrar · 2,5 dk dinlenme · 3 tekrar yedek

Neden bu hareket?
TAMAMLAYICI

Ön kol plank

3 set × 20 sn · 1,5 dk dinlenme

Neden bu hareket?

Tahmini 43.4 dakika

1–1. hafta · Salı · Dinlenme
1–1. hafta · Çarşamba · Uyum · Tüm vücut · 5 hareket · 43.4 dk
1–1. hafta · Perşembe · Dinlenme
1–1. hafta · Cuma · Uyum · Tüm vücut · 5 hareket · 43.4 dk
1–1. hafta · Cumartesi · Dinlenme
1–1. hafta · Pazar · Dinlenme
2–3. hafta · Pazartesi · Gelişim · Tüm vücut · 5 hareket · 43.4 dk
ANA ÇALIŞMA

Bodyweight Squat

3 set × 8 tekrar · 2,5 dk dinlenme · 2 tekrar yedek

Neden bu hareket?
ANA ÇALIŞMA

Glute Bridge

3 set × 8 tekrar · 2,5 dk dinlenme · 2 tekrar yedek

Neden bu hareket?
ANA ÇALIŞMA

Push-Up

3 set × 8 tekrar · 2,5 dk dinlenme · 2 tekrar yedek

Neden bu hareket?
ANA ÇALIŞMA

Ring Row

3 set × 8 tekrar · 2,5 dk dinlenme · 2 tekrar yedek

Neden bu hareket?
TAMAMLAYICI

Ön kol plank

3 set × 20 sn · 1,5 dk dinlenme

Neden bu hareket?

Tahmini 43.4 dakika

2–3. hafta · Salı · Dinlenme
2–3. hafta · Çarşamba · Gelişim · Tüm vücut · 5 hareket · 43.4 dk
2–3. hafta · Perşembe · Dinlenme
2–3. hafta · Cuma · Gelişim · Tüm vücut · 5 hareket · 43.4 dk
2–3. hafta · Cumartesi · Dinlenme
2–3. hafta · Pazar · Dinlenme
4–4. hafta · Pazartesi · Hafif hafta · Tüm vücut · 5 hareket · 43.4 dk
ANA ÇALIŞMA

Bodyweight Squat

2 set × 8 tekrar · 2,5 dk dinlenme · 3 tekrar yedek

Neden bu hareket?
ANA ÇALIŞMA

Glute Bridge

2 set × 8 tekrar · 2,5 dk dinlenme · 3 tekrar yedek

Neden bu hareket?
ANA ÇALIŞMA

Push-Up

2 set × 8 tekrar · 2,5 dk dinlenme · 3 tekrar yedek

Neden bu hareket?
ANA ÇALIŞMA

Ring Row

2 set × 8 tekrar · 2,5 dk dinlenme · 3 tekrar yedek

Neden bu hareket?
TAMAMLAYICI

Ön kol plank

3 set × 20 sn · 1,5 dk dinlenme

Neden bu hareket?

Tahmini 43.4 dakika

4–4. hafta · Salı · Dinlenme
4–4. hafta · Çarşamba · Hafif hafta · Tüm vücut · 5 hareket · 43.4 dk
4–4. hafta · Perşembe · Dinlenme
4–4. hafta · Cuma · Hafif hafta · Tüm vücut · 5 hareket · 43.4 dk
4–4. hafta · Cumartesi · Dinlenme
4–4. hafta · Pazar · Dinlenme
5–5. hafta · Pazartesi · Uyum · Tüm vücut · 5 hareket · 43.4 dk
ANA ÇALIŞMA

Bodyweight Squat

3 set × 8 tekrar · 2,5 dk dinlenme · 3 tekrar yedek

Neden bu hareket?
ANA ÇALIŞMA

Glute Bridge

3 set × 8 tekrar · 2,5 dk dinlenme · 3 tekrar yedek

Neden bu hareket?
ANA ÇALIŞMA

Push-Up

3 set × 8 tekrar · 2,5 dk dinlenme · 3 tekrar yedek

Neden bu hareket?
ANA ÇALIŞMA

Ring Row

3 set × 8 tekrar · 2,5 dk dinlenme · 3 tekrar yedek

Neden bu hareket?
TAMAMLAYICI

Ön kol plank

3 set × 20 sn · 1,5 dk dinlenme

Neden bu hareket?

Tahmini 43.4 dakika

5–5. hafta · Salı · Dinlenme
5–5. hafta · Çarşamba · Uyum · Tüm vücut · 5 hareket · 43.4 dk
5–5. hafta · Perşembe · Dinlenme
5–5. hafta · Cuma · Uyum · Tüm vücut · 5 hareket · 43.4 dk
5–5. hafta · Cumartesi · Dinlenme
5–5. hafta · Pazar · Dinlenme
6–7. hafta · Pazartesi · Gelişim · Tüm vücut · 5 hareket · 43.4 dk
ANA ÇALIŞMA

Bodyweight Squat

3 set × 8 tekrar · 2,5 dk dinlenme · 2 tekrar yedek

Neden bu hareket?
ANA ÇALIŞMA

Glute Bridge

3 set × 8 tekrar · 2,5 dk dinlenme · 2 tekrar yedek

Neden bu hareket?
ANA ÇALIŞMA

Push-Up

3 set × 8 tekrar · 2,5 dk dinlenme · 2 tekrar yedek

Neden bu hareket?
ANA ÇALIŞMA

Ring Row

3 set × 8 tekrar · 2,5 dk dinlenme · 2 tekrar yedek

Neden bu hareket?
TAMAMLAYICI

Ön kol plank

3 set × 20 sn · 1,5 dk dinlenme

Neden bu hareket?

Tahmini 43.4 dakika

6–7. hafta · Salı · Dinlenme
6–7. hafta · Çarşamba · Gelişim · Tüm vücut · 5 hareket · 43.4 dk
6–7. hafta · Perşembe · Dinlenme
6–7. hafta · Cuma · Gelişim · Tüm vücut · 5 hareket · 43.4 dk
6–7. hafta · Cumartesi · Dinlenme
6–7. hafta · Pazar · Dinlenme
8–8. hafta · Pazartesi · Hafif hafta · Tüm vücut · 5 hareket · 43.4 dk
ANA ÇALIŞMA

Bodyweight Squat

2 set × 8 tekrar · 2,5 dk dinlenme · 3 tekrar yedek

Neden bu hareket?
ANA ÇALIŞMA

Glute Bridge

2 set × 8 tekrar · 2,5 dk dinlenme · 3 tekrar yedek

Neden bu hareket?
ANA ÇALIŞMA

Push-Up

2 set × 8 tekrar · 2,5 dk dinlenme · 3 tekrar yedek

Neden bu hareket?
ANA ÇALIŞMA

Ring Row

2 set × 8 tekrar · 2,5 dk dinlenme · 3 tekrar yedek

Neden bu hareket?
TAMAMLAYICI

Ön kol plank

3 set × 20 sn · 1,5 dk dinlenme

Neden bu hareket?

Tahmini 43.4 dakika

8–8. hafta · Salı · Dinlenme
8–8. hafta · Çarşamba · Hafif hafta · Tüm vücut · 5 hareket · 43.4 dk
8–8. hafta · Perşembe · Dinlenme
8–8. hafta · Cuma · Hafif hafta · Tüm vücut · 5 hareket · 43.4 dk
8–8. hafta · Cumartesi · Dinlenme
8–8. hafta · Pazar · Dinlenme
Kas dağılımı ve seçim gerekçeleri

Hedefler gerçek antrenman kaydı değildir. Sonraki ekranda hareketleri değiştirebilir, taslağı kaydedip ana planın olarak seçebilirsin.

Geri
Düzenle ve kaydet
Geri
Bugün
İleri
Bugün
Antrenman
Sağlık
Gelişim
Araçlar
node:internal/modules/run_main:107
    triggerUncaughtException(
    ^

ExpectError: expect(locator).toBeVisible() failed

Locator: getByText(/İlerleme koşulu: aynı hareket/)
Expected: visible
Error: strict mode violation: getByText(/İlerleme koşulu: aynı hareket/) resolved to 2 elements:
    1) <p>İlerleme koşulu: aynı hareket/yükte iki tamamlanm…</p> aka getByRole('paragraph').filter({ hasText: 'İlerleme koşulu: aynı hareket' })
    2) <p>İlerleme koşulu: aynı hareket/yükte iki tamamlanm…</p> aka getByText('İlerleme koşulu: aynı hareket').nth(1)

Call log:
  - Expect "toBeVisible" getByText(/İlerleme koşulu: aynı hareket/) with timeout 5000ms
  - waiting for getByText(/İlerleme koşulu: aynı hareket/)

    at captureRawStack (/Users/caglarcetin/Documents/GitHub/Athlete-Life/apps/web/node_modules/playwright-core/lib/coreBundle.js:8588:17)
    at callMatcherAsStep (/Users/caglarcetin/Documents/GitHub/Athlete-Life/apps/web/node_modules/playwright/lib/matchers/expect.js:13310:57)
    at Object.toBeVisible (/Users/caglarcetin/Documents/GitHub/Athlete-Life/apps/web/node_modules/playwright/lib/matchers/expect.js:13302:23)
    at /Users/caglarcetin/Documents/GitHub/Athlete-Life/tools/v2/atlevo_planner_browser.mjs:28:233 {
  matcherResult: {
    message: 'expect(locator).toBeVisible() failed\n' +
      '\n' +
      'Locator: getByText(/İlerleme koşulu: aynı hareket/)\n' +
      'Expected: visible\n' +
      'Error: strict mode violation: getByText(/İlerleme koşulu: aynı hareket/) resolved to 2 elements:\n' +
      "    1) <p>İlerleme koşulu: aynı hareket/yükte iki tamamlanm…</p> aka getByRole('paragraph').filter({ hasText: 'İlerleme koşulu: aynı hareket' })\n" +
      "    2) <p>İlerleme koşulu: aynı hareket/yükte iki tamamlanm…</p> aka getByText('İlerleme koşulu: aynı hareket').nth(1)\n" +
      '\n' +
      'Call log:\n' +
      '  - Expect "toBeVisible" getByText(/İlerleme koşulu: aynı hareket/) with timeout 5000ms\n' +
      '  - waiting for getByText(/İlerleme koşulu: aynı hareket/)\n',
    pass: false,
    actual: undefined,
    name: 'toBeVisible',
    expected: 'visible',
    log: [
      '  - Expect "toBeVisible" getByText(/İlerleme koşulu: aynı hareket/) with timeout 5000ms',
      '  - waiting for getByText(/İlerleme koşulu: aynı hareket/)'
    ],
    timeout: undefined,
    ariaSnapshot: undefined
  }
}

Node.js v24.19.0
