İçeriğe geç
Sunucuya kaydedildi
Açık
D
Deniz Test
Seanslarım
Planım
Haftam
SENİN HEDEFİN, SENİN PLANIN
Antrenman planım

Hedefini anlat, taslağı düzenle ve hazır olduğunda ana planına al.

SANA GÖRE BİR BAŞLANGIÇ · 2/10
Daha sonra
Hangi yöntemleri birlikte çalışıyorsun?
Branş ara
Branş kategorisi
Tüm kategoriler
Atletizm ve dayanıklılık
Binicilik
Bisiklet ve tekerlekli sporlar
Doğa ve macera
Dövüş sporları
Fitness ve kuvvet
Geleneksel sporlar
Hedef ve hassasiyet sporları
Jimnastik, kalistenik ve hareket
Kış sporları
Raket sporları
Takım sporları
Uyarlanmış ve para sporları
Yüzme ve su sporları
Zihin sporları
Çalıştığın branşı ekle
199 branştan seç · birden fazla ekleyebilirsin
Koşu
Patika koşusu
Pist koşusu
Sportif yürüyüş
Yürüyüş
Kürek
Kürek ergometresi
Triatlon
Duatlon
Akuatlon
Modern pentatlon
Atletizm atlamaları
Atletizm atışları
Çoklu atletizm
At terbiyesi
Binicilik engel atlama
Üç günlük yarışma
Atlı dayanıklılık
Atlı jimnastik
Polo
Yol bisikleti
Pist bisikleti
Dağ bisikleti
Salon bisikleti
Kaykay
Paten
Roller derby
BMX yarışı
BMX serbest stil
Motokros
Motor sporları
Para bisiklet
Sportif tırmanış
Bouldering
Dağcılık
Doğa yürüyüşü
Oryantiring
Macera yarışı
Buz tırmanışı
Mağaracılık
Kickboks
Muay Thai
Karma dövüş sanatları
Judo
Karate
Tekvando
Güreş
Brezilya jiu-jitsu
Ju-jitsu
Sambo
Wushu
Kendo
Aikido
Eskrim
Sumo
Capoeira
Kuvvet antrenmanı
Vücut geliştirme
Powerlifting
Halter
Strongman
Fonksiyonel fitness
Kettlebell sporu
Bilek güreşi
Yağlı güreş
Mas güreşi
Sepak takraw
Halat çekme
Boules sporları
Sualtı hokeyi
Sualtı ragbisi
Okçuluk
Atıcılık
Golf
Disk golf
Dart
Bilardo
Bowling
Petank
Bocce
Çim topu
Kalistenik
Artistik jimnastik
Ritmik jimnastik
Trampolin jimnastik
Akrobatik jimnastik
Aerobik jimnastik
Parkur
Dans sporu
Breaking
Yoga
Pilates
Mobilite çalışması
Cheerleading
İp atlama
Alp disiplini kayak
Kayaklı koşu
Biatlon
Kayakla atlama
Kuzey kombine
Serbest stil kayak
Dağ kayağı
Snowboard
Artistik buz pateni
Sürat pateni
Kısa kulvar sürat pateni
Buz hokeyi
Curling
Bobsled
Kızak
Skeleton
Tenis
Masa tenisi
Badminton
Squash
Padel
Pickleball
Raketbol
Plaj tenisi
Futbol
Futsal
Plaj futbolu
Basketbol
3x3 basketbol
Voleybol
Plaj voleybolu
Hentbol
Plaj hentbolu
Ragbi union
Yedili ragbi
Ragbi league
Amerikan futbolu
Bayrak futbolu
Beyzbol
Softbol
Kriket
Çim hokeyi
Floorball
Lakros
Ultimate frizbi
Netbol
Korfbol
Kabaddi
Avustralya futbolu
Gaelik futbol
Hurling
Para atletizm
Para yüzme
Para kürek
Para kano
Para triatlon
Para halter
Para tırmanış
Tekerlekli sandalye basketbolu
Tekerlekli sandalye ragbisi
Tekerlekli sandalye tenisi
Tekerlekli sandalye eskrimi
Para badminton
Para masa tenisi
Para judo
Para tekvando
Para okçuluk
Para atıcılık
Para binicilik
Görme engelli futbolu
Oturarak voleybol
Goalball
Boccia
Para alp disiplini
Para biatlon
Para kayaklı koşu
Para buz hokeyi
Para snowboard
Tekerlekli sandalye curling
Havuz yüzmesi
Açık su yüzmesi
Artistik yüzme
Atlama
Su topu
Kano sprint
Kano slalom
Deniz kayağı
Rafting
Yelken
Rüzgâr sörfü
Uçurtma sörfü
Dalga sörfü
Ayakta kürek
Su kayağı
Wakeboard
Tüplü dalış
Serbest dalış
Paletli yüzme
Cankurtarma sporu
Satranç
Go
Briç
Elektronik sporlar
Boks · kaldır
Spor geçmişin ve şu anki düzenin

Branşların ve burada yazdığın geçmiş AI taslağının bağlamına eklenir. Aşağıda programa katmak istediğin çalışma yöntemlerini seç.

Birden fazla yöntem seçebilirsin. Hibrit, bu yöntemlerin tek haftada birlikte planlanmasıdır.

Yöntemler Boks için güncellendi. Her branşın seçimini ayrı yapabilirsin.
Boks
Boks · Teknik çalışma
Gard ve duruş, İleri geri ayak çalışması, Jab, Cross
Boks · Partnerli teknik raunt
Boks için uygun tesis, ekipman ve güvenlik düzeni. Uygunluk, eğitmen ve partner bilgilerini sonraki adımda belirt.
Boks · Teknik / taktik analiz
Branşa ait teknik, rutin, parkur veya kararların analizi; fiziksel yük sayılmaz.
Başka bir destek çalışması ekle

Branş yöntemleri sonraki adımdaki teknikleri ve AI taslağını belirler. Katalog temel çalışma başlıklarını içerir; eksiksiz uzman müfredatı değildir.

Geri
Devam
Geri
Bugün
İleri
Bugün
Antrenman
Sağlık
Gelişim
Araçlar
node:internal/modules/run_main:107
    triggerUncaughtException(
    ^

locator.click: Timeout 30000ms exceeded.
Call log:
[2m  - waiting for getByRole('button', { name: /Boks · .*uygulama/i })[22m

    at /Users/caglarcetin/Documents/GitHub/Athlete-Life/tools/v2/sport_training_browser.mjs:16:61 {
  log: [
    "  - waiting for getByRole('button', { name: /Boks · .*uygulama/i })"
  ],
  name: 'TimeoutError'
}

Node.js v24.19.0
