.......F................                                                 [100%]
=================================== FAILURES ===================================
_________ test_equipment_experience_and_split_change_actual_exercises __________

    def test_equipment_experience_and_split_change_actual_exercises():
        bare = generate(replace(equipment=[], experience="new"), snap(), AT)
        assert not any(
            e["movement_id"] in {"barbell-squat", "pull-up", "chin-up"}
            for d in bare["program"]["days"]
            for e in d["exercises"]
        )
        split = generate(
            replace(
                split="upper_lower", equipment=["Barbell", "Squat Rack", "Pull-Up Bar"]
            ),
            snap(),
            AT,
        )
        training = [d for d in split["program"]["days"] if d["kind"] == "training"]
        assert [d["label"] for d in training] == ["Üst vücut", "Alt vücut", "Üst vücut"]
>       assert any(e["movement_id"] == "barbell-squat" for e in training[1]["exercises"])
E       assert False
E        +  where False = any(<generator object test_equipment_experience_and_split_change_actual_exercises.<locals>.<genexpr> at 0x10ba369b0>)

tests/v2/test_guided_planning.py:84: AssertionError
=============================== warnings summary ===============================
.venv-v2/lib/python3.12/site-packages/fastapi/testclient.py:1
  /Users/caglarcetin/Documents/GitHub/Athlete-Life/.venv-v2/lib/python3.12/site-packages/fastapi/testclient.py:1: StarletteDeprecationWarning: Using `httpx` with `starlette.testclient` is deprecated; install `httpx2` instead.
    from starlette.testclient import TestClient as TestClient  # noqa

.venv-v2/lib/python3.12/site-packages/starlette/testclient.py:53
  /Users/caglarcetin/Documents/GitHub/Athlete-Life/.venv-v2/lib/python3.12/site-packages/starlette/testclient.py:53: DeprecationWarning: The anyio.abc.BlockingPortal alias is deprecated, use anyio.from_thread.BlockingPortal instead.
    _PortalFactoryType = Callable[[], AbstractContextManager[anyio.abc.BlockingPortal]]

-- Docs: https://docs.pytest.org/en/stable/how-to/capture-warnings.html
=========================== short test summary info ============================
FAILED tests/v2/test_guided_planning.py::test_equipment_experience_and_split_change_actual_exercises
1 failed, 23 passed, 2 warnings in 5.73s
