İçeriğe geç
Athlete Life
ANTRENMANINI HAYATINA UYDUR
Bugün
Antrenman
Sağlık
Gelişim
Araçlar
D
Deniz Test
Kendi ritminde
Sunucuya kaydedildi
Açık
D
Deniz Test
Seanslarım
Planım
Haftam
SENİN HEDEFİN, SENİN PLANIN
Antrenman planım

Hedefini anlat, taslağı düzenle ve hazır olduğunda ana planına al.

Programın hazır · son rötuşlar

Günlerin, hareketlerin, setlerin ve hedeflerin otomatik dolduruldu. İstersen hareketin üzerine tıklayıp düzenle; bu haliyle de taslağı kaydedebilirsin.

Boş bırakılmış ek ağırlık gibi isteğe bağlı alanları şimdi doldurman gerekmez. Gerçekte yaptığın değerleri antrenman sırasında kaydedebilirsin.

1 · Dönem bilgilerin
Dönem adı
Başlangıç tarihi
Hafta sayısı
4 hafta
8 hafta
12 hafta
16 hafta
24 hafta
Dönem sonunda neyi geliştirmek istiyorsun?

Sentetik branş planı; gerçek sağlayıcı çağrısı yapılmadı.

AI taslağıdır; doğrulama biyolojik uygunluk garantisi değildir. Ana plana almak için inceleyip onayla.

Temel teknik kataloğu; eğitmenle düzenlenir.

2 · Hazır haftalık programın

Her günün hareketleri ve hedefleri hazır. Yalnız değiştirmek istediğin hareketi aç; günün takvimini de isteğe bağlı düzenleyebilirsin.

Pazartesi · 1–8. hafta · 1 hareket
Bu günün takvimini ve adını düzenle
Süre bütçesi ve değişiklik önizlemesi
Kolay tempoda koşu · 1 set × 10 dk · 0 sn dinlenme · Düzenle
Hareket / set / interval ekleBu günün farklı haftaları için çalışma ekleBu çalışma gününü kaldır
Salı · 1–8. hafta · Dinlenme
Çarşamba · 1–8. hafta · 1 hareket
Bu günün takvimini ve adını düzenle
Süre bütçesi ve değişiklik önizlemesi
Kolay tempoda koşu · 1 set × 10 dk · 0 sn dinlenme · Düzenle
Hareket / set / interval ekleBu günün farklı haftaları için çalışma ekleBu çalışma gününü kaldır
Perşembe · 1–8. hafta · Dinlenme
Cuma · 1–8. hafta · 1 hareket
Bu günün takvimini ve adını düzenle
Süre bütçesi ve değişiklik önizlemesi
Uzun ve rahat koşu · 1 set × 10 dk · 0 sn dinlenme · Düzenle
Hareket / set / interval ekleBu günün farklı haftaları için çalışma ekleBu çalışma gününü kaldır
Cumartesi · 1–8. hafta · Dinlenme
Pazar · 1–8. hafta · Dinlenme
3 · İncele ve kaydet

Taslağı kaydetmek ana programını değiştirmez. Kayıt kartından “Ana planım yap” ile onaylayabilirsin.

Taslağı kaydet
Taslağı cihazda tut, kapat
Hareket kütüphanesi
1151 katalog hareketi · kas bölgeleri ve kayıt biçimleri
Geri
Bugün
İleri
node:internal/modules/run_main:107
    triggerUncaughtException(
    ^

locator.selectOption: Timeout 30000ms exceeded.
Call log:
[2m  - waiting for getByLabel('Süre birimi', { exact: true }).first()[22m
[2m    - locator resolved to <select aria-label="Süre birimi">…</select>[22m
[2m  - attempting select option action[22m
[2m    2 × waiting for element to be visible and enabled[22m
[2m      - element is not visible[22m
[2m    - retrying select option action[22m
[2m    - waiting 20ms[22m
[2m    2 × waiting for element to be visible and enabled[22m
[2m      - element is not visible[22m
[2m    - retrying select option action[22m
[2m      - waiting 100ms[22m
[2m    60 × waiting for element to be visible and enabled[22m
[2m       - element is not visible[22m
[2m     - retrying select option action[22m
[2m       - waiting 500ms[22m

    at /Users/caglarcetin/Documents/GitHub/Athlete-Life/tools/v2/metrics_browser.mjs:37:60 {
  log: [
    "  - waiting for getByLabel('Süre birimi', { exact: true }).first()",
    '    - locator resolved to <select aria-label="Süre birimi">…</select>',
    '  - attempting select option action',
    '    2 × waiting for element to be visible and enabled',
    '      - element is not visible',
    '    - retrying select option action',
    '    - waiting 20ms',
    '    2 × waiting for element to be visible and enabled',
    '      - element is not visible',
    '    - retrying select option action',
    '      - waiting 100ms',
    '    60 × waiting for element to be visible and enabled',
    '       - element is not visible',
    '     - retrying select option action',
    '       - waiting 500ms'
  ],
  name: 'TimeoutError'
}

Node.js v24.19.0
