İçeriğe geç
Sunucuya kaydedildi
Açık
D
SANA AİT ALAN
Profilim

Deniz Test · @deniz

Deniz Test

Kendi başlangıcın, kendi hedeflerin.

Uygulamayı tanı
Spor ve sağlık profilim

Yaş, deneyim ve belirtiler aynı şey değildir. Hassas bilgileri paylaşman isteğe bağlıdır.

Doğum tarihi (isteğe bağlı)
Fizyolojik profil
Belirtmek istemiyorum
Kadın
Erkek
İnterseks
Spor geçmişim
Yeni başlıyorum
Ara verdim, dönüyorum
Düzenli çalışıyorum
İleri düzey çalışıyorum
İsteğe bağlı döngü günlüğünü kullanmak istiyorum
Tercih ettiğim görünüm
Sade görünüm
Profesyonel görünüm
Branş ekle
Branş seç
Kuvvet antrenmanı
Kalistenik
Vücut geliştirme
Powerlifting
Halter
Strongman
Fonksiyonel fitness
Kettlebell sporu
Bilek güreşi
Koşu
Patika koşusu
Pist koşusu
Sportif yürüyüş
Yürüyüş
Yol bisikleti
Pist bisikleti
Dağ bisikleti
Salon bisikleti
Kürek
Kürek ergometresi
Triatlon
Duatlon
Akuatlon
Modern pentatlon
Atletizm atlamaları
Atletizm atışları
Çoklu atletizm
Havuz yüzmesi
Açık su yüzmesi
Artistik yüzme
Atlama
Su topu
Kano sprint
Kano slalom
Deniz kayağı
Rafting
Yelken
Rüzgâr sörfü
Uçurtma sörfü
Dalga sörfü
Ayakta kürek
Su kayağı
Wakeboard
Tüplü dalış
Serbest dalış
Paletli yüzme
Cankurtarma sporu
Futbol
Futsal
Plaj futbolu
Basketbol
3x3 basketbol
Voleybol
Plaj voleybolu
Hentbol
Plaj hentbolu
Ragbi union
Yedili ragbi
Ragbi league
Amerikan futbolu
Bayrak futbolu
Beyzbol
Softbol
Kriket
Çim hokeyi
Floorball
Lakros
Ultimate frizbi
Netbol
Korfbol
Kabaddi
Avustralya futbolu
Gaelik futbol
Hurling
Tenis
Masa tenisi
Badminton
Squash
Padel
Pickleball
Raketbol
Plaj tenisi
Boks
Kickboks
Muay Thai
Karma dövüş sanatları
Judo
Karate
Tekvando
Güreş
Brezilya jiu-jitsu
Ju-jitsu
Sambo
Wushu
Kendo
Aikido
Eskrim
Sumo
Capoeira
Artistik jimnastik
Ritmik jimnastik
Trampolin jimnastik
Akrobatik jimnastik
Aerobik jimnastik
Parkur
Dans sporu
Breaking
Yoga
Pilates
Mobilite çalışması
Cheerleading
İp atlama
Sportif tırmanış
Bouldering
Dağcılık
Doğa yürüyüşü
Oryantiring
Macera yarışı
Buz tırmanışı
Mağaracılık
Alp disiplini kayak
Kayaklı koşu
Biatlon
Kayakla atlama
Kuzey kombine
Serbest stil kayak
Dağ kayağı
Snowboard
Artistik buz pateni
Sürat pateni
Kısa kulvar sürat pateni
Buz hokeyi
Curling
Bobsled
Kızak
Skeleton
Okçuluk
Atıcılık
Golf
Disk golf
Dart
Bilardo
Bowling
Petank
Bocce
Çim topu
Kaykay
Paten
Roller derby
BMX yarışı
BMX serbest stil
Motokros
Motor sporları
At terbiyesi
Binicilik engel atlama
Üç günlük yarışma
Atlı dayanıklılık
Atlı jimnastik
Polo
Para atletizm
Para yüzme
Para bisiklet
Para kürek
Para kano
Para triatlon
Para halter
Para tırmanış
Tekerlekli sandalye basketbolu
Tekerlekli sandalye ragbisi
Tekerlekli sandalye tenisi
Tekerlekli sandalye eskrimi
Para badminton
Para masa tenisi
Para judo
Para tekvando
Para okçuluk
Para atıcılık
Para binicilik
Görme engelli futbolu
Oturarak voleybol
Goalball
Boccia
Para alp disiplini
Para biatlon
Para kayaklı koşu
Para buz hokeyi
Para snowboard
Tekerlekli sandalye curling
Satranç
Go
Briç
Elektronik sporlar
Yağlı güreş
Mas güreşi
Sepak takraw
Halat çekme
Boules sporları
Sualtı hokeyi
Sualtı ragbisi
Ekipmanlarım
Kaydı sakla
Sunucu onayı üstteki eşitleme alanında görünür.
Hesap bilgilerim
Görünen adım
E-posta adresim
Kaydı sakla
Sunucu onayı üstteki eşitleme alanında görünür.

E-posta doğrulama/gönderme hizmeti yapılandırılmadı. Şifre kurtarmak için aşağıdaki tek kullanımlık kodları saklayabilirsin.

Fotoğrafım
Fotoğraf ekle

En fazla 2 MB; kaydederken 960 piksele küçültülür ve konum metadata’sı çıkarılır.

Güvenlik
Şifremi değiştir
Kurtarma kodlarım
Hesabımdan ayrıl
Çıkış yap
Hesabımı ve aktif verilerimi sil
Geri
Bugün
İleri
STATE {"api_version":2,"schema_version":1,"athlete_id":"91e08b78-d88f-46c7-bfac-fe5e02534e77","cursor":2,"generation":"edb944a2-7a5a-4897-859c-f2059fa89b25","timezone":"Europe/Istanbul","week_start":0,"day_boundary_hour":0,"server_time":"2026-09-25T19:59:13.710727+00:00","shifts":[],"optimizations":[],"imports":[],"medias":[],"programs":[],"program_days":[],"program_exercises":[],"prescriptions":[],"slots":[],"sessions":[],"sets":[],"analysiss":[],"archives":[],"foods":[],"recipes":[],"meals":[],"hydrations":[{"ml":375,"note":"","local_date":"2026-09-10","occurred_at":null,"timezone":"Europe/Istanbul","time_precision":"date_only","id":"9211a2e1-6517-458c-b9e0-e4952324bd18","version":1,"created_at":"2026-09-25T19:59:12.262215+00:00","updated_at":"2026-09-25T19:59:12.261746+00:00","deleted_at":null,"source":"manual"}],"nutrition_days":[],"checkins":[],"sleeps":[],"pains":[],"measurements":[],"capabilitys":[],"goals":[],"goal_measurements":[],"events":[],"profiles":[{"birth_date":null,"sex":"unspecified","experience":"new","cycle_tracking":false,"interface_mode":"professional","avatar_id":null,"equipment":[],"sport_ids":[],"tutorial_completed":false,"id":"abc00af3-3ea0-483a-b061-7dec8041ad8e","version":1,"created_at":"2026-09-25T19:59:11.131784+00:00","updated_at":"2026-09-25T19:59:11.131318+00:00","deleted_at":null,"source":"manual"}],"episodes":[],"cycles":[],"labs":[]}
node:internal/modules/run_main:107
    triggerUncaughtException(
    ^

ExpectError: expect(received).toEqual(expected) // deep equality

- Expected  -   1
+ Received  + 478

- Array []
+ Array [
+   Object {
+     "description": "Ensure the contrast between foreground and background colors meets WCAG 2 AA minimum contrast ratio thresholds",
+     "help": "Elements must meet minimum color contrast ratio thresholds",
+     "helpUrl": "https://dequeuniversity.com/rules/axe/4.13/color-contrast?application=playwright",
+     "id": "color-contrast",
+     "impact": "serious",
+     "nodes": Array [
+       Object {
+         "all": Array [],
+         "any": Array [
+           Object {
+             "data": Object {
+               "bgColor": "#f4f3ef",
+               "contrastRatio": 4.26,
+               "expectedContrastRatio": "4.5:1",
+               "fgColor": "#6a7670",
+               "fontSize": "7.5pt (10px)",
+               "fontWeight": "normal",
+               "messageKey": null,
+             },
+             "id": "color-contrast",
+             "impact": "serious",
+             "message": "Element has insufficient color contrast of 4.26 (foreground color: #6a7670, background color: #f4f3ef, font size: 7.5pt (10px), font weight: normal). Expected contrast ratio of 4.5:1",
+             "relatedNodes": Array [
+               Object {
+                 "html": "<html lang=\"tr\" data-theme=\"light\">",
+                 "target": Array [
+                   "html",
+                 ],
+               },
+             ],
+           },
+         ],
+         "failureSummary": "Fix any of the following:
+   Element has insufficient color contrast of 4.26 (foreground color: #6a7670, background color: #f4f3ef, font size: 7.5pt (10px), font weight: normal). Expected contrast ratio of 4.5:1",
+         "html": "<span class=\"eyebrow\">Sana ait alan</span>",
+         "impact": "serious",
+         "none": Array [],
+         "target": Array [
+           "div > .eyebrow",
+         ],
+       },
+       Object {
+         "all": Array [],
+         "any": Array [
+           Object {
+             "data": Object {
+               "bgColor": "#f4f3ef",
+               "contrastRatio": 4.26,
+               "expectedContrastRatio": "4.5:1",
+               "fgColor": "#6a7670",
+               "fontSize": "10.5pt (14px)",
+               "fontWeight": "normal",
+               "messageKey": null,
+             },
+             "id": "color-contrast",
+             "impact": "serious",
+             "message": "Element has insufficient color contrast of 4.26 (foreground color: #6a7670, background color: #f4f3ef, font size: 10.5pt (14px), font weight: normal). Expected contrast ratio of 4.5:1",
+             "relatedNodes": Array [
+               Object {
+                 "html": "<html lang=\"tr\" data-theme=\"light\">",
+                 "target": Array [
+                   "html",
+                 ],
+               },
+             ],
+           },
+         ],
+         "failureSummary": "Fix any of the following:
+   Element has insufficient color contrast of 4.26 (foreground color: #6a7670, background color: #f4f3ef, font size: 10.5pt (14px), font weight: normal). Expected contrast ratio of 4.5:1",
+         "html": "<p>Deniz Test · @deniz</p>",
+         "impact": "serious",
+         "none": Array [],
+         "target": Array [
+           ".section-heading > div > p",
+         ],
+       },
+       Object {
+         "all": Array [],
+         "any": Array [
+           Object {
+             "data": Object {
+               "bgColor": "#f4f3ef",
+               "contrastRatio": 4.26,
+               "expectedContrastRatio": "4.5:1",
+               "fgColor": "#6a7670",
+               "fontSize": "9.8pt (13px)",
+               "fontWeight": "normal",
+               "messageKey": null,
+             },
+             "id": "color-contrast",
+             "impact": "serious",
+             "message": "Element has insufficient color contrast of 4.26 (foreground color: #6a7670, background color: #f4f3ef, font size: 9.8pt (13px), font weight: normal). Expected contrast ratio of 4.5:1",
+             "relatedNodes": Array [
+               Object {
+                 "html": "<form class=\"record-form\">",
+                 "target": Array [
+                   "section:nth-child(3) > .record-form",
+                 ],
+               },
+             ],
+           },
+         ],
+         "failureSummary": "Fix any of the following:
+   Element has insufficient color contrast of 4.26 (foreground color: #6a7670, background color: #f4f3ef, font size: 9.8pt (13px), font weight: normal). Expected contrast ratio of 4.5:1",
+         "html": "<label class=\"\">Doğum tarihi (isteğe bağlı)<input aria-label=\"Doğum tarihi (isteğe bağlı)\" type=\"date\" value=\"\" name=\"birth_date\"></label>",
+         "impact": "serious",
+         "none": Array [],
+         "target": Array [
+           "section:nth-child(3) > .record-form > .form-grid:nth-child(1) > label:nth-child(1)",
+         ],
+       },
+       Object {
+         "all": Array [],
+         "any": Array [
+           Object {
+             "data": Object {
+               "bgColor": "#f4f3ef",
+               "contrastRatio": 4.26,
+               "expectedContrastRatio": "4.5:1",
+               "fgColor": "#6a7670",
+               "fontSize": "9.8pt (13px)",
+               "fontWeight": "normal",
+               "messageKey": null,
+             },
+             "id": "color-contrast",
+             "impact": "serious",
+             "message": "Element has insufficient color contrast of 4.26 (foreground color: #6a7670, background color: #f4f3ef, font size: 9.8pt (13px), font weight: normal). Expected contrast ratio of 4.5:1",
+             "relatedNodes": Array [
+               Object {
+                 "html": "<form class=\"record-form\">",
+                 "target": Array [
+                   "section:nth-child(3) > .record-form",
+                 ],
+               },
+             ],
+           },
+         ],
+         "failureSummary": "Fix any of the following:
+   Element has insufficient color contrast of 4.26 (foreground color: #6a7670, background color: #f4f3ef, font size: 9.8pt (13px), font weight: normal). Expected contrast ratio of 4.5:1",
+         "html": "<label class=\"\">Fizyolojik profil<select name=\"sex\" required=\"\" aria-label=\"Fizyolojik profil\"><option value=\"unspecified\" selected=\"\">Belirtmek istemiyorum</option><option value=\"female\">Kadın</option><option value=\"male\">Erkek</option><option value=\"intersex\">İnterseks</option></select></label>",
+         "impact": "serious",
+         "none": Array [],
+         "target": Array [
+           "section:nth-child(3) > .record-form > .form-grid:nth-child(1) > label:nth-child(2)",
+         ],
+       },
+       Object {
+         "all": Array [],
+         "any": Array [
+           Object {
+             "data": Object {
+               "bgColor": "#f4f3ef",
+               "contrastRatio": 4.26,
+               "expectedContrastRatio": "4.5:1",
+               "fgColor": "#6a7670",
+               "fontSize": "9.8pt (13px)",
+               "fontWeight": "normal",
+               "messageKey": null,
+             },
+             "id": "color-contrast",
+             "impact": "serious",
+             "message": "Element has insufficient color contrast of 4.26 (foreground color: #6a7670, background color: #f4f3ef, font size: 9.8pt (13px), font weight: normal). Expected contrast ratio of 4.5:1",
+             "relatedNodes": Array [
+               Object {
+                 "html": "<form class=\"record-form\">",
+                 "target": Array [
+                   "section:nth-child(3) > .record-form",
+                 ],
+               },
+             ],
+           },
+         ],
+         "failureSummary": "Fix any of the following:
+   Element has insufficient color contrast of 4.26 (foreground color: #6a7670, background color: #f4f3ef, font size: 9.8pt (13px), font weight: normal). Expected contrast ratio of 4.5:1",
+         "html": "<label class=\"\">",
+         "impact": "serious",
+         "none": Array [],
+         "target": Array [
+           ".form-grid:nth-child(1) > label:nth-child(3)",
+         ],
+       },
+       Object {
+         "all": Array [],
+         "any": Array [
+           Object {
+             "data": Object {
+               "bgColor": "#f4f3ef",
+               "contrastRatio": 4.26,
+               "expectedContrastRatio": "4.5:1",
+               "fgColor": "#6a7670",
+               "fontSize": "9.8pt (13px)",
+               "fontWeight": "normal",
+               "messageKey": null,
+             },
+             "id": "color-contrast",
+             "impact": "serious",
+             "message": "Element has insufficient color contrast of 4.26 (foreground color: #6a7670, background color: #f4f3ef, font size: 9.8pt (13px), font weight: normal). Expected contrast ratio of 4.5:1",
+             "relatedNodes": Array [
+               Object {
+                 "html": "<form class=\"record-form\">",
+                 "target": Array [
+                   "section:nth-child(3) > .record-form",
+                 ],
+               },
+             ],
+           },
+         ],
+         "failureSummary": "Fix any of the following:
+   Element has insufficient color contrast of 4.26 (foreground color: #6a7670, background color: #f4f3ef, font size: 9.8pt (13px), font weight: normal). Expected contrast ratio of 4.5:1",
+         "html": "<label class=\"check\"><input type=\"checkbox\" name=\"cycle_tracking\">İsteğe bağlı döngü günlüğünü kullanmak istiyorum</label>",
+         "impact": "serious",
+         "none": Array [],
+         "target": Array [
+           ".form-grid:nth-child(1) > .check",
+         ],
+       },
+       Object {
+         "all": Array [],
+         "any": Array [
+           Object {
+             "data": Object {
+               "bgColor": "#f4f3ef",
+               "contrastRatio": 4.26,
+               "expectedContrastRatio": "4.5:1",
+               "fgColor": "#6a7670",
+               "fontSize": "9.8pt (13px)",
+               "fontWeight": "normal",
+               "messageKey": null,
+             },
+             "id": "color-contrast",
+             "impact": "serious",
+             "message": "Element has insufficient color contrast of 4.26 (foreground color: #6a7670, background color: #f4f3ef, font size: 9.8pt (13px), font weight: normal). Expected contrast ratio of 4.5:1",
+             "relatedNodes": Array [
+               Object {
+                 "html": "<form class=\"record-form\">",
+                 "target": Array [
+                   "section:nth-child(3) > .record-form",
+                 ],
+               },
+             ],
+           },
+         ],
+         "failureSummary": "Fix any of the following:
+   Element has insufficient color contrast of 4.26 (foreground color: #6a7670, background color: #f4f3ef, font size: 9.8pt (13px), font weight: normal). Expected contrast ratio of 4.5:1",
+         "html": "<label class=\"\">Tercih ettiğim görünüm<select name=\"interface_mode\" required=\"\" aria-label=\"Tercih ettiğim görünüm\"><option value=\"simple\">Sade görünüm</option><option value=\"professional\" selected=\"\">Profesyonel görünüm</option></select></label>",
+         "impact": "serious",
+         "none": Array [],
+         "target": Array [
+           "label:nth-child(5)",
+         ],
+       },
+       Object {
+         "all": Array [],
+         "any": Array [
+           Object {
+             "data": Object {
+               "bgColor": "#f4f3ef",
+               "contrastRatio": 4.26,
+               "expectedContrastRatio": "4.5:1",
+               "fgColor": "#6a7670",
+               "fontSize": "9.8pt (13px)",
+               "fontWeight": "normal",
+               "messageKey": null,
+             },
+             "id": "color-contrast",
+             "impact": "serious",
+             "message": "Element has insufficient color contrast of 4.26 (foreground color: #6a7670, background color: #f4f3ef, font size: 9.8pt (13px), font weight: normal). Expected contrast ratio of 4.5:1",
+             "relatedNodes": Array [
+               Object {
+                 "html": "<form class=\"record-form\">",
+                 "target": Array [
+                   "section:nth-child(3) > .record-form",
+                 ],
+               },
+             ],
+           },
+         ],
+         "failureSummary": "Fix any of the following:
+   Element has insufficient color contrast of 4.26 (foreground color: #6a7670, background color: #f4f3ef, font size: 9.8pt (13px), font weight: normal). Expected contrast ratio of 4.5:1",
+         "html": "<label>",
+         "impact": "serious",
+         "none": Array [],
+         "target": Array [
+           ".form-grid:nth-child(2) > label:nth-child(1)",
+         ],
+       },
+       Object {
+         "all": Array [],
+         "any": Array [
+           Object {
+             "data": Object {
+               "bgColor": "#f4f3ef",
+               "contrastRatio": 4.26,
+               "expectedContrastRatio": "4.5:1",
+               "fgColor": "#6a7670",
+               "fontSize": "9.8pt (13px)",
+               "fontWeight": "normal",
+               "messageKey": null,
+             },
+             "id": "color-contrast",
+             "impact": "serious",
+             "message": "Element has insufficient color contrast of 4.26 (foreground color: #6a7670, background color: #f4f3ef, font size: 9.8pt (13px), font weight: normal). Expected contrast ratio of 4.5:1",
+             "relatedNodes": Array [
+               Object {
+                 "html": "<form class=\"record-form\">",
+                 "target": Array [
+                   "section:nth-child(3) > .record-form",
+                 ],
+               },
+             ],
+           },
+         ],
+         "failureSummary": "Fix any of the following:
+   Element has insufficient color contrast of 4.26 (foreground color: #6a7670, background color: #f4f3ef, font size: 9.8pt (13px), font weight: normal). Expected contrast ratio of 4.5:1",
+         "html": "<label>Ekipmanlarım<input placeholder=\"Örn. bar, halka, dambıl\" value=\"\"></label>",
+         "impact": "serious",
+         "none": Array [],
+         "target": Array [
+           ".form-grid:nth-child(2) > label:nth-child(2)",
+         ],
+       },
+       Object {
+         "all": Array [],
+         "any": Array [
+           Object {
+             "data": Object {
+               "bgColor": "#f4f3ef",
+               "contrastRatio": 4.26,
+               "expectedContrastRatio": "4.5:1",
+               "fgColor": "#6a7670",
+               "fontSize": "9.0pt (12px)",
+               "fontWeight": "normal",
+               "messageKey": null,
+             },
+             "id": "color-contrast",
+             "impact": "serious",
+             "message": "Element has insufficient color contrast of 4.26 (foreground color: #6a7670, background color: #f4f3ef, font size: 9.0pt (12px), font weight: normal). Expected contrast ratio of 4.5:1",
+             "relatedNodes": Array [
+               Object {
+                 "html": "<form class=\"record-form\">",
+                 "target": Array [
+                   "section:nth-child(3) > .record-form",
+                 ],
+               },
+             ],
+           },
+         ],
+         "failureSummary": "Fix any of the following:
+   Element has insufficient color contrast of 4.26 (foreground color: #6a7670, background color: #f4f3ef, font size: 9.0pt (12px), font weight: normal). Expected contrast ratio of 4.5:1",
+         "html": "<small>Sunucu onayı üstteki eşitleme alanında görünür.</small>",
+         "impact": "serious",
+         "none": Array [],
+         "target": Array [
+           "section:nth-child(3) > .record-form > small",
+         ],
+       },
+       Object {
+         "all": Array [],
+         "any": Array [
+           Object {
+             "data": Object {
+               "bgColor": "#f4f3ef",
+               "contrastRatio": 4.26,
+               "expectedContrastRatio": "4.5:1",
+               "fgColor": "#6a7670",
+               "fontSize": "9.8pt (13px)",
+               "fontWeight": "normal",
+               "messageKey": null,
+             },
+             "id": "color-contrast",
+             "impact": "serious",
+             "message": "Element has insufficient color contrast of 4.26 (foreground color: #6a7670, background color: #f4f3ef, font size: 9.8pt (13px), font weight: normal). Expected contrast ratio of 4.5:1",
+             "relatedNodes": Array [
+               Object {
+                 "html": "<form class=\"record-form\">",
+                 "target": Array [
+                   "section:nth-child(4) > .record-form",
+                 ],
+               },
+             ],
+           },
+         ],
+         "failureSummary": "Fix any of the following:
+   Element has insufficient color contrast of 4.26 (foreground color: #6a7670, background color: #f4f3ef, font size: 9.8pt (13px), font weight: normal). Expected contrast ratio of 4.5:1",
+         "html": "<label class=\"\">Görünen adım<input required=\"\" aria-label=\"Görünen adım\" type=\"text\" value=\"Deniz Test\" name=\"name\"></label>",
+         "impact": "serious",
+         "none": Array [],
+         "target": Array [
+           "section:nth-child(4) > .record-form > .form-grid > label:nth-child(1)",
+         ],
+       },
+       Object {
+         "all": Array [],
+         "any": Array [
+           Object {
+             "data": Object {
+               "bgColor": "#f4f3ef",
+               "contrastRatio": 4.26,
+               "expectedContrastRatio": "4.5:1",
+               "fgColor": "#6a7670",
+               "fontSize": "9.8pt (13px)",
+               "fontWeight": "normal",
+               "messageKey": null,
+             },
+             "id": "color-contrast",
+             "impact": "serious",
+             "message": "Element has insufficient color contrast of 4.26 (foreground color: #6a7670, background color: #f4f3ef, font size: 9.8pt (13px), font weight: normal). Expected contrast ratio of 4.5:1",
+             "relatedNodes": Array [
+               Object {
+                 "html": "<form class=\"record-form\">",
+                 "target": Array [
+                   "section:nth-child(4) > .record-form",
+                 ],
+               },
+             ],
+           },
+         ],
+         "failureSummary": "Fix any of the following:
+   Element has insufficient color contrast of 4.26 (foreground color: #6a7670, background color: #f4f3ef, font size: 9.8pt (13px), font weight: normal). Expected contrast ratio of 4.5:1",
+         "html": "<label class=\"\">E-posta adresim<input aria-label=\"E-posta adresim\" type=\"text\" value=\"deniz@example.invalid\" name=\"email\"></label>",
+         "impact": "serious",
+         "none": Array [],
+         "target": Array [
+           "section:nth-child(4) > .record-form > .form-grid > label:nth-child(2)",
+         ],
+       },
+       Object {
+         "all": Array [],
+         "any": Array [
+           Object {
+             "data": Object {
+               "bgColor": "#f4f3ef",
+               "contrastRatio": 4.26,
+               "expectedContrastRatio": "4.5:1",
+               "fgColor": "#6a7670",
+               "fontSize": "9.0pt (12px)",
+               "fontWeight": "normal",
+               "messageKey": null,
+             },
+             "id": "color-contrast",
+             "impact": "serious",
+             "message": "Element has insufficient color contrast of 4.26 (foreground color: #6a7670, background color: #f4f3ef, font size: 9.0pt (12px), font weight: normal). Expected contrast ratio of 4.5:1",
+             "relatedNodes": Array [
+               Object {
+                 "html": "<form class=\"record-form\">",
+                 "target": Array [
+                   "section:nth-child(4) > .record-form",
+                 ],
+               },
+             ],
+           },
+         ],
+         "failureSummary": "Fix any of the following:
+   Element has insufficient color contrast of 4.26 (foreground color: #6a7670, background color: #f4f3ef, font size: 9.0pt (12px), font weight: normal). Expected contrast ratio of 4.5:1",
+         "html": "<small>Sunucu onayı üstteki eşitleme alanında görünür.</small>",
+         "impact": "serious",
+         "none": Array [],
+         "target": Array [
+           "section:nth-child(4) > .record-form > small",
+         ],
+       },
+     ],
+     "tags": Array [
+       "cat.color",
+       "wcag2aa",
+       "wcag143",
+       "TTv5",
+       "TT13.c",
+       "EN-301-549",
+       "EN-9.1.4.3",
+       "ACT",
+       "RGAAv4",
+       "RGAA-3.2.1",
+     ],
+   },
+ ]
    at captureRawStack (/Users/caglarcetin/Documents/GitHub/Athlete-Life/apps/web/node_modules/playwright-core/lib/coreBundle.js:8588:17)
    at callMatcherAsStep (/Users/caglarcetin/Documents/GitHub/Athlete-Life/apps/web/node_modules/playwright/lib/matchers/expect.js:13310:57)
    at Object.toEqual (/Users/caglarcetin/Documents/GitHub/Athlete-Life/apps/web/node_modules/playwright/lib/matchers/expect.js:13302:23)
    at /Users/caglarcetin/Documents/GitHub/Athlete-Life/tools/v2/experience_browser.mjs:31:274 {
  matcherResult: {
    actual: [
      {
        id: 'color-contrast',
        impact: 'serious',
        tags: [
          'cat.color',  'wcag2aa',
          'wcag143',    'TTv5',
          'TT13.c',     'EN-301-549',
          'EN-9.1.4.3', 'ACT',
          'RGAAv4',     'RGAA-3.2.1'
        ],
        description: 'Ensure the contrast between foreground and background colors meets WCAG 2 AA minimum contrast ratio thresholds',
        help: 'Elements must meet minimum color contrast ratio thresholds',
        helpUrl: 'https://dequeuniversity.com/rules/axe/4.13/color-contrast?application=playwright',
        nodes: [
          {
            any: [Array],
            all: [],
            none: [],
            impact: 'serious',
            html: '<span class="eyebrow">Sana ait alan</span>',
            target: [Array],
            failureSummary: 'Fix any of the following:\n' +
              '  Element has insufficient color contrast of 4.26 (foreground color: #6a7670, background color: #f4f3ef, font size: 7.5pt (10px), font weight: normal). Expected contrast ratio of 4.5:1'
          },
          {
            any: [Array],
            all: [],
            none: [],
            impact: 'serious',
            html: '<p>Deniz Test · @deniz</p>',
            target: [Array],
            failureSummary: 'Fix any of the following:\n' +
              '  Element has insufficient color contrast of 4.26 (foreground color: #6a7670, background color: #f4f3ef, font size: 10.5pt (14px), font weight: normal). Expected contrast ratio of 4.5:1'
          },
          {
            any: [Array],
            all: [],
            none: [],
            impact: 'serious',
            html: '<label class="">Doğum tarihi (isteğe bağlı)<input aria-label="Doğum tarihi (isteğe bağlı)" type="date" value="" name="birth_date"></label>',
            target: [Array],
            failureSummary: 'Fix any of the following:\n' +
              '  Element has insufficient color contrast of 4.26 (foreground color: #6a7670, background color: #f4f3ef, font size: 9.8pt (13px), font weight: normal). Expected contrast ratio of 4.5:1'
          },
          {
            any: [Array],
            all: [],
            none: [],
            impact: 'serious',
            html: '<label class="">Fizyolojik profil<select name="sex" required="" aria-label="Fizyolojik profil"><option value="unspecified" selected="">Belirtmek istemiyorum</option><option value="female">Kadın</option><option value="male">Erkek</option><option value="intersex">İnterseks</option></select></label>',
            target: [Array],
            failureSummary: 'Fix any of the following:\n' +
              '  Element has insufficient color contrast of 4.26 (foreground color: #6a7670, background color: #f4f3ef, font size: 9.8pt (13px), font weight: normal). Expected contrast ratio of 4.5:1'
          },
          {
            any: [Array],
            all: [],
            none: [],
            impact: 'serious',
            html: '<label class="">',
            target: [Array],
            failureSummary: 'Fix any of the following:\n' +
              '  Element has insufficient color contrast of 4.26 (foreground color: #6a7670, background color: #f4f3ef, font size: 9.8pt (13px), font weight: normal). Expected contrast ratio of 4.5:1'
          },
          {
            any: [Array],
            all: [],
            none: [],
            impact: 'serious',
            html: '<label class="check"><input type="checkbox" name="cycle_tracking">İsteğe bağlı döngü günlüğünü kullanmak istiyorum</label>',
            target: [Array],
            failureSummary: 'Fix any of the following:\n' +
              '  Element has insufficient color contrast of 4.26 (foreground color: #6a7670, background color: #f4f3ef, font size: 9.8pt (13px), font weight: normal). Expected contrast ratio of 4.5:1'
          },
          {
            any: [Array],
            all: [],
            none: [],
            impact: 'serious',
            html: '<label class="">Tercih ettiğim görünüm<select name="interface_mode" required="" aria-label="Tercih ettiğim görünüm"><option value="simple">Sade görünüm</option><option value="professional" selected="">Profesyonel görünüm</option></select></label>',
            target: [Array],
            failureSummary: 'Fix any of the following:\n' +
              '  Element has insufficient color contrast of 4.26 (foreground color: #6a7670, background color: #f4f3ef, font size: 9.8pt (13px), font weight: normal). Expected contrast ratio of 4.5:1'
          },
          {
            any: [Array],
            all: [],
            none: [],
            impact: 'serious',
            html: '<label>',
            target: [Array],
            failureSummary: 'Fix any of the following:\n' +
              '  Element has insufficient color contrast of 4.26 (foreground color: #6a7670, background color: #f4f3ef, font size: 9.8pt (13px), font weight: normal). Expected contrast ratio of 4.5:1'
          },
          {
            any: [Array],
            all: [],
            none: [],
            impact: 'serious',
            html: '<label>Ekipmanlarım<input placeholder="Örn. bar, halka, dambıl" value=""></label>',
            target: [Array],
            failureSummary: 'Fix any of the following:\n' +
              '  Element has insufficient color contrast of 4.26 (foreground color: #6a7670, background color: #f4f3ef, font size: 9.8pt (13px), font weight: normal). Expected contrast ratio of 4.5:1'
          },
          {
            any: [Array],
            all: [],
            none: [],
            impact: 'serious',
            html: '<small>Sunucu onayı üstteki eşitleme alanında görünür.</small>',
            target: [Array],
            failureSummary: 'Fix any of the following:\n' +
              '  Element has insufficient color contrast of 4.26 (foreground color: #6a7670, background color: #f4f3ef, font size: 9.0pt (12px), font weight: normal). Expected contrast ratio of 4.5:1'
          },
          {
            any: [Array],
            all: [],
            none: [],
            impact: 'serious',
            html: '<label class="">Görünen adım<input required="" aria-label="Görünen adım" type="text" value="Deniz Test" name="name"></label>',
            target: [Array],
            failureSummary: 'Fix any of the following:\n' +
              '  Element has insufficient color contrast of 4.26 (foreground color: #6a7670, background color: #f4f3ef, font size: 9.8pt (13px), font weight: normal). Expected contrast ratio of 4.5:1'
          },
          {
            any: [Array],
            all: [],
            none: [],
            impact: 'serious',
            html: '<label class="">E-posta adresim<input aria-label="E-posta adresim" type="text" value="deniz@example.invalid" name="email"></label>',
            target: [Array],
            failureSummary: 'Fix any of the following:\n' +
              '  Element has insufficient color contrast of 4.26 (foreground color: #6a7670, background color: #f4f3ef, font size: 9.8pt (13px), font weight: normal). Expected contrast ratio of 4.5:1'
          },
          {
            any: [Array],
            all: [],
            none: [],
            impact: 'serious',
            html: '<small>Sunucu onayı üstteki eşitleme alanında görünür.</small>',
            target: [Array],
            failureSummary: 'Fix any of the following:\n' +
              '  Element has insufficient color contrast of 4.26 (foreground color: #6a7670, background color: #f4f3ef, font size: 9.0pt (12px), font weight: normal). Expected contrast ratio of 4.5:1'
          }
        ]
      }
    ],
    expected: [],
    message: 'expect(received).toEqual(expected) // deep equality\n' +
      '\n' +
      '- Expected  -   1\n' +
      '+ Received  + 478\n' +
      '\n' +
      '- Array []\n' +
      '+ Array [\n' +
      '+   Object {\n' +
      '+     "description": "Ensure the contrast between foreground and background colors meets WCAG 2 AA minimum contrast ratio thresholds",\n' +
      '+     "help": "Elements must meet minimum color contrast ratio thresholds",\n' +
      '+     "helpUrl": "https://dequeuniversity.com/rules/axe/4.13/color-contrast?application=playwright",\n' +
      '+     "id": "color-contrast",\n' +
      '+     "impact": "serious",\n' +
      '+     "nodes": Array [\n' +
      '+       Object {\n' +
      '+         "all": Array [],\n' +
      '+         "any": Array [\n' +
      '+           Object {\n' +
      '+             "data": Object {\n' +
      '+               "bgColor": "#f4f3ef",\n' +
      '+               "contrastRatio": 4.26,\n' +
      '+               "expectedContrastRatio": "4.5:1",\n' +
      '+               "fgColor": "#6a7670",\n' +
      '+               "fontSize": "7.5pt (10px)",\n' +
      '+               "fontWeight": "normal",\n' +
      '+               "messageKey": null,\n' +
      '+             },\n' +
      '+             "id": "color-contrast",\n' +
      '+             "impact": "serious",\n' +
      '+             "message": "Element has insufficient color contrast of 4.26 (foreground color: #6a7670, background color: #f4f3ef, font size: 7.5pt (10px), font weight: normal). Expected contrast ratio of 4.5:1",\n' +
      '+             "relatedNodes": Array [\n' +
      '+               Object {\n' +
      '+                 "html": "<html lang=\\"tr\\" data-theme=\\"light\\">",\n' +
      '+                 "target": Array [\n' +
      '+                   "html",\n' +
      '+                 ],\n' +
      '+               },\n' +
      '+             ],\n' +
      '+           },\n' +
      '+         ],\n' +
      '+         "failureSummary": "Fix any of the following:\n' +
      '+   Element has insufficient color contrast of 4.26 (foreground color: #6a7670, background color: #f4f3ef, font size: 7.5pt (10px), font weight: normal). Expected contrast ratio of 4.5:1",\n' +
      '+         "html": "<span class=\\"eyebrow\\">Sana ait alan</span>",\n' +
      '+         "impact": "serious",\n' +
      '+         "none": Array [],\n' +
      '+         "target": Array [\n' +
      '+           "div > .eyebrow",\n' +
      '+         ],\n' +
      '+       },\n' +
      '+       Object {\n' +
      '+         "all": Array [],\n' +
      '+         "any": Array [\n' +
      '+           Object {\n' +
      '+             "data": Object {\n' +
      '+               "bgColor": "#f4f3ef",\n' +
      '+               "contrastRatio": 4.26,\n' +
      '+               "expectedContrastRatio": "4.5:1",\n' +
      '+               "fgColor": "#6a7670",\n' +
      '+               "fontSize": "10.5pt (14px)",\n' +
      '+               "fontWeight": "normal",\n' +
      '+               "messageKey": null,\n' +
      '+             },\n' +
      '+             "id": "color-contrast",\n' +
      '+             "impact": "serious",\n' +
      '+             "message": "Element has insufficient color contrast of 4.26 (foreground color: #6a7670, background color: #f4f3ef, font size: 10.5pt (14px), font weight: normal). Expected contrast ratio of 4.5:1",\n' +
      '+             "relatedNodes": Array [\n' +
      '+               Object {\n' +
      '+                 "html": "<html lang=\\"tr\\" data-theme=\\"light\\">",\n' +
      '+                 "target": Array [\n' +
      '+                   "html",\n' +
      '+                 ],\n' +
      '+               },\n' +
      '+             ],\n' +
      '+           },\n' +
      '+         ],\n' +
      '+         "failureSummary": "Fix any of the following:\n' +
      '+   Element has insufficient color contrast of 4.26 (foreground color: #6a7670, background color: #f4f3ef, font size: 10.5pt (14px), font weight: normal). Expected contrast ratio of 4.5:1",\n' +
      '+         "html": "<p>Deniz Test · @deniz</p>",\n' +
      '+         "impact": "serious",\n' +
      '+         "none": Array [],\n' +
      '+         "target": Array [\n' +
      '+           ".section-heading > div > p",\n' +
      '+         ],\n' +
      '+       },\n' +
      '+       Object {\n' +
      '+         "all": Array [],\n' +
      '+         "any": Array [\n' +
      '+           Object {\n' +
      '+             "data": Object {\n' +
      '+               "bgColor": "#f4f3ef",\n' +
      '+               "contrastRatio": 4.26,\n' +
      '+               "expectedContrastRatio": "4.5:1",\n' +
      '+               "fgColor": "#6a7670",\n' +
      '+               "fontSize": "9.8pt (13px)",\n' +
      '+               "fontWeight": "normal",\n' +
      '+               "messageKey": null,\n' +
      '+             },\n' +
      '+             "id": "color-contrast",\n' +
      '+             "impact": "serious",\n' +
      '+             "message": "Element has insufficient color contrast of 4.26 (foreground color: #6a7670, background color: #f4f3ef, font size: 9.8pt (13px), font weight: normal). Expected contrast ratio of 4.5:1",\n' +
      '+             "relatedNodes": Array [\n' +
      '+               Object {\n' +
      '+                 "html": "<form class=\\"record-form\\">",\n' +
      '+                 "target": Array [\n' +
      '+                   "section:nth-child(3) > .record-form",\n' +
      '+                 ],\n' +
      '+               },\n' +
      '+             ],\n' +
      '+           },\n' +
      '+         ],\n' +
      '+         "failureSummary": "Fix any of the following:\n' +
      '+   Element has insufficient color contrast of 4.26 (foreground color: #6a7670, background color: #f4f3ef, font size: 9.8pt (13px), font weight: normal). Expected contrast ratio of 4.5:1",\n' +
      '+         "html": "<label class=\\"\\">Doğum tarihi (isteğe bağlı)<input aria-label=\\"Doğum tarihi (isteğe bağlı)\\" type=\\"date\\" value=\\"\\" name=\\"birth_date\\"></label>",\n' +
      '+         "impact": "serious",\n' +
      '+         "none": Array [],\n' +
      '+         "target": Array [\n' +
      '+           "section:nth-child(3) > .record-form > .form-grid:nth-child(1) > label:nth-child(1)",\n' +
      '+         ],\n' +
      '+       },\n' +
      '+       Object {\n' +
      '+         "all": Array [],\n' +
      '+         "any": Array [\n' +
      '+           Object {\n' +
      '+             "data": Object {\n' +
      '+               "bgColor": "#f4f3ef",\n' +
      '+               "contrastRatio": 4.26,\n' +
      '+               "expectedContrastRatio": "4.5:1",\n' +
      '+               "fgColor": "#6a7670",\n' +
      '+               "fontSize": "9.8pt (13px)",\n' +
      '+               "fontWeight": "normal",\n' +
      '+               "messageKey": null,\n' +
      '+             },\n' +
      '+             "id": "color-contrast",\n' +
      '+             "impact": "serious",\n' +
      '+             "message": "Element has insufficient color contrast of 4.26 (foreground color: #6a7670, background color: #f4f3ef, font size: 9.8pt (13px), font weight: normal). Expected contrast ratio of 4.5:1",\n' +
      '+             "relatedNodes": Array [\n' +
      '+               Object {\n' +
      '+                 "html": "<form class=\\"record-form\\">",\n' +
      '+                 "target": Array [\n' +
      '+                   "section:nth-child(3) > .record-form",\n' +
      '+                 ],\n' +
      '+               },\n' +
      '+             ],\n' +
      '+           },\n' +
      '+         ],\n' +
      '+         "failureSummary": "Fix any of the following:\n' +
      '+   Element has insufficient color contrast of 4.26 (foreground color: #6a7670, background color: #f4f3ef, font size: 9.8pt (13px), font weight: normal). Expected contrast ratio of 4.5:1",\n' +
      '+         "html": "<label class=\\"\\">Fizyolojik profil<select name=\\"sex\\" required=\\"\\" aria-label=\\"Fizyolojik profil\\"><option value=\\"unspecified\\" selected=\\"\\">Belirtmek istemiyorum</option><option value=\\"female\\">Kadın</option><option value=\\"male\\">Erkek</option><option value=\\"intersex\\">İnterseks</option></select></label>",\n' +
      '+         "impact": "serious",\n' +
      '+         "none": Array [],\n' +
      '+         "target": Array [\n' +
      '+           "section:nth-child(3) > .record-form > .form-grid:nth-child(1) > label:nth-child(2)",\n' +
      '+         ],\n' +
      '+       },\n' +
      '+       Object {\n' +
      '+         "all": Array [],\n' +
      '+         "any": Array [\n' +
      '+           Object {\n' +
      '+             "data": Object {\n' +
      '+               "bgColor": "#f4f3ef",\n' +
      '+               "contrastRatio": 4.26,\n' +
      '+               "expectedContrastRatio": "4.5:1",\n' +
      '+               "fgColor": "#6a7670",\n' +
      '+               "fontSize": "9.8pt (13px)",\n' +
      '+               "fontWeight": "normal",\n' +
      '+               "messageKey": null,\n' +
      '+             },\n' +
      '+             "id": "color-contrast",\n' +
      '+             "impact": "serious",\n' +
      '+             "message": "Element has insufficient color contrast of 4.26 (foreground color: #6a7670, background color: #f4f3ef, font size: 9.8pt (13px), font weight: normal). Expected contrast ratio of 4.5:1",\n' +
      '+             "relatedNodes": Array [\n' +
      '+               Object {\n' +
      '+                 "html": "<form class=\\"record-form\\">",\n' +
      '+                 "target": Array [\n' +
      '+                   "section:nth-child(3) > .record-form",\n' +
      '+                 ],\n' +
      '+               },\n' +
      '+             ],\n' +
      '+           },\n' +
      '+         ],\n' +
      '+         "failureSummary": "Fix any of the following:\n' +
      '+   Element has insufficient color contrast of 4.26 (foreground color: #6a7670, background color: #f4f3ef, font size: 9.8pt (13px), font weight: normal). Expected contrast ratio of 4.5:1",\n' +
      '+         "html": "<label class=\\"\\">",\n' +
      '+         "impact": "serious",\n' +
      '+         "none": Array [],\n' +
      '+         "target": Array [\n' +
      '+           ".form-grid:nth-child(1) > label:nth-child(3)",\n' +
      '+         ],\n' +
      '+       },\n' +
      '+       Object {\n' +
      '+         "all": Array [],\n' +
      '+         "any": Array [\n' +
      '+           Object {\n' +
      '+             "data": Object {\n' +
      '+               "bgColor": "#f4f3ef",\n' +
      '+               "contrastRatio": 4.26,\n' +
      '+               "expectedContrastRatio": "4.5:1",\n' +
      '+               "fgColor": "#6a7670",\n' +
      '+               "fontSize": "9.8pt (13px)",\n' +
      '+               "fontWeight": "normal",\n' +
      '+               "messageKey": null,\n' +
      '+             },\n' +
      '+             "id": "color-contrast",\n' +
      '+             "impact": "serious",\n' +
      '+             "message": "Element has insufficient color contrast of 4.26 (foreground color: #6a7670, background color: #f4f3ef, font size: 9.8pt (13px), font weight: normal). Expected contrast ratio of 4.5:1",\n' +
      '+             "relatedNodes": Array [\n' +
      '+               Object {\n' +
      '+                 "html": "<form class=\\"record-form\\">",\n' +
      '+                 "target": Array [\n' +
      '+                   "section:nth-child(3) > .record-form",\n' +
      '+                 ],\n' +
      '+               },\n' +
      '+             ],\n' +
      '+           },\n' +
      '+         ],\n' +
      '+         "failureSummary": "Fix any of the following:\n' +
      '+   Element has insufficient color contrast of 4.26 (foreground color: #6a7670, background color: #f4f3ef, font size: 9.8pt (13px), font weight: normal). Expected contrast ratio of 4.5:1",\n' +
      '+         "html": "<label class=\\"check\\"><input type=\\"checkbox\\" name=\\"cycle_tracking\\">İsteğe bağlı döngü günlüğünü kullanmak istiyorum</label>",\n' +
      '+         "impact": "serious",\n' +
      '+         "none": Array [],\n' +
      '+         "target": Array [\n' +
      '+           ".form-grid:nth-child(1) > .check",\n' +
      '+         ],\n' +
      '+       },\n' +
      '+       Object {\n' +
      '+         "all": Array [],\n' +
      '+         "any": Array [\n' +
      '+           Object {\n' +
      '+             "data": Object {\n' +
      '+               "bgColor": "#f4f3ef'... 10975 more characters,
    name: 'toEqual',
    pass: false
  }
}

Node.js v24.19.0
