.........................................F.............................. [ 98%]
.                                                                        [100%]
=================================== FAILURES ===================================
____ test_legacy_nutrition_water_capability_unknown_mass_and_native_restore ____

client = <starlette.testclient.TestClient object at 0x112afcb60>

    def test_legacy_nutrition_water_capability_unknown_mass_and_native_restore(client):
        data = {
            "foodLogs": {
                "2026-09-15": [
                    {"name": "Oats", "kcal": 200, "p": 8, "serv": "1 bowl", "unknown": 99}
                ]
            },
            "water": {"2026-09-15": 500, "2026-09-16": 300},
            "waterLogs": {"2026-09-15": [{"ml": 250}, {"ml": 250}]},
            "capabilityRecords": [
                {
                    "date": "2026-09-15",
                    "testId": "front_lever",
                    "value": 10,
                    "domain": "calisthenics",
                }
            ],
            "daily": {"2026-09-15": {"energy": 4, "fatigueLevel": 3, "weight": 70}},
            "unknown_field": {"keep": True},
        }
        stage = client.post("/api/v2/imports/stage", json=data).json()
        write(client, cmd("import.apply", stage["id"], 1))
        snap = client.get("/api/v2/bootstrap").json()
>       assert len(snap["meals"]) == 1 and snap["meals"][0]["grams"] is None
E       assert (0 == 1)
E        +  where 0 = len([])

tests/v2/test_lifestyle.py:351: AssertionError
=============================== warnings summary ===============================
.venv-v2/lib/python3.12/site-packages/fastapi/testclient.py:1
  /Users/caglarcetin/Documents/GitHub/Athlete-Life/.venv-v2/lib/python3.12/site-packages/fastapi/testclient.py:1: StarletteDeprecationWarning: Using `httpx` with `starlette.testclient` is deprecated; install `httpx2` instead.
    from starlette.testclient import TestClient as TestClient  # noqa

.venv-v2/lib/python3.12/site-packages/starlette/testclient.py:53
  /Users/caglarcetin/Documents/GitHub/Athlete-Life/.venv-v2/lib/python3.12/site-packages/starlette/testclient.py:53: DeprecationWarning: The anyio.abc.BlockingPortal alias is deprecated, use anyio.from_thread.BlockingPortal instead.
    _PortalFactoryType = Callable[[], AbstractContextManager[anyio.abc.BlockingPortal]]

-- Docs: https://docs.pytest.org/en/stable/how-to/capture-warnings.html
=========================== short test summary info ============================
FAILED tests/v2/test_lifestyle.py::test_legacy_nutrition_water_capability_unknown_mass_and_native_restore
1 failed, 72 passed, 2 warnings in 38.18s
