............E............E.........................EE..........          [100%]
==================================== ERRORS ====================================
_ ERROR at setup of test_api_generation_is_read_only_then_choices_persist_on_accept _

self = <sqlalchemy.engine.base.Connection object at 0x10c2a6b40>
engine = Engine(postgresql+psycopg://localhost:15432/postgres)
connection = None, _has_events = None, _allow_revalidate = True
_allow_autobegin = True

    def __init__(
        self,
        engine: Engine,
        connection: Optional[PoolProxiedConnection] = None,
        _has_events: Optional[bool] = None,
        _allow_revalidate: bool = True,
        _allow_autobegin: bool = True,
    ):
        """Construct a new Connection."""
        self.engine = engine
        self.dialect = dialect = engine.dialect
    
        if connection is None:
            try:
>               self._dbapi_connection = engine.raw_connection()
                                         ^^^^^^^^^^^^^^^^^^^^^^^

.venv-v2/lib/python3.12/site-packages/sqlalchemy/engine/base.py:144: 
_ _ _ _ _ _ _ _ _ _ _ _ _ _ _ _ _ _ _ _ _ _ _ _ _ _ _ _ _ _ _ _ _ _ _ _ _ _ _ _ 
.venv-v2/lib/python3.12/site-packages/sqlalchemy/engine/base.py:3319: in raw_connection
    return self.pool.connect()
           ^^^^^^^^^^^^^^^^^^^
.venv-v2/lib/python3.12/site-packages/sqlalchemy/pool/base.py:448: in connect
    return _ConnectionFairy._checkout(self)
           ^^^^^^^^^^^^^^^^^^^^^^^^^^^^^^^^
.venv-v2/lib/python3.12/site-packages/sqlalchemy/pool/base.py:1290: in _checkout
    fairy = _ConnectionRecord.checkout(pool)
            ^^^^^^^^^^^^^^^^^^^^^^^^^^^^^^^^
.venv-v2/lib/python3.12/site-packages/sqlalchemy/pool/base.py:712: in checkout
    rec = pool._do_get()
          ^^^^^^^^^^^^^^
.venv-v2/lib/python3.12/site-packages/sqlalchemy/pool/impl.py:178: in _do_get
    with util.safe_reraise():
         ^^^^^^^^^^^^^^^^^^^
.venv-v2/lib/python3.12/site-packages/sqlalchemy/util/langhelpers.py:122: in __exit__
    raise exc_value.with_traceback(exc_tb)
.venv-v2/lib/python3.12/site-packages/sqlalchemy/pool/impl.py:176: in _do_get
    return self._create_connection()
           ^^^^^^^^^^^^^^^^^^^^^^^^^
.venv-v2/lib/python3.12/site-packages/sqlalchemy/pool/base.py:389: in _create_connection
    return _ConnectionRecord(self)
           ^^^^^^^^^^^^^^^^^^^^^^^
.venv-v2/lib/python3.12/site-packages/sqlalchemy/pool/base.py:674: in __init__
    self.__connect()
.venv-v2/lib/python3.12/site-packages/sqlalchemy/pool/base.py:900: in __connect
    with util.safe_reraise():
         ^^^^^^^^^^^^^^^^^^^
.venv-v2/lib/python3.12/site-packages/sqlalchemy/util/langhelpers.py:122: in __exit__
    raise exc_value.with_traceback(exc_tb)
.venv-v2/lib/python3.12/site-packages/sqlalchemy/pool/base.py:896: in __connect
    self.dbapi_connection = connection = pool._invoke_creator(self)
                                         ^^^^^^^^^^^^^^^^^^^^^^^^^^
.venv-v2/lib/python3.12/site-packages/sqlalchemy/engine/create.py:667: in connect
    return dialect.connect(*cargs_tup, **cparams)
           ^^^^^^^^^^^^^^^^^^^^^^^^^^^^^^^^^^^^^^
.venv-v2/lib/python3.12/site-packages/sqlalchemy/engine/default.py:630: in connect
    return self.loaded_dbapi.connect(*cargs, **cparams)  # type: ignore[no-any-return]  # NOQA: E501
           ^^^^^^^^^^^^^^^^^^^^^^^^^^^^^^^^^^^^^^^^^^^^
_ _ _ _ _ _ _ _ _ _ _ _ _ _ _ _ _ _ _ _ _ _ _ _ _ _ _ _ _ _ _ _ _ _ _ _ _ _ _ _ 

cls = <class 'psycopg.Connection'>
conninfo = 'host=localhost dbname=postgres port=15432 hostaddr=127.0.0.1'
autocommit = False, prepare_threshold = 5
context = <psycopg.adapt.AdaptersMap object at 0x10bf40080>, row_factory = None
cursor_factory = None
kwargs = {'host': 'localhost', 'dbname': 'postgres', 'port': 15432}

    @classmethod
    def connect(
        cls,
        conninfo: str = "",
        *,
        autocommit: bool = False,
        prepare_threshold: int | None = 5,
        context: AdaptContext | None = None,
        row_factory: RowFactory[Row] | None = None,
        cursor_factory: type[Cursor[Row]] | None = None,
        **kwargs: ConnParam,
    ) -> Self:
        """
        Connect to a database server and return a new `Connection` instance.
        """
    
        params = cls._get_connection_params(conninfo, **kwargs)
        timeout = timeout_from_conninfo(params)
        rv = None
        attempts = conninfo_attempts(params)
        conn_errors: list[tuple[e.Error, str]] = []
        for attempt in attempts:
            tdescr = (attempt.get("host"), attempt.get("port"), attempt.get("hostaddr"))
            descr = "host: %r, port: %r, hostaddr: %r" % tdescr
            logger.debug("connection attempt: %s", descr)
            try:
                conninfo = make_conninfo("", **attempt)
                gen = cls._connect_gen(conninfo, timeout=timeout)
                rv = waiting.wait_conn(gen, interval=_WAIT_INTERVAL)
            except e.Error as ex:
                logger.debug("connection failed: %s: %s", descr, str(ex))
                conn_errors.append((ex, descr))
            except e._NO_TRACEBACK as ex:
                raise ex.with_traceback(None)
            else:
                logger.debug("connection succeeded: %s", descr)
                break
    
        if not rv:
            last_ex = conn_errors[-1][0]
            if len(conn_errors) == 1:
                raise last_ex.with_traceback(None)
    
            # Create a new exception with the same type as the last one, containing
            # all attempt errors while preserving backward compatibility.
            lines = [str(last_ex)]
            lines.append("Multiple connection attempts failed. All failures were:")
            lines.extend((f"- {descr}: {error}" for error, descr in conn_errors))
            new_ex = type(last_ex)("\n".join(lines), pgconn=last_ex.pgconn)
>           raise new_ex.with_traceback(None)
E           psycopg.OperationalError: connection is bad: connection to server at "127.0.0.1", port 15432 failed: Operation not permitted
E           	Is the server running on that host and accepting TCP/IP connections?
E           Multiple connection attempts failed. All failures were:
E           - host: 'localhost', port: 15432, hostaddr: '::1': connection is bad: connection to server at "::1", port 15432 failed: Operation not permitted
E           	Is the server running on that host and accepting TCP/IP connections?
E           - host: 'localhost', port: 15432, hostaddr: '127.0.0.1': connection is bad: connection to server at "127.0.0.1", port 15432 failed: Operation not permitted
E           	Is the server running on that host and accepting TCP/IP connections?

.venv-v2/lib/python3.12/site-packages/psycopg/connection.py:130: OperationalError

The above exception was the direct cause of the following exception:

app_factory = <function app_factory.<locals>.factory at 0x10c37f1a0>

    @pytest.fixture
    def app(app_factory):
>       return app_factory()
               ^^^^^^^^^^^^^

tests/v2/conftest.py:60: 
_ _ _ _ _ _ _ _ _ _ _ _ _ _ _ _ _ _ _ _ _ _ _ _ _ _ _ _ _ _ _ _ _ _ _ _ _ _ _ _ 
tests/v2/conftest.py:30: in factory
    with engine.connect() as conn:
         ^^^^^^^^^^^^^^^^
.venv-v2/lib/python3.12/site-packages/sqlalchemy/engine/base.py:3295: in connect
    return self._connection_cls(self)
           ^^^^^^^^^^^^^^^^^^^^^^^^^^
.venv-v2/lib/python3.12/site-packages/sqlalchemy/engine/base.py:146: in __init__
    Connection._handle_dbapi_exception_noconnection(
.venv-v2/lib/python3.12/site-packages/sqlalchemy/engine/base.py:2450: in _handle_dbapi_exception_noconnection
    raise sqlalchemy_exception.with_traceback(exc_info[2]) from e
.venv-v2/lib/python3.12/site-packages/sqlalchemy/engine/base.py:144: in __init__
    self._dbapi_connection = engine.raw_connection()
                             ^^^^^^^^^^^^^^^^^^^^^^^
.venv-v2/lib/python3.12/site-packages/sqlalchemy/engine/base.py:3319: in raw_connection
    return self.pool.connect()
           ^^^^^^^^^^^^^^^^^^^
.venv-v2/lib/python3.12/site-packages/sqlalchemy/pool/base.py:448: in connect
    return _ConnectionFairy._checkout(self)
           ^^^^^^^^^^^^^^^^^^^^^^^^^^^^^^^^
.venv-v2/lib/python3.12/site-packages/sqlalchemy/pool/base.py:1290: in _checkout
    fairy = _ConnectionRecord.checkout(pool)
            ^^^^^^^^^^^^^^^^^^^^^^^^^^^^^^^^
.venv-v2/lib/python3.12/site-packages/sqlalchemy/pool/base.py:712: in checkout
    rec = pool._do_get()
          ^^^^^^^^^^^^^^
.venv-v2/lib/python3.12/site-packages/sqlalchemy/pool/impl.py:178: in _do_get
    with util.safe_reraise():
         ^^^^^^^^^^^^^^^^^^^
.venv-v2/lib/python3.12/site-packages/sqlalchemy/util/langhelpers.py:122: in __exit__
    raise exc_value.with_traceback(exc_tb)
.venv-v2/lib/python3.12/site-packages/sqlalchemy/pool/impl.py:176: in _do_get
    return self._create_connection()
           ^^^^^^^^^^^^^^^^^^^^^^^^^
.venv-v2/lib/python3.12/site-packages/sqlalchemy/pool/base.py:389: in _create_connection
    return _ConnectionRecord(self)
           ^^^^^^^^^^^^^^^^^^^^^^^
.venv-v2/lib/python3.12/site-packages/sqlalchemy/pool/base.py:674: in __init__
    self.__connect()
.venv-v2/lib/python3.12/site-packages/sqlalchemy/pool/base.py:900: in __connect
    with util.safe_reraise():
         ^^^^^^^^^^^^^^^^^^^
.venv-v2/lib/python3.12/site-packages/sqlalchemy/util/langhelpers.py:122: in __exit__
    raise exc_value.with_traceback(exc_tb)
.venv-v2/lib/python3.12/site-packages/sqlalchemy/pool/base.py:896: in __connect
    self.dbapi_connection = connection = pool._invoke_creator(self)
                                         ^^^^^^^^^^^^^^^^^^^^^^^^^^
.venv-v2/lib/python3.12/site-packages/sqlalchemy/engine/create.py:667: in connect
    return dialect.connect(*cargs_tup, **cparams)
           ^^^^^^^^^^^^^^^^^^^^^^^^^^^^^^^^^^^^^^
.venv-v2/lib/python3.12/site-packages/sqlalchemy/engine/default.py:630: in connect
    return self.loaded_dbapi.connect(*cargs, **cparams)  # type: ignore[no-any-return]  # NOQA: E501
           ^^^^^^^^^^^^^^^^^^^^^^^^^^^^^^^^^^^^^^^^^^^^
_ _ _ _ _ _ _ _ _ _ _ _ _ _ _ _ _ _ _ _ _ _ _ _ _ _ _ _ _ _ _ _ _ _ _ _ _ _ _ _ 

cls = <class 'psycopg.Connection'>
conninfo = 'host=localhost dbname=postgres port=15432 hostaddr=127.0.0.1'
autocommit = False, prepare_threshold = 5
context = <psycopg.adapt.AdaptersMap object at 0x10bf40080>, row_factory = None
cursor_factory = None
kwargs = {'host': 'localhost', 'dbname': 'postgres', 'port': 15432}

    @classmethod
    def connect(
        cls,
        conninfo: str = "",
        *,
        autocommit: bool = False,
        prepare_threshold: int | None = 5,
        context: AdaptContext | None = None,
        row_factory: RowFactory[Row] | None = None,
        cursor_factory: type[Cursor[Row]] | None = None,
        **kwargs: ConnParam,
    ) -> Self:
        """
        Connect to a database server and return a new `Connection` instance.
        """
    
        params = cls._get_connection_params(conninfo, **kwargs)
        timeout = timeout_from_conninfo(params)
        rv = None
        attempts = conninfo_attempts(params)
        conn_errors: list[tuple[e.Error, str]] = []
        for attempt in attempts:
            tdescr = (attempt.get("host"), attempt.get("port"), attempt.get("hostaddr"))
            descr = "host: %r, port: %r, hostaddr: %r" % tdescr
            logger.debug("connection attempt: %s", descr)
            try:
                conninfo = make_conninfo("", **attempt)
                gen = cls._connect_gen(conninfo, timeout=timeout)
                rv = waiting.wait_conn(gen, interval=_WAIT_INTERVAL)
            except e.Error as ex:
                logger.debug("connection failed: %s: %s", descr, str(ex))
                conn_errors.append((ex, descr))
            except e._NO_TRACEBACK as ex:
                raise ex.with_traceback(None)
            else:
                logger.debug("connection succeeded: %s", descr)
                break
    
        if not rv:
            last_ex = conn_errors[-1][0]
            if len(conn_errors) == 1:
                raise last_ex.with_traceback(None)
    
            # Create a new exception with the same type as the last one, containing
            # all attempt errors while preserving backward compatibility.
            lines = [str(last_ex)]
            lines.append("Multiple connection attempts failed. All failures were:")
            lines.extend((f"- {descr}: {error}" for error, descr in conn_errors))
            new_ex = type(last_ex)("\n".join(lines), pgconn=last_ex.pgconn)
>           raise new_ex.with_traceback(None)
E           sqlalchemy.exc.OperationalError: (psycopg.OperationalError) connection is bad: connection to server at "127.0.0.1", port 15432 failed: Operation not permitted
E           	Is the server running on that host and accepting TCP/IP connections?
E           Multiple connection attempts failed. All failures were:
E           - host: 'localhost', port: 15432, hostaddr: '::1': connection is bad: connection to server at "::1", port 15432 failed: Operation not permitted
E           	Is the server running on that host and accepting TCP/IP connections?
E           - host: 'localhost', port: 15432, hostaddr: '127.0.0.1': connection is bad: connection to server at "127.0.0.1", port 15432 failed: Operation not permitted
E           	Is the server running on that host and accepting TCP/IP connections?
E           (Background on this error at: https://sqlalche.me/e/20/e3q8)

.venv-v2/lib/python3.12/site-packages/psycopg/connection.py:130: OperationalError
___ ERROR at setup of test_plan_actual_and_muscle_report_share_canonical_ids ___

self = <sqlalchemy.engine.base.Connection object at 0x10d2e9760>
engine = Engine(postgresql+psycopg://localhost:15432/postgres)
connection = None, _has_events = None, _allow_revalidate = True
_allow_autobegin = True

    def __init__(
        self,
        engine: Engine,
        connection: Optional[PoolProxiedConnection] = None,
        _has_events: Optional[bool] = None,
        _allow_revalidate: bool = True,
        _allow_autobegin: bool = True,
    ):
        """Construct a new Connection."""
        self.engine = engine
        self.dialect = dialect = engine.dialect
    
        if connection is None:
            try:
>               self._dbapi_connection = engine.raw_connection()
                                         ^^^^^^^^^^^^^^^^^^^^^^^

.venv-v2/lib/python3.12/site-packages/sqlalchemy/engine/base.py:144: 
_ _ _ _ _ _ _ _ _ _ _ _ _ _ _ _ _ _ _ _ _ _ _ _ _ _ _ _ _ _ _ _ _ _ _ _ _ _ _ _ 
.venv-v2/lib/python3.12/site-packages/sqlalchemy/engine/base.py:3319: in raw_connection
    return self.pool.connect()
           ^^^^^^^^^^^^^^^^^^^
.venv-v2/lib/python3.12/site-packages/sqlalchemy/pool/base.py:448: in connect
    return _ConnectionFairy._checkout(self)
           ^^^^^^^^^^^^^^^^^^^^^^^^^^^^^^^^
.venv-v2/lib/python3.12/site-packages/sqlalchemy/pool/base.py:1290: in _checkout
    fairy = _ConnectionRecord.checkout(pool)
            ^^^^^^^^^^^^^^^^^^^^^^^^^^^^^^^^
.venv-v2/lib/python3.12/site-packages/sqlalchemy/pool/base.py:712: in checkout
    rec = pool._do_get()
          ^^^^^^^^^^^^^^
.venv-v2/lib/python3.12/site-packages/sqlalchemy/pool/impl.py:178: in _do_get
    with util.safe_reraise():
         ^^^^^^^^^^^^^^^^^^^
.venv-v2/lib/python3.12/site-packages/sqlalchemy/util/langhelpers.py:122: in __exit__
    raise exc_value.with_traceback(exc_tb)
.venv-v2/lib/python3.12/site-packages/sqlalchemy/pool/impl.py:176: in _do_get
    return self._create_connection()
           ^^^^^^^^^^^^^^^^^^^^^^^^^
.venv-v2/lib/python3.12/site-packages/sqlalchemy/pool/base.py:389: in _create_connection
    return _ConnectionRecord(self)
           ^^^^^^^^^^^^^^^^^^^^^^^
.venv-v2/lib/python3.12/site-packages/sqlalchemy/pool/base.py:674: in __init__
    self.__connect()
.venv-v2/lib/python3.12/site-packages/sqlalchemy/pool/base.py:900: in __connect
    with util.safe_reraise():
         ^^^^^^^^^^^^^^^^^^^
.venv-v2/lib/python3.12/site-packages/sqlalchemy/util/langhelpers.py:122: in __exit__
    raise exc_value.with_traceback(exc_tb)
.venv-v2/lib/python3.12/site-packages/sqlalchemy/pool/base.py:896: in __connect
    self.dbapi_connection = connection = pool._invoke_creator(self)
                                         ^^^^^^^^^^^^^^^^^^^^^^^^^^
.venv-v2/lib/python3.12/site-packages/sqlalchemy/engine/create.py:667: in connect
    return dialect.connect(*cargs_tup, **cparams)
           ^^^^^^^^^^^^^^^^^^^^^^^^^^^^^^^^^^^^^^
.venv-v2/lib/python3.12/site-packages/sqlalchemy/engine/default.py:630: in connect
    return self.loaded_dbapi.connect(*cargs, **cparams)  # type: ignore[no-any-return]  # NOQA: E501
           ^^^^^^^^^^^^^^^^^^^^^^^^^^^^^^^^^^^^^^^^^^^^
_ _ _ _ _ _ _ _ _ _ _ _ _ _ _ _ _ _ _ _ _ _ _ _ _ _ _ _ _ _ _ _ _ _ _ _ _ _ _ _ 

cls = <class 'psycopg.Connection'>
conninfo = 'host=localhost dbname=postgres port=15432 hostaddr=127.0.0.1'
autocommit = False, prepare_threshold = 5
context = <psycopg.adapt.AdaptersMap object at 0x10d2ebd70>, row_factory = None
cursor_factory = None
kwargs = {'host': 'localhost', 'dbname': 'postgres', 'port': 15432}

    @classmethod
    def connect(
        cls,
        conninfo: str = "",
        *,
        autocommit: bool = False,
        prepare_threshold: int | None = 5,
        context: AdaptContext | None = None,
        row_factory: RowFactory[Row] | None = None,
        cursor_factory: type[Cursor[Row]] | None = None,
        **kwargs: ConnParam,
    ) -> Self:
        """
        Connect to a database server and return a new `Connection` instance.
        """
    
        params = cls._get_connection_params(conninfo, **kwargs)
        timeout = timeout_from_conninfo(params)
        rv = None
        attempts = conninfo_attempts(params)
        conn_errors: list[tuple[e.Error, str]] = []
        for attempt in attempts:
            tdescr = (attempt.get("host"), attempt.get("port"), attempt.get("hostaddr"))
            descr = "host: %r, port: %r, hostaddr: %r" % tdescr
            logger.debug("connection attempt: %s", descr)
            try:
                conninfo = make_conninfo("", **attempt)
                gen = cls._connect_gen(conninfo, timeout=timeout)
                rv = waiting.wait_conn(gen, interval=_WAIT_INTERVAL)
            except e.Error as ex:
                logger.debug("connection failed: %s: %s", descr, str(ex))
                conn_errors.append((ex, descr))
            except e._NO_TRACEBACK as ex:
                raise ex.with_traceback(None)
            else:
                logger.debug("connection succeeded: %s", descr)
                break
    
        if not rv:
            last_ex = conn_errors[-1][0]
            if len(conn_errors) == 1:
                raise last_ex.with_traceback(None)
    
            # Create a new exception with the same type as the last one, containing
            # all attempt errors while preserving backward compatibility.
            lines = [str(last_ex)]
            lines.append("Multiple connection attempts failed. All failures were:")
            lines.extend((f"- {descr}: {error}" for error, descr in conn_errors))
            new_ex = type(last_ex)("\n".join(lines), pgconn=last_ex.pgconn)
>           raise new_ex.with_traceback(None)
E           psycopg.OperationalError: connection is bad: connection to server at "127.0.0.1", port 15432 failed: Operation not permitted
E           	Is the server running on that host and accepting TCP/IP connections?
E           Multiple connection attempts failed. All failures were:
E           - host: 'localhost', port: 15432, hostaddr: '::1': connection is bad: connection to server at "::1", port 15432 failed: Operation not permitted
E           	Is the server running on that host and accepting TCP/IP connections?
E           - host: 'localhost', port: 15432, hostaddr: '127.0.0.1': connection is bad: connection to server at "127.0.0.1", port 15432 failed: Operation not permitted
E           	Is the server running on that host and accepting TCP/IP connections?

.venv-v2/lib/python3.12/site-packages/psycopg/connection.py:130: OperationalError

The above exception was the direct cause of the following exception:

app_factory = <function app_factory.<locals>.factory at 0x10d2e3600>

    @pytest.fixture
    def app(app_factory):
>       return app_factory()
               ^^^^^^^^^^^^^

tests/v2/conftest.py:60: 
_ _ _ _ _ _ _ _ _ _ _ _ _ _ _ _ _ _ _ _ _ _ _ _ _ _ _ _ _ _ _ _ _ _ _ _ _ _ _ _ 
tests/v2/conftest.py:30: in factory
    with engine.connect() as conn:
         ^^^^^^^^^^^^^^^^
.venv-v2/lib/python3.12/site-packages/sqlalchemy/engine/base.py:3295: in connect
    return self._connection_cls(self)
           ^^^^^^^^^^^^^^^^^^^^^^^^^^
.venv-v2/lib/python3.12/site-packages/sqlalchemy/engine/base.py:146: in __init__
    Connection._handle_dbapi_exception_noconnection(
.venv-v2/lib/python3.12/site-packages/sqlalchemy/engine/base.py:2450: in _handle_dbapi_exception_noconnection
    raise sqlalchemy_exception.with_traceback(exc_info[2]) from e
.venv-v2/lib/python3.12/site-packages/sqlalchemy/engine/base.py:144: in __init__
    self._dbapi_connection = engine.raw_connection()
                             ^^^^^^^^^^^^^^^^^^^^^^^
.venv-v2/lib/python3.12/site-packages/sqlalchemy/engine/base.py:3319: in raw_connection
    return self.pool.connect()
           ^^^^^^^^^^^^^^^^^^^
.venv-v2/lib/python3.12/site-packages/sqlalchemy/pool/base.py:448: in connect
    return _ConnectionFairy._checkout(self)
           ^^^^^^^^^^^^^^^^^^^^^^^^^^^^^^^^
.venv-v2/lib/python3.12/site-packages/sqlalchemy/pool/base.py:1290: in _checkout
    fairy = _ConnectionRecord.checkout(pool)
            ^^^^^^^^^^^^^^^^^^^^^^^^^^^^^^^^
.venv-v2/lib/python3.12/site-packages/sqlalchemy/pool/base.py:712: in checkout
    rec = pool._do_get()
          ^^^^^^^^^^^^^^
.venv-v2/lib/python3.12/site-packages/sqlalchemy/pool/impl.py:178: in _do_get
    with util.safe_reraise():
         ^^^^^^^^^^^^^^^^^^^
.venv-v2/lib/python3.12/site-packages/sqlalchemy/util/langhelpers.py:122: in __exit__
    raise exc_value.with_traceback(exc_tb)
.venv-v2/lib/python3.12/site-packages/sqlalchemy/pool/impl.py:176: in _do_get
    return self._create_connection()
           ^^^^^^^^^^^^^^^^^^^^^^^^^
.venv-v2/lib/python3.12/site-packages/sqlalchemy/pool/base.py:389: in _create_connection
    return _ConnectionRecord(self)
           ^^^^^^^^^^^^^^^^^^^^^^^
.venv-v2/lib/python3.12/site-packages/sqlalchemy/pool/base.py:674: in __init__
    self.__connect()
.venv-v2/lib/python3.12/site-packages/sqlalchemy/pool/base.py:900: in __connect
    with util.safe_reraise():
         ^^^^^^^^^^^^^^^^^^^
.venv-v2/lib/python3.12/site-packages/sqlalchemy/util/langhelpers.py:122: in __exit__
    raise exc_value.with_traceback(exc_tb)
.venv-v2/lib/python3.12/site-packages/sqlalchemy/pool/base.py:896: in __connect
    self.dbapi_connection = connection = pool._invoke_creator(self)
                                         ^^^^^^^^^^^^^^^^^^^^^^^^^^
.venv-v2/lib/python3.12/site-packages/sqlalchemy/engine/create.py:667: in connect
    return dialect.connect(*cargs_tup, **cparams)
           ^^^^^^^^^^^^^^^^^^^^^^^^^^^^^^^^^^^^^^
.venv-v2/lib/python3.12/site-packages/sqlalchemy/engine/default.py:630: in connect
    return self.loaded_dbapi.connect(*cargs, **cparams)  # type: ignore[no-any-return]  # NOQA: E501
           ^^^^^^^^^^^^^^^^^^^^^^^^^^^^^^^^^^^^^^^^^^^^
_ _ _ _ _ _ _ _ _ _ _ _ _ _ _ _ _ _ _ _ _ _ _ _ _ _ _ _ _ _ _ _ _ _ _ _ _ _ _ _ 

cls = <class 'psycopg.Connection'>
conninfo = 'host=localhost dbname=postgres port=15432 hostaddr=127.0.0.1'
autocommit = False, prepare_threshold = 5
context = <psycopg.adapt.AdaptersMap object at 0x10d2ebd70>, row_factory = None
cursor_factory = None
kwargs = {'host': 'localhost', 'dbname': 'postgres', 'port': 15432}

    @classmethod
    def connect(
        cls,
        conninfo: str = "",
        *,
        autocommit: bool = False,
        prepare_threshold: int | None = 5,
        context: AdaptContext | None = None,
        row_factory: RowFactory[Row] | None = None,
        cursor_factory: type[Cursor[Row]] | None = None,
        **kwargs: ConnParam,
    ) -> Self:
        """
        Connect to a database server and return a new `Connection` instance.
        """
    
        params = cls._get_connection_params(conninfo, **kwargs)
        timeout = timeout_from_conninfo(params)
        rv = None
        attempts = conninfo_attempts(params)
        conn_errors: list[tuple[e.Error, str]] = []
        for attempt in attempts:
            tdescr = (attempt.get("host"), attempt.get("port"), attempt.get("hostaddr"))
            descr = "host: %r, port: %r, hostaddr: %r" % tdescr
            logger.debug("connection attempt: %s", descr)
            try:
                conninfo = make_conninfo("", **attempt)
                gen = cls._connect_gen(conninfo, timeout=timeout)
                rv = waiting.wait_conn(gen, interval=_WAIT_INTERVAL)
            except e.Error as ex:
                logger.debug("connection failed: %s: %s", descr, str(ex))
                conn_errors.append((ex, descr))
            except e._NO_TRACEBACK as ex:
                raise ex.with_traceback(None)
            else:
                logger.debug("connection succeeded: %s", descr)
                break
    
        if not rv:
            last_ex = conn_errors[-1][0]
            if len(conn_errors) == 1:
                raise last_ex.with_traceback(None)
    
            # Create a new exception with the same type as the last one, containing
            # all attempt errors while preserving backward compatibility.
            lines = [str(last_ex)]
            lines.append("Multiple connection attempts failed. All failures were:")
            lines.extend((f"- {descr}: {error}" for error, descr in conn_errors))
            new_ex = type(last_ex)("\n".join(lines), pgconn=last_ex.pgconn)
>           raise new_ex.with_traceback(None)
E           sqlalchemy.exc.OperationalError: (psycopg.OperationalError) connection is bad: connection to server at "127.0.0.1", port 15432 failed: Operation not permitted
E           	Is the server running on that host and accepting TCP/IP connections?
E           Multiple connection attempts failed. All failures were:
E           - host: 'localhost', port: 15432, hostaddr: '::1': connection is bad: connection to server at "::1", port 15432 failed: Operation not permitted
E           	Is the server running on that host and accepting TCP/IP connections?
E           - host: 'localhost', port: 15432, hostaddr: '127.0.0.1': connection is bad: connection to server at "127.0.0.1", port 15432 failed: Operation not permitted
E           	Is the server running on that host and accepting TCP/IP connections?
E           (Background on this error at: https://sqlalche.me/e/20/e3q8)

.venv-v2/lib/python3.12/site-packages/psycopg/connection.py:130: OperationalError
_ ERROR at setup of test_ai_endpoint_auth_disabled_consent_health_quota_and_persistence _

self = <sqlalchemy.engine.base.Connection object at 0x10db44e90>
engine = Engine(postgresql+psycopg://localhost:15432/postgres)
connection = None, _has_events = None, _allow_revalidate = True
_allow_autobegin = True

    def __init__(
        self,
        engine: Engine,
        connection: Optional[PoolProxiedConnection] = None,
        _has_events: Optional[bool] = None,
        _allow_revalidate: bool = True,
        _allow_autobegin: bool = True,
    ):
        """Construct a new Connection."""
        self.engine = engine
        self.dialect = dialect = engine.dialect
    
        if connection is None:
            try:
>               self._dbapi_connection = engine.raw_connection()
                                         ^^^^^^^^^^^^^^^^^^^^^^^

.venv-v2/lib/python3.12/site-packages/sqlalchemy/engine/base.py:144: 
_ _ _ _ _ _ _ _ _ _ _ _ _ _ _ _ _ _ _ _ _ _ _ _ _ _ _ _ _ _ _ _ _ _ _ _ _ _ _ _ 
.venv-v2/lib/python3.12/site-packages/sqlalchemy/engine/base.py:3319: in raw_connection
    return self.pool.connect()
           ^^^^^^^^^^^^^^^^^^^
.venv-v2/lib/python3.12/site-packages/sqlalchemy/pool/base.py:448: in connect
    return _ConnectionFairy._checkout(self)
           ^^^^^^^^^^^^^^^^^^^^^^^^^^^^^^^^
.venv-v2/lib/python3.12/site-packages/sqlalchemy/pool/base.py:1290: in _checkout
    fairy = _ConnectionRecord.checkout(pool)
            ^^^^^^^^^^^^^^^^^^^^^^^^^^^^^^^^
.venv-v2/lib/python3.12/site-packages/sqlalchemy/pool/base.py:712: in checkout
    rec = pool._do_get()
          ^^^^^^^^^^^^^^
.venv-v2/lib/python3.12/site-packages/sqlalchemy/pool/impl.py:178: in _do_get
    with util.safe_reraise():
         ^^^^^^^^^^^^^^^^^^^
.venv-v2/lib/python3.12/site-packages/sqlalchemy/util/langhelpers.py:122: in __exit__
    raise exc_value.with_traceback(exc_tb)
.venv-v2/lib/python3.12/site-packages/sqlalchemy/pool/impl.py:176: in _do_get
    return self._create_connection()
           ^^^^^^^^^^^^^^^^^^^^^^^^^
.venv-v2/lib/python3.12/site-packages/sqlalchemy/pool/base.py:389: in _create_connection
    return _ConnectionRecord(self)
           ^^^^^^^^^^^^^^^^^^^^^^^
.venv-v2/lib/python3.12/site-packages/sqlalchemy/pool/base.py:674: in __init__
    self.__connect()
.venv-v2/lib/python3.12/site-packages/sqlalchemy/pool/base.py:900: in __connect
    with util.safe_reraise():
         ^^^^^^^^^^^^^^^^^^^
.venv-v2/lib/python3.12/site-packages/sqlalchemy/util/langhelpers.py:122: in __exit__
    raise exc_value.with_traceback(exc_tb)
.venv-v2/lib/python3.12/site-packages/sqlalchemy/pool/base.py:896: in __connect
    self.dbapi_connection = connection = pool._invoke_creator(self)
                                         ^^^^^^^^^^^^^^^^^^^^^^^^^^
.venv-v2/lib/python3.12/site-packages/sqlalchemy/engine/create.py:667: in connect
    return dialect.connect(*cargs_tup, **cparams)
           ^^^^^^^^^^^^^^^^^^^^^^^^^^^^^^^^^^^^^^
.venv-v2/lib/python3.12/site-packages/sqlalchemy/engine/default.py:630: in connect
    return self.loaded_dbapi.connect(*cargs, **cparams)  # type: ignore[no-any-return]  # NOQA: E501
           ^^^^^^^^^^^^^^^^^^^^^^^^^^^^^^^^^^^^^^^^^^^^
_ _ _ _ _ _ _ _ _ _ _ _ _ _ _ _ _ _ _ _ _ _ _ _ _ _ _ _ _ _ _ _ _ _ _ _ _ _ _ _ 

cls = <class 'psycopg.Connection'>
conninfo = 'host=localhost dbname=postgres port=15432 hostaddr=127.0.0.1'
autocommit = False, prepare_threshold = 5
context = <psycopg.adapt.AdaptersMap object at 0x10db45790>, row_factory = None
cursor_factory = None
kwargs = {'host': 'localhost', 'dbname': 'postgres', 'port': 15432}

    @classmethod
    def connect(
        cls,
        conninfo: str = "",
        *,
        autocommit: bool = False,
        prepare_threshold: int | None = 5,
        context: AdaptContext | None = None,
        row_factory: RowFactory[Row] | None = None,
        cursor_factory: type[Cursor[Row]] | None = None,
        **kwargs: ConnParam,
    ) -> Self:
        """
        Connect to a database server and return a new `Connection` instance.
        """
    
        params = cls._get_connection_params(conninfo, **kwargs)
        timeout = timeout_from_conninfo(params)
        rv = None
        attempts = conninfo_attempts(params)
        conn_errors: list[tuple[e.Error, str]] = []
        for attempt in attempts:
            tdescr = (attempt.get("host"), attempt.get("port"), attempt.get("hostaddr"))
            descr = "host: %r, port: %r, hostaddr: %r" % tdescr
            logger.debug("connection attempt: %s", descr)
            try:
                conninfo = make_conninfo("", **attempt)
                gen = cls._connect_gen(conninfo, timeout=timeout)
                rv = waiting.wait_conn(gen, interval=_WAIT_INTERVAL)
            except e.Error as ex:
                logger.debug("connection failed: %s: %s", descr, str(ex))
                conn_errors.append((ex, descr))
            except e._NO_TRACEBACK as ex:
                raise ex.with_traceback(None)
            else:
                logger.debug("connection succeeded: %s", descr)
                break
    
        if not rv:
            last_ex = conn_errors[-1][0]
            if len(conn_errors) == 1:
                raise last_ex.with_traceback(None)
    
            # Create a new exception with the same type as the last one, containing
            # all attempt errors while preserving backward compatibility.
            lines = [str(last_ex)]
            lines.append("Multiple connection attempts failed. All failures were:")
            lines.extend((f"- {descr}: {error}" for error, descr in conn_errors))
            new_ex = type(last_ex)("\n".join(lines), pgconn=last_ex.pgconn)
>           raise new_ex.with_traceback(None)
E           psycopg.OperationalError: connection is bad: connection to server at "127.0.0.1", port 15432 failed: Operation not permitted
E           	Is the server running on that host and accepting TCP/IP connections?
E           Multiple connection attempts failed. All failures were:
E           - host: 'localhost', port: 15432, hostaddr: '::1': connection is bad: connection to server at "::1", port 15432 failed: Operation not permitted
E           	Is the server running on that host and accepting TCP/IP connections?
E           - host: 'localhost', port: 15432, hostaddr: '127.0.0.1': connection is bad: connection to server at "127.0.0.1", port 15432 failed: Operation not permitted
E           	Is the server running on that host and accepting TCP/IP connections?

.venv-v2/lib/python3.12/site-packages/psycopg/connection.py:130: OperationalError

The above exception was the direct cause of the following exception:

app_factory = <function app_factory.<locals>.factory at 0x10db50540>

    @pytest.fixture
    def app(app_factory):
>       return app_factory()
               ^^^^^^^^^^^^^

tests/v2/conftest.py:60: 
_ _ _ _ _ _ _ _ _ _ _ _ _ _ _ _ _ _ _ _ _ _ _ _ _ _ _ _ _ _ _ _ _ _ _ _ _ _ _ _ 
tests/v2/conftest.py:30: in factory
    with engine.connect() as conn:
         ^^^^^^^^^^^^^^^^
.venv-v2/lib/python3.12/site-packages/sqlalchemy/engine/base.py:3295: in connect
    return self._connection_cls(self)
           ^^^^^^^^^^^^^^^^^^^^^^^^^^
.venv-v2/lib/python3.12/site-packages/sqlalchemy/engine/base.py:146: in __init__
    Connection._handle_dbapi_exception_noconnection(
.venv-v2/lib/python3.12/site-packages/sqlalchemy/engine/base.py:2450: in _handle_dbapi_exception_noconnection
    raise sqlalchemy_exception.with_traceback(exc_info[2]) from e
.venv-v2/lib/python3.12/site-packages/sqlalchemy/engine/base.py:144: in __init__
    self._dbapi_connection = engine.raw_connection()
                             ^^^^^^^^^^^^^^^^^^^^^^^
.venv-v2/lib/python3.12/site-packages/sqlalchemy/engine/base.py:3319: in raw_connection
    return self.pool.connect()
           ^^^^^^^^^^^^^^^^^^^
.venv-v2/lib/python3.12/site-packages/sqlalchemy/pool/base.py:448: in connect
    return _ConnectionFairy._checkout(self)
           ^^^^^^^^^^^^^^^^^^^^^^^^^^^^^^^^
.venv-v2/lib/python3.12/site-packages/sqlalchemy/pool/base.py:1290: in _checkout
    fairy = _ConnectionRecord.checkout(pool)
            ^^^^^^^^^^^^^^^^^^^^^^^^^^^^^^^^
.venv-v2/lib/python3.12/site-packages/sqlalchemy/pool/base.py:712: in checkout
    rec = pool._do_get()
          ^^^^^^^^^^^^^^
.venv-v2/lib/python3.12/site-packages/sqlalchemy/pool/impl.py:178: in _do_get
    with util.safe_reraise():
         ^^^^^^^^^^^^^^^^^^^
.venv-v2/lib/python3.12/site-packages/sqlalchemy/util/langhelpers.py:122: in __exit__
    raise exc_value.with_traceback(exc_tb)
.venv-v2/lib/python3.12/site-packages/sqlalchemy/pool/impl.py:176: in _do_get
    return self._create_connection()
           ^^^^^^^^^^^^^^^^^^^^^^^^^
.venv-v2/lib/python3.12/site-packages/sqlalchemy/pool/base.py:389: in _create_connection
    return _ConnectionRecord(self)
           ^^^^^^^^^^^^^^^^^^^^^^^
.venv-v2/lib/python3.12/site-packages/sqlalchemy/pool/base.py:674: in __init__
    self.__connect()
.venv-v2/lib/python3.12/site-packages/sqlalchemy/pool/base.py:900: in __connect
    with util.safe_reraise():
         ^^^^^^^^^^^^^^^^^^^
.venv-v2/lib/python3.12/site-packages/sqlalchemy/util/langhelpers.py:122: in __exit__
    raise exc_value.with_traceback(exc_tb)
.venv-v2/lib/python3.12/site-packages/sqlalchemy/pool/base.py:896: in __connect
    self.dbapi_connection = connection = pool._invoke_creator(self)
                                         ^^^^^^^^^^^^^^^^^^^^^^^^^^
.venv-v2/lib/python3.12/site-packages/sqlalchemy/engine/create.py:667: in connect
    return dialect.connect(*cargs_tup, **cparams)
           ^^^^^^^^^^^^^^^^^^^^^^^^^^^^^^^^^^^^^^
.venv-v2/lib/python3.12/site-packages/sqlalchemy/engine/default.py:630: in connect
    return self.loaded_dbapi.connect(*cargs, **cparams)  # type: ignore[no-any-return]  # NOQA: E501
           ^^^^^^^^^^^^^^^^^^^^^^^^^^^^^^^^^^^^^^^^^^^^
_ _ _ _ _ _ _ _ _ _ _ _ _ _ _ _ _ _ _ _ _ _ _ _ _ _ _ _ _ _ _ _ _ _ _ _ _ _ _ _ 

cls = <class 'psycopg.Connection'>
conninfo = 'host=localhost dbname=postgres port=15432 hostaddr=127.0.0.1'
autocommit = False, prepare_threshold = 5
context = <psycopg.adapt.AdaptersMap object at 0x10db45790>, row_factory = None
cursor_factory = None
kwargs = {'host': 'localhost', 'dbname': 'postgres', 'port': 15432}

    @classmethod
    def connect(
        cls,
        conninfo: str = "",
        *,
        autocommit: bool = False,
        prepare_threshold: int | None = 5,
        context: AdaptContext | None = None,
        row_factory: RowFactory[Row] | None = None,
        cursor_factory: type[Cursor[Row]] | None = None,
        **kwargs: ConnParam,
    ) -> Self:
        """
        Connect to a database server and return a new `Connection` instance.
        """
    
        params = cls._get_connection_params(conninfo, **kwargs)
        timeout = timeout_from_conninfo(params)
        rv = None
        attempts = conninfo_attempts(params)
        conn_errors: list[tuple[e.Error, str]] = []
        for attempt in attempts:
            tdescr = (attempt.get("host"), attempt.get("port"), attempt.get("hostaddr"))
            descr = "host: %r, port: %r, hostaddr: %r" % tdescr
            logger.debug("connection attempt: %s", descr)
            try:
                conninfo = make_conninfo("", **attempt)
                gen = cls._connect_gen(conninfo, timeout=timeout)
                rv = waiting.wait_conn(gen, interval=_WAIT_INTERVAL)
            except e.Error as ex:
                logger.debug("connection failed: %s: %s", descr, str(ex))
                conn_errors.append((ex, descr))
            except e._NO_TRACEBACK as ex:
                raise ex.with_traceback(None)
            else:
                logger.debug("connection succeeded: %s", descr)
                break
    
        if not rv:
            last_ex = conn_errors[-1][0]
            if len(conn_errors) == 1:
                raise last_ex.with_traceback(None)
    
            # Create a new exception with the same type as the last one, containing
            # all attempt errors while preserving backward compatibility.
            lines = [str(last_ex)]
            lines.append("Multiple connection attempts failed. All failures were:")
            lines.extend((f"- {descr}: {error}" for error, descr in conn_errors))
            new_ex = type(last_ex)("\n".join(lines), pgconn=last_ex.pgconn)
>           raise new_ex.with_traceback(None)
E           sqlalchemy.exc.OperationalError: (psycopg.OperationalError) connection is bad: connection to server at "127.0.0.1", port 15432 failed: Operation not permitted
E           	Is the server running on that host and accepting TCP/IP connections?
E           Multiple connection attempts failed. All failures were:
E           - host: 'localhost', port: 15432, hostaddr: '::1': connection is bad: connection to server at "::1", port 15432 failed: Operation not permitted
E           	Is the server running on that host and accepting TCP/IP connections?
E           - host: 'localhost', port: 15432, hostaddr: '127.0.0.1': connection is bad: connection to server at "127.0.0.1", port 15432 failed: Operation not permitted
E           	Is the server running on that host and accepting TCP/IP connections?
E           (Background on this error at: https://sqlalche.me/e/20/e3q8)

.venv-v2/lib/python3.12/site-packages/psycopg/connection.py:130: OperationalError
______ ERROR at setup of test_global_ai_limit_is_shared_between_accounts _______

self = <sqlalchemy.engine.base.Connection object at 0x10db46480>
engine = Engine(postgresql+psycopg://localhost:15432/postgres)
connection = None, _has_events = None, _allow_revalidate = True
_allow_autobegin = True

    def __init__(
        self,
        engine: Engine,
        connection: Optional[PoolProxiedConnection] = None,
        _has_events: Optional[bool] = None,
        _allow_revalidate: bool = True,
        _allow_autobegin: bool = True,
    ):
        """Construct a new Connection."""
        self.engine = engine
        self.dialect = dialect = engine.dialect
    
        if connection is None:
            try:
>               self._dbapi_connection = engine.raw_connection()
                                         ^^^^^^^^^^^^^^^^^^^^^^^

.venv-v2/lib/python3.12/site-packages/sqlalchemy/engine/base.py:144: 
_ _ _ _ _ _ _ _ _ _ _ _ _ _ _ _ _ _ _ _ _ _ _ _ _ _ _ _ _ _ _ _ _ _ _ _ _ _ _ _ 
.venv-v2/lib/python3.12/site-packages/sqlalchemy/engine/base.py:3319: in raw_connection
    return self.pool.connect()
           ^^^^^^^^^^^^^^^^^^^
.venv-v2/lib/python3.12/site-packages/sqlalchemy/pool/base.py:448: in connect
    return _ConnectionFairy._checkout(self)
           ^^^^^^^^^^^^^^^^^^^^^^^^^^^^^^^^
.venv-v2/lib/python3.12/site-packages/sqlalchemy/pool/base.py:1290: in _checkout
    fairy = _ConnectionRecord.checkout(pool)
            ^^^^^^^^^^^^^^^^^^^^^^^^^^^^^^^^
.venv-v2/lib/python3.12/site-packages/sqlalchemy/pool/base.py:712: in checkout
    rec = pool._do_get()
          ^^^^^^^^^^^^^^
.venv-v2/lib/python3.12/site-packages/sqlalchemy/pool/impl.py:178: in _do_get
    with util.safe_reraise():
         ^^^^^^^^^^^^^^^^^^^
.venv-v2/lib/python3.12/site-packages/sqlalchemy/util/langhelpers.py:122: in __exit__
    raise exc_value.with_traceback(exc_tb)
.venv-v2/lib/python3.12/site-packages/sqlalchemy/pool/impl.py:176: in _do_get
    return self._create_connection()
           ^^^^^^^^^^^^^^^^^^^^^^^^^
.venv-v2/lib/python3.12/site-packages/sqlalchemy/pool/base.py:389: in _create_connection
    return _ConnectionRecord(self)
           ^^^^^^^^^^^^^^^^^^^^^^^
.venv-v2/lib/python3.12/site-packages/sqlalchemy/pool/base.py:674: in __init__
    self.__connect()
.venv-v2/lib/python3.12/site-packages/sqlalchemy/pool/base.py:900: in __connect
    with util.safe_reraise():
         ^^^^^^^^^^^^^^^^^^^
.venv-v2/lib/python3.12/site-packages/sqlalchemy/util/langhelpers.py:122: in __exit__
    raise exc_value.with_traceback(exc_tb)
.venv-v2/lib/python3.12/site-packages/sqlalchemy/pool/base.py:896: in __connect
    self.dbapi_connection = connection = pool._invoke_creator(self)
                                         ^^^^^^^^^^^^^^^^^^^^^^^^^^
.venv-v2/lib/python3.12/site-packages/sqlalchemy/engine/create.py:667: in connect
    return dialect.connect(*cargs_tup, **cparams)
           ^^^^^^^^^^^^^^^^^^^^^^^^^^^^^^^^^^^^^^
.venv-v2/lib/python3.12/site-packages/sqlalchemy/engine/default.py:630: in connect
    return self.loaded_dbapi.connect(*cargs, **cparams)  # type: ignore[no-any-return]  # NOQA: E501
           ^^^^^^^^^^^^^^^^^^^^^^^^^^^^^^^^^^^^^^^^^^^^
_ _ _ _ _ _ _ _ _ _ _ _ _ _ _ _ _ _ _ _ _ _ _ _ _ _ _ _ _ _ _ _ _ _ _ _ _ _ _ _ 

cls = <class 'psycopg.Connection'>
conninfo = 'host=localhost dbname=postgres port=15432 hostaddr=127.0.0.1'
autocommit = False, prepare_threshold = 5
context = <psycopg.adapt.AdaptersMap object at 0x10db467e0>, row_factory = None
cursor_factory = None
kwargs = {'host': 'localhost', 'dbname': 'postgres', 'port': 15432}

    @classmethod
    def connect(
        cls,
        conninfo: str = "",
        *,
        autocommit: bool = False,
        prepare_threshold: int | None = 5,
        context: AdaptContext | None = None,
        row_factory: RowFactory[Row] | None = None,
        cursor_factory: type[Cursor[Row]] | None = None,
        **kwargs: ConnParam,
    ) -> Self:
        """
        Connect to a database server and return a new `Connection` instance.
        """
    
        params = cls._get_connection_params(conninfo, **kwargs)
        timeout = timeout_from_conninfo(params)
        rv = None
        attempts = conninfo_attempts(params)
        conn_errors: list[tuple[e.Error, str]] = []
        for attempt in attempts:
            tdescr = (attempt.get("host"), attempt.get("port"), attempt.get("hostaddr"))
            descr = "host: %r, port: %r, hostaddr: %r" % tdescr
            logger.debug("connection attempt: %s", descr)
            try:
                conninfo = make_conninfo("", **attempt)
                gen = cls._connect_gen(conninfo, timeout=timeout)
                rv = waiting.wait_conn(gen, interval=_WAIT_INTERVAL)
            except e.Error as ex:
                logger.debug("connection failed: %s: %s", descr, str(ex))
                conn_errors.append((ex, descr))
            except e._NO_TRACEBACK as ex:
                raise ex.with_traceback(None)
            else:
                logger.debug("connection succeeded: %s", descr)
                break
    
        if not rv:
            last_ex = conn_errors[-1][0]
            if len(conn_errors) == 1:
                raise last_ex.with_traceback(None)
    
            # Create a new exception with the same type as the last one, containing
            # all attempt errors while preserving backward compatibility.
            lines = [str(last_ex)]
            lines.append("Multiple connection attempts failed. All failures were:")
            lines.extend((f"- {descr}: {error}" for error, descr in conn_errors))
            new_ex = type(last_ex)("\n".join(lines), pgconn=last_ex.pgconn)
>           raise new_ex.with_traceback(None)
E           psycopg.OperationalError: connection is bad: connection to server at "127.0.0.1", port 15432 failed: Operation not permitted
E           	Is the server running on that host and accepting TCP/IP connections?
E           Multiple connection attempts failed. All failures were:
E           - host: 'localhost', port: 15432, hostaddr: '::1': connection is bad: connection to server at "::1", port 15432 failed: Operation not permitted
E           	Is the server running on that host and accepting TCP/IP connections?
E           - host: 'localhost', port: 15432, hostaddr: '127.0.0.1': connection is bad: connection to server at "127.0.0.1", port 15432 failed: Operation not permitted
E           	Is the server running on that host and accepting TCP/IP connections?

.venv-v2/lib/python3.12/site-packages/psycopg/connection.py:130: OperationalError

The above exception was the direct cause of the following exception:

app_factory = <function app_factory.<locals>.factory at 0x10db52520>

    @pytest.fixture
    def app(app_factory):
>       return app_factory()
               ^^^^^^^^^^^^^

tests/v2/conftest.py:60: 
_ _ _ _ _ _ _ _ _ _ _ _ _ _ _ _ _ _ _ _ _ _ _ _ _ _ _ _ _ _ _ _ _ _ _ _ _ _ _ _ 
tests/v2/conftest.py:30: in factory
    with engine.connect() as conn:
         ^^^^^^^^^^^^^^^^
.venv-v2/lib/python3.12/site-packages/sqlalchemy/engine/base.py:3295: in connect
    return self._connection_cls(self)
           ^^^^^^^^^^^^^^^^^^^^^^^^^^
.venv-v2/lib/python3.12/site-packages/sqlalchemy/engine/base.py:146: in __init__
    Connection._handle_dbapi_exception_noconnection(
.venv-v2/lib/python3.12/site-packages/sqlalchemy/engine/base.py:2450: in _handle_dbapi_exception_noconnection
    raise sqlalchemy_exception.with_traceback(exc_info[2]) from e
.venv-v2/lib/python3.12/site-packages/sqlalchemy/engine/base.py:144: in __init__
    self._dbapi_connection = engine.raw_connection()
                             ^^^^^^^^^^^^^^^^^^^^^^^
.venv-v2/lib/python3.12/site-packages/sqlalchemy/engine/base.py:3319: in raw_connection
    return self.pool.connect()
           ^^^^^^^^^^^^^^^^^^^
.venv-v2/lib/python3.12/site-packages/sqlalchemy/pool/base.py:448: in connect
    return _ConnectionFairy._checkout(self)
           ^^^^^^^^^^^^^^^^^^^^^^^^^^^^^^^^
.venv-v2/lib/python3.12/site-packages/sqlalchemy/pool/base.py:1290: in _checkout
    fairy = _ConnectionRecord.checkout(pool)
            ^^^^^^^^^^^^^^^^^^^^^^^^^^^^^^^^
.venv-v2/lib/python3.12/site-packages/sqlalchemy/pool/base.py:712: in checkout
    rec = pool._do_get()
          ^^^^^^^^^^^^^^
.venv-v2/lib/python3.12/site-packages/sqlalchemy/pool/impl.py:178: in _do_get
    with util.safe_reraise():
         ^^^^^^^^^^^^^^^^^^^
.venv-v2/lib/python3.12/site-packages/sqlalchemy/util/langhelpers.py:122: in __exit__
    raise exc_value.with_traceback(exc_tb)
.venv-v2/lib/python3.12/site-packages/sqlalchemy/pool/impl.py:176: in _do_get
    return self._create_connection()
           ^^^^^^^^^^^^^^^^^^^^^^^^^
.venv-v2/lib/python3.12/site-packages/sqlalchemy/pool/base.py:389: in _create_connection
    return _ConnectionRecord(self)
           ^^^^^^^^^^^^^^^^^^^^^^^
.venv-v2/lib/python3.12/site-packages/sqlalchemy/pool/base.py:674: in __init__
    self.__connect()
.venv-v2/lib/python3.12/site-packages/sqlalchemy/pool/base.py:900: in __connect
    with util.safe_reraise():
         ^^^^^^^^^^^^^^^^^^^
.venv-v2/lib/python3.12/site-packages/sqlalchemy/util/langhelpers.py:122: in __exit__
    raise exc_value.with_traceback(exc_tb)
.venv-v2/lib/python3.12/site-packages/sqlalchemy/pool/base.py:896: in __connect
    self.dbapi_connection = connection = pool._invoke_creator(self)
                                         ^^^^^^^^^^^^^^^^^^^^^^^^^^
.venv-v2/lib/python3.12/site-packages/sqlalchemy/engine/create.py:667: in connect
    return dialect.connect(*cargs_tup, **cparams)
           ^^^^^^^^^^^^^^^^^^^^^^^^^^^^^^^^^^^^^^
.venv-v2/lib/python3.12/site-packages/sqlalchemy/engine/default.py:630: in connect
    return self.loaded_dbapi.connect(*cargs, **cparams)  # type: ignore[no-any-return]  # NOQA: E501
           ^^^^^^^^^^^^^^^^^^^^^^^^^^^^^^^^^^^^^^^^^^^^
_ _ _ _ _ _ _ _ _ _ _ _ _ _ _ _ _ _ _ _ _ _ _ _ _ _ _ _ _ _ _ _ _ _ _ _ _ _ _ _ 

cls = <class 'psycopg.Connection'>
conninfo = 'host=localhost dbname=postgres port=15432 hostaddr=127.0.0.1'
autocommit = False, prepare_threshold = 5
context = <psycopg.adapt.AdaptersMap object at 0x10db467e0>, row_factory = None
cursor_factory = None
kwargs = {'host': 'localhost', 'dbname': 'postgres', 'port': 15432}

    @classmethod
    def connect(
        cls,
        conninfo: str = "",
        *,
        autocommit: bool = False,
        prepare_threshold: int | None = 5,
        context: AdaptContext | None = None,
        row_factory: RowFactory[Row] | None = None,
        cursor_factory: type[Cursor[Row]] | None = None,
        **kwargs: ConnParam,
    ) -> Self:
        """
        Connect to a database server and return a new `Connection` instance.
        """
    
        params = cls._get_connection_params(conninfo, **kwargs)
        timeout = timeout_from_conninfo(params)
        rv = None
        attempts = conninfo_attempts(params)
        conn_errors: list[tuple[e.Error, str]] = []
        for attempt in attempts:
            tdescr = (attempt.get("host"), attempt.get("port"), attempt.get("hostaddr"))
            descr = "host: %r, port: %r, hostaddr: %r" % tdescr
            logger.debug("connection attempt: %s", descr)
            try:
                conninfo = make_conninfo("", **attempt)
                gen = cls._connect_gen(conninfo, timeout=timeout)
                rv = waiting.wait_conn(gen, interval=_WAIT_INTERVAL)
            except e.Error as ex:
                logger.debug("connection failed: %s: %s", descr, str(ex))
                conn_errors.append((ex, descr))
            except e._NO_TRACEBACK as ex:
                raise ex.with_traceback(None)
            else:
                logger.debug("connection succeeded: %s", descr)
                break
    
        if not rv:
            last_ex = conn_errors[-1][0]
            if len(conn_errors) == 1:
                raise last_ex.with_traceback(None)
    
            # Create a new exception with the same type as the last one, containing
            # all attempt errors while preserving backward compatibility.
            lines = [str(last_ex)]
            lines.append("Multiple connection attempts failed. All failures were:")
            lines.extend((f"- {descr}: {error}" for error, descr in conn_errors))
            new_ex = type(last_ex)("\n".join(lines), pgconn=last_ex.pgconn)
>           raise new_ex.with_traceback(None)
E           sqlalchemy.exc.OperationalError: (psycopg.OperationalError) connection is bad: connection to server at "127.0.0.1", port 15432 failed: Operation not permitted
E           	Is the server running on that host and accepting TCP/IP connections?
E           Multiple connection attempts failed. All failures were:
E           - host: 'localhost', port: 15432, hostaddr: '::1': connection is bad: connection to server at "::1", port 15432 failed: Operation not permitted
E           	Is the server running on that host and accepting TCP/IP connections?
E           - host: 'localhost', port: 15432, hostaddr: '127.0.0.1': connection is bad: connection to server at "127.0.0.1", port 15432 failed: Operation not permitted
E           	Is the server running on that host and accepting TCP/IP connections?
E           (Background on this error at: https://sqlalche.me/e/20/e3q8)

.venv-v2/lib/python3.12/site-packages/psycopg/connection.py:130: OperationalError
=============================== warnings summary ===============================
.venv-v2/lib/python3.12/site-packages/fastapi/testclient.py:1
  /Users/caglarcetin/Documents/GitHub/Athlete-Life/.venv-v2/lib/python3.12/site-packages/fastapi/testclient.py:1: StarletteDeprecationWarning: Using `httpx` with `starlette.testclient` is deprecated; install `httpx2` instead.
    from starlette.testclient import TestClient as TestClient  # noqa

.venv-v2/lib/python3.12/site-packages/starlette/testclient.py:53
  /Users/caglarcetin/Documents/GitHub/Athlete-Life/.venv-v2/lib/python3.12/site-packages/starlette/testclient.py:53: DeprecationWarning: The anyio.abc.BlockingPortal alias is deprecated, use anyio.from_thread.BlockingPortal instead.
    _PortalFactoryType = Callable[[], AbstractContextManager[anyio.abc.BlockingPortal]]

-- Docs: https://docs.pytest.org/en/stable/how-to/capture-warnings.html
=========================== short test summary info ============================
ERROR tests/v2/test_guided_planning.py::test_api_generation_is_read_only_then_choices_persist_on_accept
ERROR tests/v2/test_hybrid_planning.py::test_plan_actual_and_muscle_report_share_canonical_ids
ERROR tests/v2/test_ai_planning.py::test_ai_endpoint_auth_disabled_consent_health_quota_and_persistence
ERROR tests/v2/test_ai_planning.py::test_global_ai_limit_is_shared_between_accounts
59 passed, 2 warnings, 4 errors in 1.81s
