........F............................................................... [ 97%]
..                                                                       [100%]
=================================== FAILURES ===================================
________ test_edit_preserves_original_time_skip_extra_delete_and_timer _________

client = <starlette.testclient.TestClient object at 0x10b30cb00>

    def test_edit_preserves_original_time_skip_extra_delete_and_timer(client):
        p, d = program(client)
        rx = prescription(client, p, d)
        slots = [c["entity"] for c in rx["changes"] if c["kind"] == "slot"]
        s = session(client, rx)
        write(
            client,
            actual(
                client,
                s,
                slots[0],
                status="skipped",
                reps=None,
                occurred_at=None,
                time_precision="date_only",
            ),
        )
        assert client.get("/api/v2/bootstrap").json()["sessions"][0]["status"] == "ready"
        first = write(client, actual(client, s, slots[1]))
        row = first["entity"]
        patch = actual(client, s, slots[1], reps=7, occurred_at="2026-09-17T00:00:00Z")
        patch["entity_id"] = row["id"]
        patch["expected_version"] = 1
        changed = write(client, patch)["entity"]
        assert changed["occurred_at"] == row["occurred_at"]
        assert changed["updated_at"] > row["updated_at"]
        active = client.get("/api/v2/bootstrap").json()["sessions"][0]
        timed = write(
            client,
            cmd(
                "session.timer", active["id"], active["version"], action="start", seconds=90
            ),
        )["entity"]
        assert timed["timer_deadline"] is not None
        reset = write(
            client, cmd("session.timer", timed["id"], timed["version"], action="reset")
        )["entity"]
        assert reset["timer_deadline"] is None
        assert len(client.get("/api/v2/bootstrap").json()["sets"]) == 2
        extra = actual(client, s, slots[2], slot_id=None, status="extra")
        write(client, extra)
        latest = client.get("/api/v2/bootstrap").json()["sessions"][0]
        done = write(
            client,
            cmd("session.transition", latest["id"], latest["version"], status="completed"),
        )["entity"]
>       assert (
            client.post(
                "/api/v2/commands",
                json=cmd(
                    "session.transition", done["id"], done["version"], status="active"
                ),
            ).status_code
            == 409
        )
E       AssertionError: assert 200 == 409
E        +  where 200 = <Response [200 OK]>.status_code
E        +    where <Response [200 OK]> = post('/api/v2/commands', json={'operation_id': '007a61f7-5f66-4c65-8f8e-fabbdbee492d', 'entity_id': 'bd51f42d-6cba-4212-825d-cfddcad3b769', 'expected_version': 6, 'schema_version': 1, ...})
E        +      where post = <starlette.testclient.TestClient object at 0x10b30cb00>.post
E        +      and   {'operation_id': '007a61f7-5f66-4c65-8f8e-fabbdbee492d', 'entity_id': 'bd51f42d-6cba-4212-825d-cfddcad3b769', 'expected_version': 6, 'schema_version': 1, ...} = cmd('session.transition', 'bd51f42d-6cba-4212-825d-cfddcad3b769', 6, status='active')

tests/v2/test_workouts.py:180: AssertionError
=============================== warnings summary ===============================
.venv-v2/lib/python3.12/site-packages/fastapi/testclient.py:1
  /Users/caglarcetin/Documents/GitHub/Athlete-Life/.venv-v2/lib/python3.12/site-packages/fastapi/testclient.py:1: StarletteDeprecationWarning: Using `httpx` with `starlette.testclient` is deprecated; install `httpx2` instead.
    from starlette.testclient import TestClient as TestClient  # noqa

.venv-v2/lib/python3.12/site-packages/starlette/testclient.py:53
  /Users/caglarcetin/Documents/GitHub/Athlete-Life/.venv-v2/lib/python3.12/site-packages/starlette/testclient.py:53: DeprecationWarning: The anyio.abc.BlockingPortal alias is deprecated, use anyio.from_thread.BlockingPortal instead.
    _PortalFactoryType = Callable[[], AbstractContextManager[anyio.abc.BlockingPortal]]

-- Docs: https://docs.pytest.org/en/stable/how-to/capture-warnings.html
=========================== short test summary info ============================
FAILED tests/v2/test_workouts.py::test_edit_preserves_original_time_skip_extra_delete_and_timer
1 failed, 73 passed, 2 warnings in 10.82s
