BODY İçeriğe geç
ATHLETE LIFE
HER GÜN BİRAZ DAHA İYİ
Bugün
Haftam
Antrenman
Beslenme
Sağlık
Durumum
Araçlar
Profilim
D
Deniz Test
Kendi ritminde
Sunucuya kaydedildi
Açık
D
Deniz Test
GEÇMİŞİN SENİNLE
Yedekler ve arşiv

Kayıtlarını indir, eski sürümden taşı veya korunmuş geçmişini incele.

Tüm verileri yedekle

Sunucudaki kayıtların ve bu cihazın bekleyen işlemleri ayrı bölümlerde yer alır. 0 işlem eşitleme bekliyor.

Tam yedeği indir

Bu dosya kişisel sağlık verilerini içerebilir. Güvenli bir yerde sakla.

Yedeğini incele

Önce kapsamı gösteririz. “Aktarımı onayla” seçeneğine basmadan geçmişin değiştirilmez.

JSON veya .alosbackup veri yedeği

Kod ZIP dosyası veri yedeği değildir. Farklı bir sitenin tarayıcı kayıtlarına buradan erişilemez.

Dönem arşivim

Yeni başlangıçta mevcut plan, antrenman ve günlük verilerinin bir kopyası arşivlenir. Yeni hesaplamalar boş bir dönemden başlar. Profilin ve fotoğrafların korunur.

Arşivleyerek yeni başlangıç
Son silinen kayıtlar

Doğrudan sildiğin bir kaydı sürüm kontrolüyle geri alabilirsin. Yeni başlangıçla arşive kaldırılmış kayıtlar eski dönemden incelenir.

Fotoğraf arşivi
Sentetik fotoğraf
Tarih ve ölçümler
3B model dosyalarım
Korunmuş eski kayıtlar

Eski alanlar kaynak adıyla görüntülenir. Belirsiz zamanlar gerçek ölçüm gibi yorumlanmaz.

Kayıt grubu
Tümü
lab
set
food
goal
meal
pain
slot
cycle
event
media
shift
sleep
import
legacy
recipe
archive
checkin
episode
profile
program
session
analysis
hydration
capability
measurement
program_day
optimization
prescription
nutrition_day
goal_measurement
program_exercise
foodLogs
waterLogs
trainingLogs
scheduleByDate
newUnknownField
capabilityRecords
guidedWorkoutHistory
trainingLogs · /trainingLogs/2026-09-10/0
Önceki kayıtlar
Sonraki kayıtlar
Geri
Bugün
İleri
node:internal/modules/run_main:107
    triggerUncaughtException(
    ^

ExpectError: expect(locator).toContainText(expected) failed

Locator: locator('details').first()
Expected substring: "trainingLogs"
Received string:    "Tarih ve ölçümlerFotoğrafın çekildiği tarihGörünüşBelirtilmediÖnArkaYanDiğerBu tarihte ölçtüğüm ağırlık (kg)Ondalık için virgül veya nokta kullanabilirsin.Bu tarihte ölçtüğüm bel çevresi (cm)Ondalık için virgül veya nokta kullanabilirsin.NotKaydı saklaSunucu onayı üstteki eşitleme alanında görünür.Bu ölçümleri sen girersin; fotoğraftan vücut ölçümü çıkarılmaz. Boş tarih geçmişe yönelik tahminle doldurulmaz."
Timeout: 5000ms

Call log:
  - Expect "toContainText" locator('details').first() with timeout 5000ms
  - waiting for locator('details').first()
    14 × locator resolved to <details>…</details>
       - unexpected value "Tarih ve ölçümlerFotoğrafın çekildiği tarihGörünüşBelirtilmediÖnArkaYanDiğerBu tarihte ölçtüğüm ağırlık (kg)Ondalık için virgül veya nokta kullanabilirsin.Bu tarihte ölçtüğüm bel çevresi (cm)Ondalık için virgül veya nokta kullanabilirsin.NotKaydı saklaSunucu onayı üstteki eşitleme alanında görünür.Bu ölçümleri sen girersin; fotoğraftan vücut ölçümü çıkarılmaz. Boş tarih geçmişe yönelik tahminle doldurulmaz."

    at captureRawStack (/Users/caglarcetin/Documents/GitHub/Athlete-Life/apps/web/node_modules/playwright-core/lib/coreBundle.js:8588:17)
    at callMatcherAsStep (/Users/caglarcetin/Documents/GitHub/Athlete-Life/apps/web/node_modules/playwright/lib/matchers/expect.js:13310:57)
    at Object.toContainText (/Users/caglarcetin/Documents/GitHub/Athlete-Life/apps/web/node_modules/playwright/lib/matchers/expect.js:13302:23)
    at /Users/caglarcetin/Documents/GitHub/Athlete-Life/tools/v2/restore_browser.mjs:17:217 {
  matcherResult: {
    name: 'toContainText',
    expected: 'trainingLogs',
    message: 'expect(locator).toContainText(expected) failed\n' +
      '\n' +
      "Locator: locator('details').first()\n" +
      'Expected substring: "trainingLogs"\n' +
      'Received string:    "Tarih ve ölçümlerFotoğrafın çekildiği tarihGörünüşBelirtilmediÖnArkaYanDiğerBu tarihte ölçtüğüm ağırlık (kg)Ondalık için virgül veya nokta kullanabilirsin.Bu tarihte ölçtüğüm bel çevresi (cm)Ondalık için virgül veya nokta kullanabilirsin.NotKaydı saklaSunucu onayı üstteki eşitleme alanında görünür.Bu ölçümleri sen girersin; fotoğraftan vücut ölçümü çıkarılmaz. Boş tarih geçmişe yönelik tahminle doldurulmaz."\n' +
      'Timeout: 5000ms\n' +
      '\n' +
      'Call log:\n' +
      `  - Expect "toContainText" locator('details').first() with timeout 5000ms\n` +
      "  - waiting for locator('details').first()\n" +
      '    14 × locator resolved to <details>…</details>\n' +
      '       - unexpected value "Tarih ve ölçümlerFotoğrafın çekildiği tarihGörünüşBelirtilmediÖnArkaYanDiğerBu tarihte ölçtüğüm ağırlık (kg)Ondalık için virgül veya nokta kullanabilirsin.Bu tarihte ölçtüğüm bel çevresi (cm)Ondalık için virgül veya nokta kullanabilirsin.NotKaydı saklaSunucu onayı üstteki eşitleme alanında görünür.Bu ölçümleri sen girersin; fotoğraftan vücut ölçümü çıkarılmaz. Boş tarih geçmişe yönelik tahminle doldurulmaz."\n',
    pass: false,
    actual: 'Tarih ve ölçümlerFotoğrafın çekildiği tarihGörünüşBelirtilmediÖnArkaYanDiğerBu tarihte ölçtüğüm ağırlık (kg)Ondalık için virgül veya nokta kullanabilirsin.Bu tarihte ölçtüğüm bel çevresi (cm)Ondalık için virgül veya nokta kullanabilirsin.NotKaydı saklaSunucu onayı üstteki eşitleme alanında görünür.Bu ölçümleri sen girersin; fotoğraftan vücut ölçümü çıkarılmaz. Boş tarih geçmişe yönelik tahminle doldurulmaz.',
    log: [
      `  - Expect "toContainText" locator('details').first() with timeout 5000ms`,
      "  - waiting for locator('details').first()",
      '    14 × locator resolved to <details>…</details>',
      '       - unexpected value "Tarih ve ölçümlerFotoğrafın çekildiği tarihGörünüşBelirtilmediÖnArkaYanDiğerBu tarihte ölçtüğüm ağırlık (kg)Ondalık için virgül veya nokta kullanabilirsin.Bu tarihte ölçtüğüm bel çevresi (cm)Ondalık için virgül veya nokta kullanabilirsin.NotKaydı saklaSunucu onayı üstteki eşitleme alanında görünür.Bu ölçümleri sen girersin; fotoğraftan vücut ölçümü çıkarılmaz. Boş tarih geçmişe yönelik tahminle doldurulmaz."'
    ],
    timeout: 5000,
    ariaSnapshot: '- group: Tarih ve ölçümler'
  }
}

Node.js v24.19.0
