..................F.                                                     [100%]
=================================== FAILURES ===================================
________ test_superset_edits_preserve_each_movement_and_actual_quantity ________

client = <starlette.testclient.TestClient object at 0x10b7a5e80>

    def test_superset_edits_preserve_each_movement_and_actual_quantity(client):
        from conftest import cmd
        from test_core import write
    
        session = write(
            client, cmd("session.open", local_date="2026-09-15", title="Synthetic")
        )["entity"]
        a = write(
            client,
            cmd(
                "set.save",
                session_id=session["id"],
                time_precision="date_only",
                movement_id="barbell-squat",
                name="Barbell Squat",
                reps=10,
                external_kg=60,
                set_kind="working",
                superset_group="A",
                sequence=1,
            ),
        )["entity"]
        b = write(
            client,
            cmd(
                "set.save",
                session_id=session["id"],
                time_precision="date_only",
                movement_id="push-up",
                name="Push-Up",
                reps=8,
                load_kind="bodyweight",
                set_kind="working",
                superset_group="A",
                sequence=2,
            ),
        )["entity"]
>       write(client, cmd("set.save", a["id"], a["version"], sequence=2))

tests/v2/test_revision.py:587: 
_ _ _ _ _ _ _ _ _ _ _ _ _ _ _ _ _ _ _ _ _ _ _ _ _ _ _ _ _ _ _ _ _ _ _ _ _ _ _ _ 

c = <starlette.testclient.TestClient object at 0x10b7a5e80>
command = {'operation_id': 'bbe30379-d355-462b-8c63-da603f9bb131', 'entity_id': '54dfa4af-96c4-43e1-b4a0-25ddd7ae70d4', 'expected_version': 1, 'schema_version': 1, ...}

    def write(c, command):
        r = c.post("/api/v2/commands", json=command)
>       assert r.status_code == 200, r.text
E       AssertionError: {"error":{"code":"validation","message":"Girdi biçimini kontrol et.","details":{"fields":["movement_id","name","session_id"]}}}
E       assert 422 == 200
E        +  where 422 = <Response [422 Unprocessable Entity]>.status_code

tests/v2/test_core.py:20: AssertionError
=============================== warnings summary ===============================
.venv-v2/lib/python3.12/site-packages/fastapi/testclient.py:1
  /Users/caglarcetin/Documents/GitHub/Athlete-Life/.venv-v2/lib/python3.12/site-packages/fastapi/testclient.py:1: StarletteDeprecationWarning: Using `httpx` with `starlette.testclient` is deprecated; install `httpx2` instead.
    from starlette.testclient import TestClient as TestClient  # noqa

.venv-v2/lib/python3.12/site-packages/starlette/testclient.py:53
  /Users/caglarcetin/Documents/GitHub/Athlete-Life/.venv-v2/lib/python3.12/site-packages/starlette/testclient.py:53: DeprecationWarning: The anyio.abc.BlockingPortal alias is deprecated, use anyio.from_thread.BlockingPortal instead.
    _PortalFactoryType = Callable[[], AbstractContextManager[anyio.abc.BlockingPortal]]

-- Docs: https://docs.pytest.org/en/stable/how-to/capture-warnings.html
=========================== short test summary info ============================
FAILED tests/v2/test_revision.py::test_superset_edits_preserve_each_movement_and_actual_quantity
1 failed, 19 passed, 2 warnings in 2.82s
