F
=================================== FAILURES ===================================
_________ test_cutover_preserves_login_archive_media_and_is_resumable __________

app = <fastapi.applications.FastAPI object at 0x10991cec0>

    def test_cutover_preserves_login_archive_media_and_is_resumable(app):
        bundle = source()
        original = copy.deepcopy(bundle)
        result = migrate_account(app.state.database, bundle)
        assert migrate_account(app.state.database, bundle) == result
        assert bundle == original
        client = login(app, "legacy-user", "synthetic-legacy-password")
        assert client.get("/api/v2/auth/me").json()["email"] == "synthetic@example.invalid"
        snap = client.get("/api/v2/bootstrap").json()
>       assert len(snap["media"]) == 1
                   ^^^^^^^^^^^^^
E       KeyError: 'media'

tests/mongodb/test_cutover.py:51: KeyError
=============================== warnings summary ===============================
.venv-v2/lib/python3.12/site-packages/fastapi/testclient.py:1
  /Users/caglarcetin/Documents/GitHub/Athlete-Life/.venv-v2/lib/python3.12/site-packages/fastapi/testclient.py:1: StarletteDeprecationWarning: Using `httpx` with `starlette.testclient` is deprecated; install `httpx2` instead.
    from starlette.testclient import TestClient as TestClient  # noqa

.venv-v2/lib/python3.12/site-packages/starlette/testclient.py:53
  /Users/caglarcetin/Documents/GitHub/Athlete-Life/.venv-v2/lib/python3.12/site-packages/starlette/testclient.py:53: DeprecationWarning: The anyio.abc.BlockingPortal alias is deprecated, use anyio.from_thread.BlockingPortal instead.
    _PortalFactoryType = Callable[[], AbstractContextManager[anyio.abc.BlockingPortal]]

-- Docs: https://docs.pytest.org/en/stable/how-to/capture-warnings.html
=========================== short test summary info ============================
FAILED tests/mongodb/test_cutover.py::test_cutover_preserves_login_archive_media_and_is_resumable
!!!!!!!!!!!!!!!!!!!!!!!!!! stopping after 1 failures !!!!!!!!!!!!!!!!!!!!!!!!!!!
1 failed, 2 warnings in 3.51s
