.............................F.................................          [100%]
=================================== FAILURES ===================================
_______________ test_generated_schema_error_does_not_blame_form ________________

client = <starlette.testclient.TestClient object at 0x10ff32570>
app = <fastapi.applications.FastAPI object at 0x10e764920>
monkeypatch = <_pytest.monkeypatch.MonkeyPatch object at 0x10fef4aa0>

    def test_generated_schema_error_does_not_blame_form(client, app, monkeypatch):
        from alos.programming import ProgramInput
    
        app.state.settings.ai_provider = "evren"
        app.state.settings.evren_api_key = SecretStr("synthetic-key")
        app.state.settings.evren_model = "synthetic-model"
        monkeypatch.setattr(ai, "call_provider", lambda *_: reply(data()))
    
        def invalid(*_args):
            ProgramInput.model_validate({"name": "private-output"})
    
        monkeypatch.setattr(ai, "validate_plan", invalid)
        response = client.post(
            "/api/v2/ai-program-drafts",
            json=data(consent=ai.EVREN_CONSENT).model_dump(mode="json"),
        )
        assert response.status_code == 502
>       assert response.json()["error"]["code"] == "ai_invalid_response"
E       AssertionError: assert 'ai_draft_rejected' == 'ai_invalid_response'
E         
E         - ai_invalid_response
E         + ai_draft_rejected

tests/v2/test_evren_planning.py:267: AssertionError
=============================== warnings summary ===============================
.venv-v2/lib/python3.12/site-packages/fastapi/testclient.py:1
  /Users/caglarcetin/Documents/GitHub/Athlete-Life/.venv-v2/lib/python3.12/site-packages/fastapi/testclient.py:1: StarletteDeprecationWarning: Using `httpx` with `starlette.testclient` is deprecated; install `httpx2` instead.
    from starlette.testclient import TestClient as TestClient  # noqa

.venv-v2/lib/python3.12/site-packages/starlette/testclient.py:53
  /Users/caglarcetin/Documents/GitHub/Athlete-Life/.venv-v2/lib/python3.12/site-packages/starlette/testclient.py:53: DeprecationWarning: The anyio.abc.BlockingPortal alias is deprecated, use anyio.from_thread.BlockingPortal instead.
    _PortalFactoryType = Callable[[], AbstractContextManager[anyio.abc.BlockingPortal]]

-- Docs: https://docs.pytest.org/en/stable/how-to/capture-warnings.html
=========================== short test summary info ============================
FAILED tests/v2/test_evren_planning.py::test_generated_schema_error_does_not_blame_form
1 failed, 62 passed, 2 warnings in 7.89s
