upload {'peak_mib': 291.015625}
download {'peak_mib': 292.90625}
export {'peak_mib': 337.875}
stage {'peak_mib': 463.484375}
restore {'peak_mib': 477.1875}
{"result": "PASS", "model_bytes": 83886176, "hash_matches": true, "bootstrap_bytes": 1070, "backup_bytes": 111852362, "elapsed_seconds": 5.81}
{"phase": "flush", "peak_mib": 153.65625}
{"phase": "flush", "peak_mib": 153.65625}
{"phase": "flush", "peak_mib": 153.65625}
{"phase": "flush", "peak_mib": 153.65625}
{"phase": "flush", "peak_mib": 153.65625}
{"phase": "flush", "peak_mib": 153.65625}
{"phase": "flush", "peak_mib": 153.65625}
{"phase": "flush", "peak_mib": 153.65625}
{"phase": "flush", "peak_mib": 153.65625}
{"phase": "flush", "peak_mib": 153.65625}
{"phase": "flush", "peak_mib": 153.65625}
{"phase": "flush", "peak_mib": 153.65625}
{"phase": "flush", "peak_mib": 153.65625}
{"phase": "flush", "peak_mib": 153.65625}
{"phase": "flush", "peak_mib": 219.453125}
{"phase": "flush", "peak_mib": 291.015625}
{"phase": "flush", "peak_mib": 291.015625}
{"phase": "flush", "peak_mib": 291.015625}
{"phase": "flush", "peak_mib": 291.015625}
{"phase": "flush", "peak_mib": 292.90625}
{"phase": "flush", "peak_mib": 292.90625}
{"phase": "flush", "peak_mib": 292.90625}
{"phase": "flush", "peak_mib": 292.90625}
{"phase": "flush", "peak_mib": 292.90625}
{"phase": "flush", "peak_mib": 292.90625}
{"phase": "flush", "peak_mib": 292.90625}
{"phase": "flush", "peak_mib": 292.90625}
{"phase": "flush", "peak_mib": 292.90625}
{"phase": "flush", "peak_mib": 292.90625}
{"phase": "flush", "peak_mib": 292.90625}
{"phase": "flush", "peak_mib": 292.90625}
{"phase": "flush", "peak_mib": 292.90625}
{"phase": "flush", "peak_mib": 292.90625}
{"phase": "flush", "peak_mib": 292.90625}
{"phase": "flush", "peak_mib": 292.90625}
{"phase": "flush", "peak_mib": 292.90625}
{"phase": "flush", "peak_mib": 292.90625}
{"phase": "flush", "peak_mib": 292.90625}
{"phase": "flush", "peak_mib": 292.90625}
{"phase": "flush", "peak_mib": 292.90625}
{"phase": "flush", "peak_mib": 292.90625}
{"phase": "flush", "peak_mib": 292.90625}
{"phase": "flush", "peak_mib": 292.90625}
{"phase": "flush", "peak_mib": 292.90625}
{"phase": "flush", "peak_mib": 292.90625}
{"phase": "flush", "peak_mib": 292.90625}
{"phase": "flush", "peak_mib": 292.90625}
{"phase": "flush", "peak_mib": 292.90625}
{"phase": "flush", "peak_mib": 292.90625}
{"phase": "flush", "peak_mib": 292.90625}
{"phase": "flush", "peak_mib": 292.90625}
{"phase": "flush", "peak_mib": 292.90625}
{"phase": "flush", "peak_mib": 292.90625}
{"phase": "flush", "peak_mib": 292.90625}
{"phase": "flush", "peak_mib": 292.90625}
{"phase": "flush", "peak_mib": 292.90625}
{"phase": "flush", "peak_mib": 292.90625}
{"phase": "flush", "peak_mib": 337.875}
{"phase": "flush", "peak_mib": 337.875}
{"phase": "flush", "peak_mib": 337.875}
{"phase": "flush", "peak_mib": 337.875}
{"phase": "flush", "peak_mib": 337.875}
{"phase": "flush", "peak_mib": 337.875}
{"phase": "flush", "peak_mib": 337.875}
{"phase": "flush", "peak_mib": 337.875}
{"phase": "flush", "peak_mib": 337.875}
{"phase": "flush", "peak_mib": 337.875}
{"phase": "flush", "peak_mib": 337.875}
{"phase": "flush", "peak_mib": 337.875}
{"phase": "flush", "peak_mib": 337.875}
{"phase": "flush", "peak_mib": 337.875}
{"phase": "flush", "peak_mib": 337.875}
{"phase": "flush", "peak_mib": 337.875}
{"phase": "flush", "peak_mib": 337.875}
{"phase": "flush", "peak_mib": 337.875}
{"phase": "flush", "peak_mib": 337.875}
{"phase": "flush", "peak_mib": 337.875}
{"phase": "flush", "peak_mib": 337.875}
{"phase": "flush", "peak_mib": 337.875}
{"phase": "flush", "peak_mib": 337.875}
{"phase": "flush", "peak_mib": 337.875}
{"phase": "flush", "peak_mib": 337.875}
{"phase": "flush", "peak_mib": 337.875}
{"phase": "flush", "peak_mib": 337.875}
{"phase": "flush", "peak_mib": 337.875}
{"phase": "flush", "peak_mib": 337.875}
{"phase": "flush", "peak_mib": 337.875}
{"phase": "rfc_checksum", "peak_mib": 337.875}
{"phase": "flush", "peak_mib": 337.875}
{"phase": "flush", "peak_mib": 337.875}
{"phase": "flush", "peak_mib": 337.875}
{"phase": "flush", "peak_mib": 337.875}
{"phase": "flush", "peak_mib": 337.875}
{"phase": "flush", "peak_mib": 337.875}
{"phase": "flush", "peak_mib": 337.875}
{"phase": "flush", "peak_mib": 337.875}
{"phase": "flush", "peak_mib": 337.875}
{"phase": "flush", "peak_mib": 337.875}
{"phase": "flush", "peak_mib": 337.875}
{"phase": "flush", "peak_mib": 337.875}
{"phase": "rfc_checksum", "peak_mib": 351.78125}
{"phase": "preview", "peak_mib": 351.78125}
{"phase": "digest_of", "peak_mib": 351.78125}
{"phase": "flush", "peak_mib": 356.328125}
{"phase": "flush", "peak_mib": 463.484375}
{"phase": "flush", "peak_mib": 463.484375}
{"phase": "flush", "peak_mib": 463.484375}
{"phase": "flush", "peak_mib": 463.484375}
{"phase": "rfc_checksum", "peak_mib": 463.484375}
{"phase": "rfc_checksum", "peak_mib": 463.484375}
{"phase": "flush", "peak_mib": 463.484375}
{"phase": "flush", "peak_mib": 463.484375}
{"phase": "flush", "peak_mib": 463.484375}
{"phase": "flush", "peak_mib": 463.484375}
{"phase": "flush", "peak_mib": 463.484375}
{"phase": "flush", "peak_mib": 463.484375}
{"phase": "flush", "peak_mib": 463.484375}
{"phase": "flush", "peak_mib": 463.484375}
{"phase": "flush", "peak_mib": 463.484375}
{"phase": "flush", "peak_mib": 463.484375}
{"phase": "flush", "peak_mib": 463.484375}
{"phase": "flush", "peak_mib": 463.484375}
{"phase": "flush", "peak_mib": 463.484375}
{"phase": "flush", "peak_mib": 463.484375}
{"phase": "flush", "peak_mib": 463.484375}
{"phase": "flush", "peak_mib": 463.484375}
{"phase": "flush", "peak_mib": 463.484375}
{"phase": "flush", "peak_mib": 463.484375}
{"phase": "flush", "peak_mib": 463.484375}
{"phase": "flush", "peak_mib": 463.484375}
{"phase": "flush", "peak_mib": 463.484375}
{"phase": "flush", "peak_mib": 463.484375}
{"phase": "flush", "peak_mib": 463.484375}
{"phase": "flush", "peak_mib": 463.484375}
{"phase": "flush", "peak_mib": 463.484375}
{"phase": "flush", "peak_mib": 463.484375}
{"phase": "flush", "peak_mib": 463.484375}
{"phase": "flush", "peak_mib": 463.484375}
{"phase": "flush", "peak_mib": 463.484375}
{"phase": "flush", "peak_mib": 463.484375}
{"phase": "flush", "peak_mib": 463.484375}
{"phase": "flush", "peak_mib": 477.1875}
{"phase": "flush", "peak_mib": 477.1875}
{"phase": "flush", "peak_mib": 477.1875}
{"phase": "flush", "peak_mib": 477.1875}
{"phase": "flush", "peak_mib": 477.1875}
{"server_peak_mib": 477.1875}

